Archive member included to satisfy reference by file (symbol)

c:/program files (x86)/atmel/studio/7.0/toolchain/arm/arm-gnu-toolchain/bin/../lib/gcc/arm-none-eabi/6.3.1/../../../../arm-none-eabi/lib/thumb/v7-m\libm.a(lib_a-s_round.o)
                              src/tasks/regulator.o (round)
c:/program files (x86)/atmel/studio/7.0/toolchain/arm/arm-gnu-toolchain/bin/../lib/gcc/arm-none-eabi/6.3.1/../../../../arm-none-eabi/lib/thumb/v7-m\libm.a(lib_a-w_atan2.o)
                              src/navigation.o (atan2)
c:/program files (x86)/atmel/studio/7.0/toolchain/arm/arm-gnu-toolchain/bin/../lib/gcc/arm-none-eabi/6.3.1/../../../../arm-none-eabi/lib/thumb/v7-m\libm.a(lib_a-w_sqrt.o)
                              src/navigation.o (sqrt)
c:/program files (x86)/atmel/studio/7.0/toolchain/arm/arm-gnu-toolchain/bin/../lib/gcc/arm-none-eabi/6.3.1/../../../../arm-none-eabi/lib/thumb/v7-m\libm.a(lib_a-e_atan2.o)
                              c:/program files (x86)/atmel/studio/7.0/toolchain/arm/arm-gnu-toolchain/bin/../lib/gcc/arm-none-eabi/6.3.1/../../../../arm-none-eabi/lib/thumb/v7-m\libm.a(lib_a-w_atan2.o) (__ieee754_atan2)
c:/program files (x86)/atmel/studio/7.0/toolchain/arm/arm-gnu-toolchain/bin/../lib/gcc/arm-none-eabi/6.3.1/../../../../arm-none-eabi/lib/thumb/v7-m\libm.a(lib_a-e_sqrt.o)
                              c:/program files (x86)/atmel/studio/7.0/toolchain/arm/arm-gnu-toolchain/bin/../lib/gcc/arm-none-eabi/6.3.1/../../../../arm-none-eabi/lib/thumb/v7-m\libm.a(lib_a-w_sqrt.o) (__ieee754_sqrt)
c:/program files (x86)/atmel/studio/7.0/toolchain/arm/arm-gnu-toolchain/bin/../lib/gcc/arm-none-eabi/6.3.1/../../../../arm-none-eabi/lib/thumb/v7-m\libm.a(lib_a-s_atan.o)
                              c:/program files (x86)/atmel/studio/7.0/toolchain/arm/arm-gnu-toolchain/bin/../lib/gcc/arm-none-eabi/6.3.1/../../../../arm-none-eabi/lib/thumb/v7-m\libm.a(lib_a-e_atan2.o) (atan)
c:/program files (x86)/atmel/studio/7.0/toolchain/arm/arm-gnu-toolchain/bin/../lib/gcc/arm-none-eabi/6.3.1/../../../../arm-none-eabi/lib/thumb/v7-m\libm.a(lib_a-s_fabs.o)
                              c:/program files (x86)/atmel/studio/7.0/toolchain/arm/arm-gnu-toolchain/bin/../lib/gcc/arm-none-eabi/6.3.1/../../../../arm-none-eabi/lib/thumb/v7-m\libm.a(lib_a-e_atan2.o) (fabs)
c:/program files (x86)/atmel/studio/7.0/toolchain/arm/arm-gnu-toolchain/bin/../lib/gcc/arm-none-eabi/6.3.1/../../../../arm-none-eabi/lib/thumb/v7-m\libm.a(lib_a-s_lib_ver.o)
                              c:/program files (x86)/atmel/studio/7.0/toolchain/arm/arm-gnu-toolchain/bin/../lib/gcc/arm-none-eabi/6.3.1/../../../../arm-none-eabi/lib/thumb/v7-m\libm.a(lib_a-w_sqrt.o) (__fdlib_version)
c:/program files (x86)/atmel/studio/7.0/toolchain/arm/arm-gnu-toolchain/bin/../lib/gcc/arm-none-eabi/6.3.1/../../../../arm-none-eabi/lib/thumb/v7-m\libm.a(lib_a-s_matherr.o)
                              c:/program files (x86)/atmel/studio/7.0/toolchain/arm/arm-gnu-toolchain/bin/../lib/gcc/arm-none-eabi/6.3.1/../../../../arm-none-eabi/lib/thumb/v7-m\libm.a(lib_a-w_sqrt.o) (matherr)
c:/program files (x86)/atmel/studio/7.0/toolchain/arm/arm-gnu-toolchain/bin/../lib/gcc/arm-none-eabi/6.3.1/thumb/v7-m\libgcc.a(_arm_addsubdf3.o)
                              src/tasks/controlCenter.o (__aeabi_dsub)
c:/program files (x86)/atmel/studio/7.0/toolchain/arm/arm-gnu-toolchain/bin/../lib/gcc/arm-none-eabi/6.3.1/thumb/v7-m\libgcc.a(_arm_muldivdf3.o)
                              src/navigation.o (__aeabi_dmul)
c:/program files (x86)/atmel/studio/7.0/toolchain/arm/arm-gnu-toolchain/bin/../lib/gcc/arm-none-eabi/6.3.1/thumb/v7-m\libgcc.a(_arm_cmpdf2.o)
                              c:/program files (x86)/atmel/studio/7.0/toolchain/arm/arm-gnu-toolchain/bin/../lib/gcc/arm-none-eabi/6.3.1/../../../../arm-none-eabi/lib/thumb/v7-m\libm.a(lib_a-w_sqrt.o) (__aeabi_dcmplt)
c:/program files (x86)/atmel/studio/7.0/toolchain/arm/arm-gnu-toolchain/bin/../lib/gcc/arm-none-eabi/6.3.1/thumb/v7-m\libgcc.a(_arm_unorddf2.o)
                              c:/program files (x86)/atmel/studio/7.0/toolchain/arm/arm-gnu-toolchain/bin/../lib/gcc/arm-none-eabi/6.3.1/../../../../arm-none-eabi/lib/thumb/v7-m\libm.a(lib_a-w_sqrt.o) (__aeabi_dcmpun)
c:/program files (x86)/atmel/studio/7.0/toolchain/arm/arm-gnu-toolchain/bin/../lib/gcc/arm-none-eabi/6.3.1/thumb/v7-m\libgcc.a(_arm_fixdfsi.o)
                              src/navigation.o (__aeabi_d2iz)
c:/program files (x86)/atmel/studio/7.0/toolchain/arm/arm-gnu-toolchain/bin/../lib/gcc/arm-none-eabi/6.3.1/thumb/v7-m\libgcc.a(_arm_truncdfsf2.o)
                              src/tasks/controlCenter.o (__aeabi_d2f)
c:/program files (x86)/atmel/studio/7.0/toolchain/arm/arm-gnu-toolchain/bin/../lib/gcc/arm-none-eabi/6.3.1/thumb/v7-m\libgcc.a(_arm_addsubsf3.o)
                              src/navigation.o (__aeabi_fsub)
c:/program files (x86)/atmel/studio/7.0/toolchain/arm/arm-gnu-toolchain/bin/../lib/gcc/arm-none-eabi/6.3.1/thumb/v7-m\libgcc.a(_arm_muldivsf3.o)
[...]
Memory Configuration

Name             Origin             Length             Attributes
rom              0x00080000         0x00080000         xr
sram0            0x20000000         0x00010000         xrw
sram1            0x20080000         0x00008000         xrw
ram              0x20070000         0x00018000         xrw
*default*        0x00000000         0xffffffff

Linker script and memory map

LOAD c:/program files (x86)/atmel/studio/7.0/toolchain/arm/arm-gnu-toolchain/bin/../lib/gcc/arm-none-eabi/6.3.1/thumb/v7-m/crti.o
LOAD c:/program files (x86)/atmel/studio/7.0/toolchain/arm/arm-gnu-toolchain/bin/../lib/gcc/arm-none-eabi/6.3.1/thumb/v7-m/crtbegin.o
LOAD c:/program files (x86)/atmel/studio/7.0/toolchain/arm/arm-gnu-toolchain/bin/../lib/gcc/arm-none-eabi/6.3.1/../../../../arm-none-eabi/lib/thumb/v7-m/crt0.o
LOAD src/debuggingLEDS.o
LOAD src/navigation.o
LOAD src/tasks/controlCenter.o
LOAD src/tasks/position.o
LOAD src/tasks/regulator.o
LOAD src/ASF/common/services/delay/sam/cycle_counter.o
LOAD src/ASF/sam/drivers/pwm/pwm.o
LOAD src/ASF/sam/drivers/twi/twi.o
LOAD src/encoderISR.o
LOAD src/I2C/I2CFunctions.o
LOAD src/motorController.o
LOAD src/ASF/common/services/serial/usart_serial.o
LOAD src/ASF/common/utils/stdio/read.o
LOAD src/ASF/common/utils/stdio/write.o
LOAD src/ASF/sam/drivers/uart/uart.o
LOAD src/ASF/sam/drivers/usart/usart.o
LOAD src/ASF/thirdparty/freertos/freertos-7.3.0/source/FreeRTOS_CLI.o
LOAD src/initializations/main_init.o
LOAD src/ASF/thirdparty/freertos/freertos-7.3.0/source/list.o
LOAD src/ASF/thirdparty/freertos/freertos-7.3.0/source/portable/gcc/sam/port.o
LOAD src/ASF/thirdparty/freertos/freertos-7.3.0/source/portable/memmang/heap_4.o
LOAD src/ASF/thirdparty/freertos/freertos-7.3.0/source/queue.o
LOAD src/ASF/thirdparty/freertos/freertos-7.3.0/source/tasks.o
LOAD src/ASF/thirdparty/freertos/freertos-7.3.0/source/timers.o
LOAD src/ASF/common/services/clock/sam3x/sysclk.o
LOAD src/ASF/common/utils/interrupt/interrupt_sam_nvic.o
LOAD src/ASF/sam/boards/arduino_due_x/init.o
LOAD src/ASF/sam/drivers/pio/pio.o
LOAD src/ASF/sam/drivers/pio/pio_handler.o
LOAD src/ASF/sam/drivers/pmc/pmc.o
LOAD src/ASF/sam/drivers/pmc/sleep.o
LOAD src/ASF/sam/utils/cmsis/sam3x/source/templates/exceptions.o
LOAD src/ASF/sam/utils/cmsis/sam3x/source/templates/gcc/startup_sam3x.o
LOAD src/ASF/sam/utils/cmsis/sam3x/source/templates/system_sam3x.o
LOAD src/ASF/sam/utils/syscalls/gcc/syscalls.o
LOAD src/main.o
START GROUP
LOAD ../src/ASF/thirdparty/CMSIS/Lib/GCC\libarm_cortexM3l_math.a
LOAD c:/program files (x86)/atmel/studio/7.0/toolchain/arm/arm-gnu-toolchain/bin/../lib/gcc/arm-none-eabi/6.3.1/../../../../arm-none-eabi/lib/thumb/v7-m\libm.a
END GROUP
START GROUP
LOAD c:/program files (x86)/atmel/studio/7.0/toolchain/arm/arm-gnu-toolchain/bin/../lib/gcc/arm-none-eabi/6.3.1/thumb/v7-m\libgcc.a
LOAD c:/program files (x86)/atmel/studio/7.0/toolchain/arm/arm-gnu-toolchain/bin/../lib/gcc/arm-none-eabi/6.3.1/../../../../arm-none-eabi/lib/thumb/v7-m\libc.a
END GROUP
LOAD c:/program files (x86)/atmel/studio/7.0/toolchain/arm/arm-gnu-toolchain/bin/../lib/gcc/arm-none-eabi/6.3.1/thumb/v7-m/crtend.o
LOAD c:/program files (x86)/atmel/studio/7.0/toolchain/arm/arm-gnu-toolchain/bin/../lib/gcc/arm-none-eabi/6.3.1/thumb/v7-m/crtn.o
                0x00002000                __stack_size__ = DEFINED (__stack_size__)?__stack_size__:0x2000
                0x20087ffc                __ram_end__ = ((ORIGIN (ram) + LENGTH (ram)) - 0x4)

.text           0x00080000     0x86cc
                0x00080000                . = ALIGN (0x4)
                0x00080000                _sfixed = .
 *(.vectors .vectors.*)
 .vectors       0x00080000       0xf4 src/ASF/sam/utils/cmsis/sam3x/source/templates/gcc/startup_sam3x.o
                0x00080000                exception_table
 *(.text .text.* .gnu.linkonce.t.*)
 .text          0x000800f4       0x6c c:/program files (x86)/atmel/studio/7.0/toolchain/arm/arm-gnu-toolchain/bin/../lib/gcc/arm-none-eabi/6.3.1/thumb/v7-m/crtbegin.o
 .text.binaryLEDS
                0x00080160       0xfc src/debuggingLEDS.o
                0x00080160                binaryLEDS
 .text.setDesiredSpeed
                0x0008025c       0x14 src/navigation.o
                0x0008025c                setDesiredSpeed
 .text.getDesiredSpeedLeft
                0x00080270        0xc src/navigation.o
                0x00080270                getDesiredSpeedLeft
 .text.getDesiredSpeedRight
                0x0008027c        0xc src/navigation.o
                0x0008027c                getDesiredSpeedRight
 .text.driveCm  0x00080288       0x5c src/navigation.o
                0x00080288                driveCm
 .text.rotate   0x000802e4       0x88 src/navigation.o
                0x000802e4                rotate
 *fill*         0x0008036c        0x4 
 .text.getAngle
                0x00080370       0x68 src/navigation.o
                0x00080370                getAngle
 .text.angleCorrection
                0x000803d8       0x7c src/navigation.o
                0x000803d8                angleCorrection
 .text.controlCenter
                0x00080454      0x414 src/tasks/controlCenter.o
                0x00080454                controlCenter
 .text.position
                0x00080868       0xbc src/tasks/position.o
                0x00080868                position
 .text.setExtension
                0x00080924        0xc src/tasks/position.o
                0x00080924                setExtension
 .text.getPickupX
                0x00080930        0xc src/tasks/position.o
                0x00080930                getPickupX
 .text.getPickupY
                0x0008093c        0xc src/tasks/position.o
                0x0008093c                getPickupY
 .text.getPositionX
                0x00080948        0xc src/tasks/position.o
                0x00080948                getPositionX
 .text.getPositionY
                0x00080954        0xc src/tasks/position.o
                0x00080954                getPositionY
 .text.getDisposalX
                0x00080960        0xc src/tasks/position.o
                0x00080960                getDisposalX
 .text.getDisposalY
                0x0008096c        0xc src/tasks/position.o
                0x0008096c                getDisposalY
 .text.regulator
                0x00080978      0x7d0 src/tasks/regulator.o
                0x00080978                regulator
 .text.getDisplacementLeft
                0x00081148       0x24 src/tasks/regulator.o
                0x00081148                getDisplacementLeft
 .text.getDisplacementRight
                0x0008116c       0x24 src/tasks/regulator.o
                0x0008116c                getDisplacementRight
 .text.getDisplacementAverage
                0x00081190       0x30 src/tasks/regulator.o
                0x00081190                getDisplacementAverage
 .text.getChangeInAngle
                0x000811c0       0x58 src/tasks/regulator.o
                0x000811c0                getChangeInAngle
 .text.pwm_clocks_generate
                0x00081218       0x4c src/ASF/sam/drivers/pwm/pwm.o
 .text.pwm_init
                0x00081264       0x44 src/ASF/sam/drivers/pwm/pwm.o
                0x00081264                pwm_init
 .text.pwm_channel_init
                0x000812a8       0xf4 src/ASF/sam/drivers/pwm/pwm.o
                0x000812a8                pwm_channel_init
 .text.pwm_channel_enable
                0x0008139c        0xa src/ASF/sam/drivers/pwm/pwm.o
                0x0008139c                pwm_channel_enable
 .text.pwm_channel_disable
                0x000813a6        0xa src/ASF/sam/drivers/pwm/pwm.o
                0x000813a6                pwm_channel_disable
 .text.twi_set_speed
                0x000813b0       0x94 src/ASF/sam/drivers/twi/twi.o
                0x000813b0                twi_set_speed
 .text.twi_master_init
                0x00081444       0x40 src/ASF/sam/drivers/twi/twi.o
                0x00081444                twi_master_init
 .text.twi_mk_addr
                0x00081484       0x20 src/ASF/sam/drivers/twi/twi.o
                0x00081484                twi_mk_addr
 .text.twi_master_read
                0x000814a4       0x98 src/ASF/sam/drivers/twi/twi.o
                0x000814a4                twi_master_read
 .text.twi_master_write
                0x0008153c       0x6c src/ASF/sam/drivers/twi/twi.o
                0x0008153c                twi_master_write
 .text.rightEncoderAISR
                0x000815a8       0x6c src/encoderISR.o
                0x000815a8                rightEncoderAISR
 .text.rightEncoderBISR
                0x00081614       0x6c src/encoderISR.o
                0x00081614                rightEncoderBISR
 .text.leftEncoderAISR
                0x00081680       0x6c src/encoderISR.o
                0x00081680                leftEncoderAISR
 .text.leftEncoderBISR
                0x000816ec       0x6c src/encoderISR.o
                0x000816ec                leftEncoderBISR
 .text.resetCounter
                0x00081758       0x24 src/encoderISR.o
                0x00081758                resetCounter
 .text.getLeftPulses
                0x0008177c       0x14 src/encoderISR.o
                0x0008177c                getLeftPulses
 .text.getRightPulses
                0x00081790       0x14 src/encoderISR.o
                0x00081790                getRightPulses
 .text.init_twi
                0x000817a4       0x40 src/I2C/I2CFunctions.o
                0x000817a4                init_twi
 .text.send_package
                0x000817e4       0x6c src/I2C/I2CFunctions.o
                0x000817e4                send_package
 .text.read_package
                0x00081850       0x2c src/I2C/I2CFunctions.o
                0x00081850                read_package
 .text.testDriveL
                0x0008187c      0x118 src/motorController.o
                0x0008187c                testDriveL
 .text.testDriveR
                0x00081994      0x104 src/motorController.o
                0x00081994                testDriveR
 .text.drive    0x00081a98       0x1c src/motorController.o
                0x00081a98                drive
 .text.getSetLeftSpeed
                0x00081ab4        0xc src/motorController.o
                0x00081ab4                getSetLeftSpeed
 .text.getSetRightSpeed
                0x00081ac0        0xc src/motorController.o
                0x00081ac0                getSetRightSpeed
 .text.getSetLeftDirection
                0x00081acc       0x34 src/motorController.o
                0x00081acc                getSetLeftDirection
 .text.getSetRightDirection
                0x00081b00       0x34 src/motorController.o
                0x00081b00                getSetRightDirection
 .text._read    0x00081b34       0x40 src/ASF/common/utils/stdio/read.o
                0x00081b34                _read
 .text._write   0x00081b74       0x44 src/ASF/common/utils/stdio/write.o
                0x00081b74                _write
 .text.uart_init
                0x00081bb8       0x34 src/ASF/sam/drivers/uart/uart.o
                0x00081bb8                uart_init
 .text.uart_write
                0x00081bec        0xe src/ASF/sam/drivers/uart/uart.o
                0x00081bec                uart_write
 .text.uart_read
                0x00081bfa       0x10 src/ASF/sam/drivers/uart/uart.o
                0x00081bfa                uart_read
 .text.usart_write
                0x00081c0a       0x12 src/ASF/sam/drivers/usart/usart.o
                0x00081c0a                usart_write
 .text.usart_read
                0x00081c1c       0x16 src/ASF/sam/drivers/usart/usart.o
                0x00081c1c                usart_read
 *fill*         0x00081c32        0x2 
 .text.usart_serial_getchar
                0x00081c34       0x90 src/initializations/main_init.o
 .text.usart_serial_putchar
                0x00081cc4       0x8c src/initializations/main_init.o
 .text.rtos_init
                0x00081d50       0x70 src/initializations/main_init.o
                0x00081d50                rtos_init
 .text.console_init
                0x00081dc0       0x94 src/initializations/main_init.o
                0x00081dc0                console_init
 .text.interrupt_init
                0x00081e54       0xc8 src/initializations/main_init.o
                0x00081e54                interrupt_init
 .text.misc_init
                0x00081f1c       0xe8 src/initializations/main_init.o
                0x00081f1c                misc_init
 .text.vListInitialise
                0x00082004       0x16 src/ASF/thirdparty/freertos/freertos-7.3.0/source/list.o
                0x00082004                vListInitialise
 .text.vListInitialiseItem
                0x0008201a        0x6 src/ASF/thirdparty/freertos/freertos-7.3.0/source/list.o
                0x0008201a                vListInitialiseItem
 .text.vListInsertEnd
                0x00082020       0x1c src/ASF/thirdparty/freertos/freertos-7.3.0/source/list.o
                0x00082020                vListInsertEnd
 .text.vListInsert
                0x0008203c       0x2e src/ASF/thirdparty/freertos/freertos-7.3.0/source/list.o
                0x0008203c                vListInsert
 .text.uxListRemove
                0x0008206a       0x26 src/ASF/thirdparty/freertos/freertos-7.3.0/source/list.o
                0x0008206a                uxListRemove
 .text.prvPortStartFirstTask
                0x00082090       0x14 src/ASF/thirdparty/freertos/freertos-7.3.0/source/portable/gcc/sam/port.o
 .text.pxPortInitialiseStack
                0x000820a4       0x16 src/ASF/thirdparty/freertos/freertos-7.3.0/source/portable/gcc/sam/port.o
                0x000820a4                pxPortInitialiseStack
 *fill*         0x000820ba        0x2 
 .text.SVC_Handler
                0x000820bc       0x20 src/ASF/thirdparty/freertos/freertos-7.3.0/source/portable/gcc/sam/port.o
                0x000820bc                SVC_Handler
 .text.vPortYieldFromISR
                0x000820dc       0x10 src/ASF/thirdparty/freertos/freertos-7.3.0/source/portable/gcc/sam/port.o
                0x000820dc                vPortYieldFromISR
 .text.ulPortSetInterruptMask
                0x000820ec       0x10 src/ASF/thirdparty/freertos/freertos-7.3.0/source/portable/gcc/sam/port.o
                0x000820ec                ulPortSetInterruptMask
 .text.vPortEnterCritical
                0x000820fc       0x18 src/ASF/thirdparty/freertos/freertos-7.3.0/source/portable/gcc/sam/port.o
                0x000820fc                vPortEnterCritical
 .text.vPortClearInterruptMask
                0x00082114        0x6 src/ASF/thirdparty/freertos/freertos-7.3.0/source/portable/gcc/sam/port.o
                0x00082114                vPortClearInterruptMask
 *fill*         0x0008211a        0x2 
 .text.vPortExitCritical
                0x0008211c       0x18 src/ASF/thirdparty/freertos/freertos-7.3.0/source/portable/gcc/sam/port.o
                0x0008211c                vPortExitCritical
 .text.PendSV_Handler
                0x00082134       0x3c src/ASF/thirdparty/freertos/freertos-7.3.0/source/portable/gcc/sam/port.o
                0x00082134                PendSV_Handler
 .text.SysTick_Handler
                0x00082170       0x2c src/ASF/thirdparty/freertos/freertos-7.3.0/source/portable/gcc/sam/port.o
                0x00082170                SysTick_Handler
 .text.vPortSetupTimerInterrupt
                0x0008219c       0x18 src/ASF/thirdparty/freertos/freertos-7.3.0/source/portable/gcc/sam/port.o
                0x0008219c                vPortSetupTimerInterrupt
 .text.xPortStartScheduler
                0x000821b4       0x34 src/ASF/thirdparty/freertos/freertos-7.3.0/source/portable/gcc/sam/port.o
                0x000821b4                xPortStartScheduler
 .text.prvInsertBlockIntoFreeList
                0x000821e8       0x4c src/ASF/thirdparty/freertos/freertos-7.3.0/source/portable/memmang/heap_4.o
 .text.pvPortMalloc
                0x00082234       0xb8 src/ASF/thirdparty/freertos/freertos-7.3.0/source/portable/memmang/heap_4.o
                0x00082234                pvPortMalloc
 .text.vPortFree
                0x000822ec       0x38 src/ASF/thirdparty/freertos/freertos-7.3.0/source/portable/memmang/heap_4.o
                0x000822ec                vPortFree
 .text.prvCopyDataToQueue
                0x00082324       0x60 src/ASF/thirdparty/freertos/freertos-7.3.0/source/queue.o
 .text.prvCopyDataFromQueue
                0x00082384       0x2c src/ASF/thirdparty/freertos/freertos-7.3.0/source/queue.o
 .text.prvUnlockQueue
                0x000823b0       0x80 src/ASF/thirdparty/freertos/freertos-7.3.0/source/queue.o
 .text.xQueueGenericReset
                0x00082430       0x7c src/ASF/thirdparty/freertos/freertos-7.3.0/source/queue.o
                0x00082430                xQueueGenericReset
 .text.xQueueGenericCreate
                0x000824ac       0x58 src/ASF/thirdparty/freertos/freertos-7.3.0/source/queue.o
                0x000824ac                xQueueGenericCreate
 .text.xQueueGenericSend
                0x00082504      0x11c src/ASF/thirdparty/freertos/freertos-7.3.0/source/queue.o
                0x00082504                xQueueGenericSend
 .text.xQueueGenericSendFromISR
                0x00082620       0x84 src/ASF/thirdparty/freertos/freertos-7.3.0/source/queue.o
                0x00082620                xQueueGenericSendFromISR
 .text.xQueueGenericReceive
                0x000826a4      0x154 src/ASF/thirdparty/freertos/freertos-7.3.0/source/queue.o
                0x000826a4                xQueueGenericReceive
 .text.vQueueWaitForMessageRestricted
                0x000827f8       0x4c src/ASF/thirdparty/freertos/freertos-7.3.0/source/queue.o
                0x000827f8                vQueueWaitForMessageRestricted
 .text.prvAddCurrentTaskToDelayedList
                0x00082844       0x50 src/ASF/thirdparty/freertos/freertos-7.3.0/source/tasks.o
 .text.xTaskGenericCreate
                0x00082894      0x1f0 src/ASF/thirdparty/freertos/freertos-7.3.0/source/tasks.o
                0x00082894                xTaskGenericCreate
 .text.vTaskStartScheduler
                0x00082a84       0x70 src/ASF/thirdparty/freertos/freertos-7.3.0/source/tasks.o
                0x00082a84                vTaskStartScheduler
 .text.vTaskSuspendAll
                0x00082af4       0x10 src/ASF/thirdparty/freertos/freertos-7.3.0/source/tasks.o
                0x00082af4                vTaskSuspendAll
 .text.xTaskGetTickCount
                0x00082b04       0x20 src/ASF/thirdparty/freertos/freertos-7.3.0/source/tasks.o
                0x00082b04                xTaskGetTickCount
 .text.xTaskGetTickCountFromISR
                0x00082b24       0x20 src/ASF/thirdparty/freertos/freertos-7.3.0/source/tasks.o
                0x00082b24                xTaskGetTickCountFromISR
 .text.vTaskIncrementTick
                0x00082b44       0xf4 src/ASF/thirdparty/freertos/freertos-7.3.0/source/tasks.o
                0x00082b44                vTaskIncrementTick
 .text.xTaskResumeAll
                0x00082c38       0xf0 src/ASF/thirdparty/freertos/freertos-7.3.0/source/tasks.o
                0x00082c38                xTaskResumeAll
 .text.vTaskDelayUntil
                0x00082d28       0x84 src/ASF/thirdparty/freertos/freertos-7.3.0/source/tasks.o
                0x00082d28                vTaskDelayUntil
 .text.prvIdleTask
                0x00082dac       0x80 src/ASF/thirdparty/freertos/freertos-7.3.0/source/tasks.o
 .text.vTaskSwitchContext
                0x00082e2c       0x74 src/ASF/thirdparty/freertos/freertos-7.3.0/source/tasks.o
                0x00082e2c                vTaskSwitchContext
 .text.vTaskPlaceOnEventList
                0x00082ea0       0x60 src/ASF/thirdparty/freertos/freertos-7.3.0/source/tasks.o
                0x00082ea0                vTaskPlaceOnEventList
 .text.vTaskPlaceOnEventListRestricted
                0x00082f00       0x48 src/ASF/thirdparty/freertos/freertos-7.3.0/source/tasks.o
                0x00082f00                vTaskPlaceOnEventListRestricted
 .text.xTaskRemoveFromEventList
                0x00082f48       0x78 src/ASF/thirdparty/freertos/freertos-7.3.0/source/tasks.o
                0x00082f48                xTaskRemoveFromEventList
 .text.vTaskSetTimeOutState
                0x00082fc0       0x28 src/ASF/thirdparty/freertos/freertos-7.3.0/source/tasks.o
                0x00082fc0                vTaskSetTimeOutState
 .text.xTaskCheckForTimeOut
                0x00082fe8       0x74 src/ASF/thirdparty/freertos/freertos-7.3.0/source/tasks.o
                0x00082fe8                xTaskCheckForTimeOut
 .text.vTaskMissedYield
                0x0008305c        0xc src/ASF/thirdparty/freertos/freertos-7.3.0/source/tasks.o
                0x0008305c                vTaskMissedYield
 .text.xTaskGetCurrentTaskHandle
                0x00083068        0xc src/ASF/thirdparty/freertos/freertos-7.3.0/source/tasks.o
                0x00083068                xTaskGetCurrentTaskHandle
 .text.xTaskGetSchedulerState
                0x00083074       0x1c src/ASF/thirdparty/freertos/freertos-7.3.0/source/tasks.o
                0x00083074                xTaskGetSchedulerState
 .text.vTaskPriorityInherit
                0x00083090       0x74 src/ASF/thirdparty/freertos/freertos-7.3.0/source/tasks.o
                0x00083090                vTaskPriorityInherit
 .text.vTaskPriorityDisinherit
                0x00083104       0x50 src/ASF/thirdparty/freertos/freertos-7.3.0/source/tasks.o
                0x00083104                vTaskPriorityDisinherit
 .text.prvCheckForValidListAndQueue
                0x00083154       0x60 src/ASF/thirdparty/freertos/freertos-7.3.0/source/timers.o
 .text.prvInsertTimerInActiveList
                0x000831b4       0x40 src/ASF/thirdparty/freertos/freertos-7.3.0/source/timers.o
 .text.xTimerCreateTimerTask
                0x000831f4       0x4c src/ASF/thirdparty/freertos/freertos-7.3.0/source/timers.o
                0x000831f4                xTimerCreateTimerTask
 .text.xTimerGenericCommand
                0x00083240       0x4c src/ASF/thirdparty/freertos/freertos-7.3.0/source/timers.o
                0x00083240                xTimerGenericCommand
 .text.prvSwitchTimerLists.isra.1
                0x0008328c       0x80 src/ASF/thirdparty/freertos/freertos-7.3.0/source/timers.o
 .text.prvTimerTask
                0x0008330c      0x198 src/ASF/thirdparty/freertos/freertos-7.3.0/source/timers.o
 .text.sysclk_init
                0x000834a4       0x68 src/ASF/common/services/clock/sam3x/sysclk.o
                0x000834a4                sysclk_init
 .text.board_init
                0x0008350c       0x84 src/ASF/sam/boards/arduino_due_x/init.o
                0x0008350c                board_init
 .text.pio_set_peripheral
                0x00083590       0x3e src/ASF/sam/drivers/pio/pio.o
                0x00083590                pio_set_peripheral
 .text.pio_set_input
                0x000835ce       0x2c src/ASF/sam/drivers/pio/pio.o
                0x000835ce                pio_set_input
 .text.pio_set_output
                0x000835fa       0x24 src/ASF/sam/drivers/pio/pio.o
                0x000835fa                pio_set_output
 .text.pio_enable_interrupt
                0x0008361e        0x4 src/ASF/sam/drivers/pio/pio.o
                0x0008361e                pio_enable_interrupt
 .text.pio_get_interrupt_status
                0x00083622        0x4 src/ASF/sam/drivers/pio/pio.o
                0x00083622                pio_get_interrupt_status
 .text.pio_get_interrupt_mask
                0x00083626        0x4 src/ASF/sam/drivers/pio/pio.o
                0x00083626                pio_get_interrupt_mask
 .text.pio_set_additional_interrupt_mode
                0x0008362a       0x28 src/ASF/sam/drivers/pio/pio.o
                0x0008362a                pio_set_additional_interrupt_mode
 *fill*         0x00083652        0x2 
 .text.pio_configure_interrupt
                0x00083654        0x8 src/ASF/sam/drivers/pio/pio.o
                0x00083654                pio_configure_interrupt
 .text.pio_configure_pin
                0x0008365c       0xc4 src/ASF/sam/drivers/pio/pio.o
                0x0008365c                pio_configure_pin
 .text.pio_configure_pin_group
                0x00083720       0x84 src/ASF/sam/drivers/pio/pio.o
                0x00083720                pio_configure_pin_group
 .text.pio_handler_process
                0x000837a4       0x4c src/ASF/sam/drivers/pio/pio_handler.o
                0x000837a4                pio_handler_process
 .text.pio_handler_set
                0x000837f0       0x6c src/ASF/sam/drivers/pio/pio_handler.o
                0x000837f0                pio_handler_set
 .text.PIOA_Handler
                0x0008385c       0x10 src/ASF/sam/drivers/pio/pio_handler.o
                0x0008385c                PIOA_Handler
 .text.PIOB_Handler
                0x0008386c       0x10 src/ASF/sam/drivers/pio/pio_handler.o
                0x0008386c                PIOB_Handler
 .text.PIOC_Handler
                0x0008387c       0x10 src/ASF/sam/drivers/pio/pio_handler.o
                0x0008387c                PIOC_Handler
 .text.PIOD_Handler
                0x0008388c       0x10 src/ASF/sam/drivers/pio/pio_handler.o
                0x0008388c                PIOD_Handler
 .text.pmc_switch_mck_to_pllack
                0x0008389c       0x44 src/ASF/sam/drivers/pmc/pmc.o
                0x0008389c                pmc_switch_mck_to_pllack
 .text.pmc_switch_mainck_to_xtal
                0x000838e0       0x48 src/ASF/sam/drivers/pmc/pmc.o
                0x000838e0                pmc_switch_mainck_to_xtal
 .text.pmc_osc_is_ready_mainck
                0x00083928       0x10 src/ASF/sam/drivers/pmc/pmc.o
                0x00083928                pmc_osc_is_ready_mainck
 .text.pmc_disable_pllack
                0x00083938       0x10 src/ASF/sam/drivers/pmc/pmc.o
                0x00083938                pmc_disable_pllack
 .text.pmc_is_locked_pllack
                0x00083948       0x10 src/ASF/sam/drivers/pmc/pmc.o
                0x00083948                pmc_is_locked_pllack
 .text.pmc_enable_periph_clk
                0x00083958       0x40 src/ASF/sam/drivers/pmc/pmc.o
                0x00083958                pmc_enable_periph_clk
 .text.Dummy_Handler
                0x00083998        0x2 src/ASF/sam/utils/cmsis/sam3x/source/templates/exceptions.o
                0x00083998                DACC_Handler
                0x00083998                DebugMon_Handler
                0x00083998                DMAC_Handler
                0x00083998                TRNG_Handler
                0x00083998                HardFault_Handler
                0x00083998                TC2_Handler
                0x00083998                USART3_Handler
                0x00083998                TWI1_Handler
                0x00083998                NMI_Handler
                0x00083998                TC7_Handler
                0x00083998                ADC_Handler
                0x00083998                SMC_Handler
                0x00083998                USART0_Handler
                0x00083998                RTT_Handler
                0x00083998                EFC1_Handler
                0x00083998                RTC_Handler
                0x00083998                UsageFault_Handler
                0x00083998                TC6_Handler
                0x00083998                WDT_Handler
                0x00083998                CAN0_Handler
                0x00083998                TC4_Handler
                0x00083998                TC1_Handler
                0x00083998                HSMCI_Handler
                0x00083998                TC3_Handler
                0x00083998                Dummy_Handler
                0x00083998                TWI0_Handler
                0x00083998                USART1_Handler
                0x00083998                SSC_Handler
                0x00083998                EFC0_Handler
                0x00083998                PMC_Handler
                0x00083998                PWM_Handler
                0x00083998                CAN1_Handler
                0x00083998                MemManage_Handler
                0x00083998                SUPC_Handler
                0x00083998                TC8_Handler
                0x00083998                USART2_Handler
                0x00083998                EMAC_Handler
                0x00083998                UART_Handler
                0x00083998                BusFault_Handler
                0x00083998                RSTC_Handler
                0x00083998                TC0_Handler
                0x00083998                TC5_Handler
                0x00083998                UOTGHS_Handler
                0x00083998                SPI0_Handler
 *fill*         0x0008399a        0x2 
 .text.Reset_Handler
                0x0008399c       0x7c src/ASF/sam/utils/cmsis/sam3x/source/templates/gcc/startup_sam3x.o
                0x0008399c                Reset_Handler
 .text.SystemCoreClockUpdate
                0x00083a18       0xcc src/ASF/sam/utils/cmsis/sam3x/source/templates/system_sam3x.o
                0x00083a18                SystemCoreClockUpdate
 .text._sbrk    0x00083ae4       0x2c src/ASF/sam/utils/syscalls/gcc/syscalls.o
                0x00083ae4                _sbrk
 .text._close   0x00083b10        0x6 src/ASF/sam/utils/syscalls/gcc/syscalls.o
                0x00083b10                _close
 .text._fstat   0x00083b16        0xa src/ASF/sam/utils/syscalls/gcc/syscalls.o
                0x00083b16                _fstat
 .text._isatty  0x00083b20        0x4 src/ASF/sam/utils/syscalls/gcc/syscalls.o
                0x00083b20                _isatty
 .text._lseek   0x00083b24        0x4 src/ASF/sam/utils/syscalls/gcc/syscalls.o
                0x00083b24                _lseek
 .text.startup.main
                0x00083b28       0x10 src/main.o
                0x00083b28                main
 .text.round    0x00083b38       0xa0 c:/program files (x86)/atmel/studio/7.0/toolchain/arm/arm-gnu-toolchain/bin/../lib/gcc/arm-none-eabi/6.3.1/../../../../arm-none-eabi/lib/thumb/v7-m\libm.a(lib_a-s_round.o)
                0x00083b38                round
 .text.atan2    0x00083bd8        0x4 c:/program files (x86)/atmel/studio/7.0/toolchain/arm/arm-gnu-toolchain/bin/../lib/gcc/arm-none-eabi/6.3.1/../../../../arm-none-eabi/lib/thumb/v7-m\libm.a(lib_a-w_atan2.o)
                0x00083bd8                atan2
 *fill*         0x00083bdc        0x4 
 .text.__ieee754_atan2
                0x00083be0      0x1d4 c:/program files (x86)/atmel/studio/7.0/toolchain/arm/arm-gnu-toolchain/bin/../lib/gcc/arm-none-eabi/6.3.1/../../../../arm-none-eabi/lib/thumb/v7-m\libm.a(lib_a-e_atan2.o)
                0x00083be0                __ieee754_atan2
 *fill*         0x00083db4        0x4 
 .text.atan     0x00083db8      0x344 c:/program files (x86)/atmel/studio/7.0/toolchain/arm/arm-gnu-toolchain/bin/../lib/gcc/arm-none-eabi/6.3.1/../../../../arm-none-eabi/lib/thumb/v7-m\libm.a(lib_a-s_atan.o)
                0x00083db8                atan
 .text.fabs     0x000840fc        0x8 c:/program files (x86)/atmel/studio/7.0/toolchain/arm/arm-gnu-toolchain/bin/../lib/gcc/arm-none-eabi/6.3.1/../../../../arm-none-eabi/lib/thumb/v7-m\libm.a(lib_a-s_fabs.o)
                0x000840fc                fabs
 .text          0x00084104      0x370 c:/program files (x86)/atmel/studio/7.0/toolchain/arm/arm-gnu-toolchain/bin/../lib/gcc/arm-none-eabi/6.3.1/thumb/v7-m\libgcc.a(_arm_addsubdf3.o)
                0x00084104                __aeabi_drsub
                0x0008410c                __aeabi_dsub
                0x0008410c                __subdf3
                0x00084110                __aeabi_dadd
                0x00084110                __adddf3
                0x00084388                __floatunsidf
                0x00084388                __aeabi_ui2d
                0x000843a8                __floatsidf
                0x000843a8                __aeabi_i2d
                0x000843cc                __aeabi_f2d
                0x000843cc                __extendsfdf2
                0x00084408                __floatundidf
                0x00084408                __aeabi_ul2d
                0x00084418                __floatdidf
                0x00084418                __aeabi_l2d
 .text          0x00084474      0x424 c:/program files (x86)/atmel/studio/7.0/toolchain/arm/arm-gnu-toolchain/bin/../lib/gcc/arm-none-eabi/6.3.1/thumb/v7-m\libgcc.a(_arm_muldivdf3.o)
                0x00084474                __aeabi_dmul
                0x00084474                __muldf3
                0x000846c8                __divdf3
                0x000846c8                __aeabi_ddiv
 .text          0x00084898      0x110 c:/program files (x86)/atmel/studio/7.0/toolchain/arm/arm-gnu-toolchain/bin/../lib/gcc/arm-none-eabi/6.3.1/thumb/v7-m\libgcc.a(_arm_cmpdf2.o)
                0x00084898                __gtdf2
                0x00084898                __gedf2
                0x000848a0                __ltdf2
                0x000848a0                __ledf2
                0x000848a8                __nedf2
                0x000848a8                __eqdf2
                0x000848a8                __cmpdf2
                0x00084924                __aeabi_cdrcmple
                0x00084934                __aeabi_cdcmpeq
                0x00084934                __aeabi_cdcmple
                0x00084944                __aeabi_dcmpeq
                0x00084958                __aeabi_dcmplt
                0x0008496c                __aeabi_dcmple
                0x00084980                __aeabi_dcmpge
                0x00084994                __aeabi_dcmpgt
 .text          0x000849a8       0x50 c:/program files (x86)/atmel/studio/7.0/toolchain/arm/arm-gnu-toolchain/bin/../lib/gcc/arm-none-eabi/6.3.1/thumb/v7-m\libgcc.a(_arm_fixdfsi.o)
                0x000849a8                __aeabi_d2iz
                0x000849a8                __fixdfsi
 .text          0x000849f8       0xa0 c:/program files (x86)/atmel/studio/7.0/toolchain/arm/arm-gnu-toolchain/bin/../lib/gcc/arm-none-eabi/6.3.1/thumb/v7-m\libgcc.a(_arm_truncdfsf2.o)
                0x000849f8                __truncdfsf2
                0x000849f8                __aeabi_d2f
 .text          0x00084a98      0x21c c:/program files (x86)/atmel/studio/7.0/toolchain/arm/arm-gnu-toolchain/bin/../lib/gcc/arm-none-eabi/6.3.1/thumb/v7-m\libgcc.a(_arm_addsubsf3.o)
                0x00084a98                __aeabi_frsub
                0x00084aa0                __subsf3
                0x00084aa0                __aeabi_fsub
                0x00084aa4                __aeabi_fadd
                0x00084aa4                __addsf3
                0x00084c04                __aeabi_ui2f
                0x00084c04                __floatunsisf
                0x00084c0c                __aeabi_i2f
                0x00084c0c                __floatsisf
                0x00084c28                __aeabi_ul2f
                0x00084c28                __floatundisf
                0x00084c38                __aeabi_l2f
                0x00084c38                __floatdisf
 .text          0x00084cb4      0x2a0 c:/program files (x86)/atmel/studio/7.0/toolchain/arm/arm-gnu-toolchain/bin/../lib/gcc/arm-none-eabi/6.3.1/thumb/v7-m\libgcc.a(_arm_muldivsf3.o)
                0x00084cb4                __mulsf3
                0x00084cb4                __aeabi_fmul
                0x00084e1c                __aeabi_fdiv
                0x00084e1c                __divsf3
 .text          0x00084f54       0xec c:/program files (x86)/atmel/studio/7.0/toolchain/arm/arm-gnu-toolchain/bin/../lib/gcc/arm-none-eabi/6.3.1/thumb/v7-m\libgcc.a(_arm_cmpsf2.o)
                0x00084f54                __gesf2
                0x00084f54                __gtsf2
                0x00084f5c                __lesf2
                0x00084f5c                __ltsf2
                0x00084f64                __nesf2
                0x00084f64                __eqsf2
                0x00084f64                __cmpsf2
                0x00084fc4                __aeabi_cfrcmple
                0x00084fcc                __aeabi_cfcmpeq
                0x00084fcc                __aeabi_cfcmple
                0x00084fdc                __aeabi_fcmpeq
                0x00084ff0                __aeabi_fcmplt
                0x00085004                __aeabi_fcmple
                0x00085018                __aeabi_fcmpge
                0x0008502c                __aeabi_fcmpgt
 .text          0x00085040       0x4c c:/program files (x86)/atmel/studio/7.0/toolchain/arm/arm-gnu-toolchain/bin/../lib/gcc/arm-none-eabi/6.3.1/thumb/v7-m\libgcc.a(_arm_fixsfsi.o)
                0x00085040                __aeabi_f2iz
                0x00085040                __fixsfsi
 .text.__libc_init_array
                0x0008508c       0x50 c:/program files (x86)/atmel/studio/7.0/toolchain/arm/arm-gnu-toolchain/bin/../lib/gcc/arm-none-eabi/6.3.1/../../../../arm-none-eabi/lib/thumb/v7-m\libc.a(lib_a-init.o)
                0x0008508c                __libc_init_array
 .text.iprintf  0x000850dc       0x28 c:/program files (x86)/atmel/studio/7.0/toolchain/arm/arm-gnu-toolchain/bin/../lib/gcc/arm-none-eabi/6.3.1/../../../../arm-none-eabi/lib/thumb/v7-m\libc.a(lib_a-iprintf.o)
                0x000850dc                iprintf
 .text          0x00085104       0xec c:/program files (x86)/atmel/studio/7.0/toolchain/arm/arm-gnu-toolchain/bin/../lib/gcc/arm-none-eabi/6.3.1/../../../../arm-none-eabi/lib/thumb/v7-m\libc.a(lib_a-memcpy.o)
                0x00085104                memcpy
 .text.memset   0x000851f0       0x9c c:/program files (x86)/atmel/studio/7.0/toolchain/arm/arm-gnu-toolchain/bin/../lib/gcc/arm-none-eabi/6.3.1/../../../../arm-none-eabi/lib/thumb/v7-m\libc.a(lib_a-memset.o)
                0x000851f0                memset
 .text.setbuf   0x0008528c       0x10 c:/program files (x86)/atmel/studio/7.0/toolchain/arm/arm-gnu-toolchain/bin/../lib/gcc/arm-none-eabi/6.3.1/../../../../arm-none-eabi/lib/thumb/v7-m\libc.a(lib_a-setbuf.o)
                0x0008528c                setbuf
 .text.setvbuf  0x0008529c      0x190 c:/program files (x86)/atmel/studio/7.0/toolchain/arm/arm-gnu-toolchain/bin/../lib/gcc/arm-none-eabi/6.3.1/../../../../arm-none-eabi/lib/thumb/v7-m\libc.a(lib_a-setvbuf.o)
                0x0008529c                setvbuf
 .text.strlen   0x0008542c       0x5c c:/program files (x86)/atmel/studio/7.0/toolchain/arm/arm-gnu-toolchain/bin/../lib/gcc/arm-none-eabi/6.3.1/../../../../arm-none-eabi/lib/thumb/v7-m\libc.a(lib_a-strlen-stub.o)
                0x0008542c                strlen
 .text.strncpy  0x00085488       0x64 c:/program files (x86)/atmel/studio/7.0/toolchain/arm/arm-gnu-toolchain/bin/../lib/gcc/arm-none-eabi/6.3.1/../../../../arm-none-eabi/lib/thumb/v7-m\libc.a(lib_a-strncpy.o)
                0x00085488                strncpy
 .text.__sprint_r.part.0
                0x000854ec       0x80 c:/program files (x86)/atmel/studio/7.0/toolchain/arm/arm-gnu-toolchain/bin/../lib/gcc/arm-none-eabi/6.3.1/../../../../arm-none-eabi/lib/thumb/v7-m\libc.a(lib_a-vfiprintf.o)
 .text._vfiprintf_r
                0x0008556c      0xc88 c:/program files (x86)/atmel/studio/7.0/toolchain/arm/arm-gnu-toolchain/bin/../lib/gcc/arm-none-eabi/6.3.1/../../../../arm-none-eabi/lib/thumb/v7-m\libc.a(lib_a-vfiprintf.o)
                0x0008556c                _vfiprintf_r
 .text.__sbprintf
                0x000861f4       0x88 c:/program files (x86)/atmel/studio/7.0/toolchain/arm/arm-gnu-toolchain/bin/../lib/gcc/arm-none-eabi/6.3.1/../../../../arm-none-eabi/lib/thumb/v7-m\libc.a(lib_a-vfiprintf.o)
 .text.__swsetup_r
                0x0008627c       0xc8 c:/program files (x86)/atmel/studio/7.0/toolchain/arm/arm-gnu-toolchain/bin/../lib/gcc/arm-none-eabi/6.3.1/../../../../arm-none-eabi/lib/thumb/v7-m\libc.a(lib_a-wsetup.o)
                0x0008627c                __swsetup_r
 .text.startup.register_fini
                0x00086344       0x14 c:/program files (x86)/atmel/studio/7.0/toolchain/arm/arm-gnu-toolchain/bin/../lib/gcc/arm-none-eabi/6.3.1/../../../../arm-none-eabi/lib/thumb/v7-m\libc.a(lib_a-__call_atexit.o)
 .text.atexit   0x00086358        0xc c:/program files (x86)/atmel/studio/7.0/toolchain/arm/arm-gnu-toolchain/bin/../lib/gcc/arm-none-eabi/6.3.1/../../../../arm-none-eabi/lib/thumb/v7-m\libc.a(lib_a-atexit.o)
                0x00086358                atexit
 .text.__sflush_r
                0x00086364      0x138 c:/program files (x86)/atmel/studio/7.0/toolchain/arm/arm-gnu-toolchain/bin/../lib/gcc/arm-none-eabi/6.3.1/../../../../arm-none-eabi/lib/thumb/v7-m\libc.a(lib_a-fflush.o)
                0x00086364                __sflush_r
 .text._fflush_r
                0x0008649c       0x54 c:/program files (x86)/atmel/studio/7.0/toolchain/arm/arm-gnu-toolchain/bin/../lib/gcc/arm-none-eabi/6.3.1/../../../../arm-none-eabi/lib/thumb/v7-m\libc.a(lib_a-fflush.o)
                0x0008649c                _fflush_r
 .text._cleanup_r
                0x000864f0        0xc c:/program files (x86)/atmel/studio/7.0/toolchain/arm/arm-gnu-toolchain/bin/../lib/gcc/arm-none-eabi/6.3.1/../../../../arm-none-eabi/lib/thumb/v7-m\libc.a(lib_a-findfp.o)
                0x000864f0                _cleanup_r
 .text.std.isra.0
                0x000864fc       0x50 c:/program files (x86)/atmel/studio/7.0/toolchain/arm/arm-gnu-toolchain/bin/../lib/gcc/arm-none-eabi/6.3.1/../../../../arm-none-eabi/lib/thumb/v7-m\libc.a(lib_a-findfp.o)
 .text.__sinit  0x0008654c       0x60 c:/program files (x86)/atmel/studio/7.0/toolchain/arm/arm-gnu-toolchain/bin/../lib/gcc/arm-none-eabi/6.3.1/../../../../arm-none-eabi/lib/thumb/v7-m\libc.a(lib_a-findfp.o)
                0x0008654c                __sinit
 .text.__sfp_lock_acquire
                0x000865ac        0xc c:/program files (x86)/atmel/studio/7.0/toolchain/arm/arm-gnu-toolchain/bin/../lib/gcc/arm-none-eabi/6.3.1/../../../../arm-none-eabi/lib/thumb/v7-m\libc.a(lib_a-findfp.o)
                0x000865ac                __sfp_lock_acquire
 .text.__sfp_lock_release
                0x000865b8        0xc c:/program files (x86)/atmel/studio/7.0/toolchain/arm/arm-gnu-toolchain/bin/../lib/gcc/arm-none-eabi/6.3.1/../../../../arm-none-eabi/lib/thumb/v7-m\libc.a(lib_a-findfp.o)
                0x000865b8                __sfp_lock_release
 .text.__libc_fini_array
                0x000865c4       0x34 c:/program files (x86)/atmel/studio/7.0/toolchain/arm/arm-gnu-toolchain/bin/../lib/gcc/arm-none-eabi/6.3.1/../../../../arm-none-eabi/lib/thumb/v7-m\libc.a(lib_a-fini.o)
                0x000865c4                __libc_fini_array
 .text.__fputwc
                0x000865f8       0x98 c:/program files (x86)/atmel/studio/7.0/toolchain/arm/arm-gnu-toolchain/bin/../lib/gcc/arm-none-eabi/6.3.1/../../../../arm-none-eabi/lib/thumb/v7-m\libc.a(lib_a-fputwc.o)
                0x000865f8                __fputwc
 .text._fputwc_r
                0x00086690       0x68 c:/program files (x86)/atmel/studio/7.0/toolchain/arm/arm-gnu-toolchain/bin/../lib/gcc/arm-none-eabi/6.3.1/../../../../arm-none-eabi/lib/thumb/v7-m\libc.a(lib_a-fputwc.o)
                0x00086690                _fputwc_r
 .text._malloc_trim_r
                0x000866f8       0xa0 c:/program files (x86)/atmel/studio/7.0/toolchain/arm/arm-gnu-toolchain/bin/../lib/gcc/arm-none-eabi/6.3.1/../../../../arm-none-eabi/lib/thumb/v7-m\libc.a(lib_a-freer.o)
                0x000866f8                _malloc_trim_r
 .text._free_r  0x00086798      0x1cc c:/program files (x86)/atmel/studio/7.0/toolchain/arm/arm-gnu-toolchain/bin/../lib/gcc/arm-none-eabi/6.3.1/../../../../arm-none-eabi/lib/thumb/v7-m\libc.a(lib_a-freer.o)
                0x00086798                _free_r
 .text.__sfvwrite_r
                0x00086964      0x2f4 c:/program files (x86)/atmel/studio/7.0/toolchain/arm/arm-gnu-toolchain/bin/../lib/gcc/arm-none-eabi/6.3.1/../../../../arm-none-eabi/lib/thumb/v7-m\libc.a(lib_a-fvwrite.o)
                0x00086964                __sfvwrite_r
 .text._fwalk_reent
                0x00086c58       0x50 c:/program files (x86)/atmel/studio/7.0/toolchain/arm/arm-gnu-toolchain/bin/../lib/gcc/arm-none-eabi/6.3.1/../../../../arm-none-eabi/lib/thumb/v7-m\libc.a(lib_a-fwalk.o)
                0x00086c58                _fwalk_reent
 .text.__locale_mb_cur_max
                0x00086ca8       0x1c c:/program files (x86)/atmel/studio/7.0/toolchain/arm/arm-gnu-toolchain/bin/../lib/gcc/arm-none-eabi/6.3.1/../../../../arm-none-eabi/lib/thumb/v7-m\libc.a(lib_a-locale.o)
                0x00086ca8                __locale_mb_cur_max
 .text.__retarget_lock_init_recursive
                0x00086cc4        0x4 c:/program files (x86)/atmel/studio/7.0/toolchain/arm/arm-gnu-toolchain/bin/../lib/gcc/arm-none-eabi/6.3.1/../../../../arm-none-eabi/lib/thumb/v7-m\libc.a(lib_a-lock.o)
                0x00086cc4                __retarget_lock_init_recursive
 .text.__retarget_lock_close_recursive
                0x00086cc8        0x4 c:/program files (x86)/atmel/studio/7.0/toolchain/arm/arm-gnu-toolchain/bin/../lib/gcc/arm-none-eabi/6.3.1/../../../../arm-none-eabi/lib/thumb/v7-m\libc.a(lib_a-lock.o)
                0x00086cc8                __retarget_lock_close_recursive
 .text.__retarget_lock_acquire_recursive
                0x00086ccc        0x4 c:/program files (x86)/atmel/studio/7.0/toolchain/arm/arm-gnu-toolchain/bin/../lib/gcc/arm-none-eabi/6.3.1/../../../../arm-none-eabi/lib/thumb/v7-m\libc.a(lib_a-lock.o)
                0x00086ccc                __retarget_lock_acquire_recursive
 .text.__retarget_lock_release_recursive
                0x00086cd0        0x4 c:/program files (x86)/atmel/studio/7.0/toolchain/arm/arm-gnu-toolchain/bin/../lib/gcc/arm-none-eabi/6.3.1/../../../../arm-none-eabi/lib/thumb/v7-m\libc.a(lib_a-lock.o)
                0x00086cd0                __retarget_lock_release_recursive
 .text.__swhatbuf_r
                0x00086cd4       0x5c c:/program files (x86)/atmel/studio/7.0/toolchain/arm/arm-gnu-toolchain/bin/../lib/gcc/arm-none-eabi/6.3.1/../../../../arm-none-eabi/lib/thumb/v7-m\libc.a(lib_a-makebuf.o)
                0x00086cd4                __swhatbuf_r
 .text.__smakebuf_r
                0x00086d30       0x94 c:/program files (x86)/atmel/studio/7.0/toolchain/arm/arm-gnu-toolchain/bin/../lib/gcc/arm-none-eabi/6.3.1/../../../../arm-none-eabi/lib/thumb/v7-m\libc.a(lib_a-makebuf.o)
                0x00086d30                __smakebuf_r
 .text.malloc   0x00086dc4       0x10 c:/program files (x86)/atmel/studio/7.0/toolchain/arm/arm-gnu-toolchain/bin/../lib/gcc/arm-none-eabi/6.3.1/../../../../arm-none-eabi/lib/thumb/v7-m\libc.a(lib_a-malloc.o)
                0x00086dc4                malloc
 .text._malloc_r
                0x00086dd4      0x544 c:/program files (x86)/atmel/studio/7.0/toolchain/arm/arm-gnu-toolchain/bin/../lib/gcc/arm-none-eabi/6.3.1/../../../../arm-none-eabi/lib/thumb/v7-m\libc.a(lib_a-mallocr.o)
                0x00086dd4                _malloc_r
 .text.__ascii_mbtowc
                0x00087318       0x2c c:/program files (x86)/atmel/studio/7.0/toolchain/arm/arm-gnu-toolchain/bin/../lib/gcc/arm-none-eabi/6.3.1/../../../../arm-none-eabi/lib/thumb/v7-m\libc.a(lib_a-mbtowc_r.o)
                0x00087318                __ascii_mbtowc
 .text.memchr   0x00087344       0x8c c:/program files (x86)/atmel/studio/7.0/toolchain/arm/arm-gnu-toolchain/bin/../lib/gcc/arm-none-eabi/6.3.1/../../../../arm-none-eabi/lib/thumb/v7-m\libc.a(lib_a-memchr-stub.o)
                0x00087344                memchr
 .text.memmove  0x000873d0       0xc8 c:/program files (x86)/atmel/studio/7.0/toolchain/arm/arm-gnu-toolchain/bin/../lib/gcc/arm-none-eabi/6.3.1/../../../../arm-none-eabi/lib/thumb/v7-m\libc.a(lib_a-memmove.o)
                0x000873d0                memmove
 .text.__malloc_lock
                0x00087498        0xc c:/program files (x86)/atmel/studio/7.0/toolchain/arm/arm-gnu-toolchain/bin/../lib/gcc/arm-none-eabi/6.3.1/../../../../arm-none-eabi/lib/thumb/v7-m\libc.a(lib_a-mlock.o)
                0x00087498                __malloc_lock
 .text.__malloc_unlock
                0x000874a4        0xc c:/program files (x86)/atmel/studio/7.0/toolchain/arm/arm-gnu-toolchain/bin/../lib/gcc/arm-none-eabi/6.3.1/../../../../arm-none-eabi/lib/thumb/v7-m\libc.a(lib_a-mlock.o)
                0x000874a4                __malloc_unlock
 .text._realloc_r
                0x000874b0      0x36c c:/program files (x86)/atmel/studio/7.0/toolchain/arm/arm-gnu-toolchain/bin/../lib/gcc/arm-none-eabi/6.3.1/../../../../arm-none-eabi/lib/thumb/v7-m\libc.a(lib_a-reallocr.o)
                0x000874b0                _realloc_r
 .text._sbrk_r  0x0008781c       0x24 c:/program files (x86)/atmel/studio/7.0/toolchain/arm/arm-gnu-toolchain/bin/../lib/gcc/arm-none-eabi/6.3.1/../../../../arm-none-eabi/lib/thumb/v7-m\libc.a(lib_a-sbrkr.o)
                0x0008781c                _sbrk_r
 .text.__sread  0x00087840       0x24 c:/program files (x86)/atmel/studio/7.0/toolchain/arm/arm-gnu-toolchain/bin/../lib/gcc/arm-none-eabi/6.3.1/../../../../arm-none-eabi/lib/thumb/v7-m\libc.a(lib_a-stdio.o)
                0x00087840                __sread
 .text.__swrite
                0x00087864       0x3c c:/program files (x86)/atmel/studio/7.0/toolchain/arm/arm-gnu-toolchain/bin/../lib/gcc/arm-none-eabi/6.3.1/../../../../arm-none-eabi/lib/thumb/v7-m\libc.a(lib_a-stdio.o)
                0x00087864                __swrite
 .text.__sseek  0x000878a0       0x20 c:/program files (x86)/atmel/studio/7.0/toolchain/arm/arm-gnu-toolchain/bin/../lib/gcc/arm-none-eabi/6.3.1/../../../../arm-none-eabi/lib/thumb/v7-m\libc.a(lib_a-stdio.o)
                0x000878a0                __sseek
 .text.__sclose
                0x000878c0        0x8 c:/program files (x86)/atmel/studio/7.0/toolchain/arm/arm-gnu-toolchain/bin/../lib/gcc/arm-none-eabi/6.3.1/../../../../arm-none-eabi/lib/thumb/v7-m\libc.a(lib_a-stdio.o)
                0x000878c0                __sclose
 .text.__swbuf_r
                0x000878c8       0xb0 c:/program files (x86)/atmel/studio/7.0/toolchain/arm/arm-gnu-toolchain/bin/../lib/gcc/arm-none-eabi/6.3.1/../../../../arm-none-eabi/lib/thumb/v7-m\libc.a(lib_a-wbuf.o)
                0x000878c8                __swbuf_r
 .text._wcrtomb_r
                0x00087978       0x54 c:/program files (x86)/atmel/studio/7.0/toolchain/arm/arm-gnu-toolchain/bin/../lib/gcc/arm-none-eabi/6.3.1/../../../../arm-none-eabi/lib/thumb/v7-m\libc.a(lib_a-wcrtomb.o)
                0x00087978                _wcrtomb_r
 .text.__ascii_wctomb
                0x000879cc       0x18 c:/program files (x86)/atmel/studio/7.0/toolchain/arm/arm-gnu-toolchain/bin/../lib/gcc/arm-none-eabi/6.3.1/../../../../arm-none-eabi/lib/thumb/v7-m\libc.a(lib_a-wctomb_r.o)
                0x000879cc                __ascii_wctomb
 .text._write_r
                0x000879e4       0x2c c:/program files (x86)/atmel/studio/7.0/toolchain/arm/arm-gnu-toolchain/bin/../lib/gcc/arm-none-eabi/6.3.1/../../../../arm-none-eabi/lib/thumb/v7-m\libc.a(lib_a-writer.o)
                0x000879e4                _write_r
 .text.__register_exitproc
                0x00087a10       0xc4 c:/program files (x86)/atmel/studio/7.0/toolchain/arm/arm-gnu-toolchain/bin/../lib/gcc/arm-none-eabi/6.3.1/../../../../arm-none-eabi/lib/thumb/v7-m\libc.a(lib_a-__atexit.o)
                0x00087a10                __register_exitproc
 .text._close_r
                0x00087ad4       0x24 c:/program files (x86)/atmel/studio/7.0/toolchain/arm/arm-gnu-toolchain/bin/../lib/gcc/arm-none-eabi/6.3.1/../../../../arm-none-eabi/lib/thumb/v7-m\libc.a(lib_a-closer.o)
                0x00087ad4                _close_r
 .text._fclose_r
                0x00087af8       0xc4 c:/program files (x86)/atmel/studio/7.0/toolchain/arm/arm-gnu-toolchain/bin/../lib/gcc/arm-none-eabi/6.3.1/../../../../arm-none-eabi/lib/thumb/v7-m\libc.a(lib_a-fclose.o)
                0x00087af8                _fclose_r
 .text._fstat_r
                0x00087bbc       0x28 c:/program files (x86)/atmel/studio/7.0/toolchain/arm/arm-gnu-toolchain/bin/../lib/gcc/arm-none-eabi/6.3.1/../../../../arm-none-eabi/lib/thumb/v7-m\libc.a(lib_a-fstatr.o)
                0x00087bbc                _fstat_r
 .text._isatty_r
                0x00087be4       0x24 c:/program files (x86)/atmel/studio/7.0/toolchain/arm/arm-gnu-toolchain/bin/../lib/gcc/arm-none-eabi/6.3.1/../../../../arm-none-eabi/lib/thumb/v7-m\libc.a(lib_a-isattyr.o)
                0x00087be4                _isatty_r
 .text._lseek_r
                0x00087c08       0x2c c:/program files (x86)/atmel/studio/7.0/toolchain/arm/arm-gnu-toolchain/bin/../lib/gcc/arm-none-eabi/6.3.1/../../../../arm-none-eabi/lib/thumb/v7-m\libc.a(lib_a-lseekr.o)
                0x00087c08                _lseek_r
 .text._read_r  0x00087c34       0x2c c:/program files (x86)/atmel/studio/7.0/toolchain/arm/arm-gnu-toolchain/bin/../lib/gcc/arm-none-eabi/6.3.1/../../../../arm-none-eabi/lib/thumb/v7-m\libc.a(lib_a-readr.o)
                0x00087c34                _read_r
 .text          0x00087c60       0x30 c:/program files (x86)/atmel/studio/7.0/toolchain/arm/arm-gnu-toolchain/bin/../lib/gcc/arm-none-eabi/6.3.1/thumb/v7-m\libgcc.a(_aeabi_uldivmod.o)
                0x00087c60                __aeabi_uldivmod
 .text          0x00087c90      0x2dc c:/program files (x86)/atmel/studio/7.0/toolchain/arm/arm-gnu-toolchain/bin/../lib/gcc/arm-none-eabi/6.3.1/thumb/v7-m\libgcc.a(_udivmoddi4.o)
                0x00087c90                __udivmoddi4
 .text          0x00087f6c        0x4 c:/program files (x86)/atmel/studio/7.0/toolchain/arm/arm-gnu-toolchain/bin/../lib/gcc/arm-none-eabi/6.3.1/thumb/v7-m\libgcc.a(_dvmd_tls.o)
                0x00087f6c                __aeabi_idiv0
                0x00087f6c                __aeabi_ldiv0
 *(.glue_7t)
 .glue_7t       0x00087f70        0x0 linker stubs
 *(.glue_7)
 .glue_7        0x00087f70        0x0 linker stubs
 *(.rodata .rodata* .gnu.linkonce.r.*)
 .rodata.controlCenter.str1.1
                0x00087f70      0x1bc src/tasks/controlCenter.o
 .rodata.position.str1.1
                0x0008812c       0x40 src/tasks/position.o
 .rodata.regulator.str1.1
                0x0008816c      0x22f src/tasks/regulator.o
 *fill*         0x0008839b        0x1 
 .rodata        0x0008839c       0x2c src/ASF/sam/drivers/pwm/pwm.o
 .rodata.testDriveL.str1.1
                0x000883c8       0x72 src/motorController.o
 .rodata.testDriveR.str1.1
                0x0008843a       0x74 src/motorController.o
 .rodata.console_init.str1.1
                0x000884ae       0x1e src/initializations/main_init.o
 .rodata.rtos_init.str1.1
                0x000884cc       0x21 src/initializations/main_init.o
 .rodata.vTaskStartScheduler.str1.1
                0x000884ed        0x5 src/ASF/thirdparty/freertos/freertos-7.3.0/source/tasks.o
 .rodata.xTimerCreateTimerTask.str1.1
                0x000884f2        0x8 src/ASF/thirdparty/freertos/freertos-7.3.0/source/timers.o
 *fill*         0x000884fa        0x6 
 .rodata.atanhi
                0x00088500       0x20 c:/program files (x86)/atmel/studio/7.0/toolchain/arm/arm-gnu-toolchain/bin/../lib/gcc/arm-none-eabi/6.3.1/../../../../arm-none-eabi/lib/thumb/v7-m\libm.a(lib_a-s_atan.o)
 .rodata.atanlo
                0x00088520       0x20 c:/program files (x86)/atmel/studio/7.0/toolchain/arm/arm-gnu-toolchain/bin/../lib/gcc/arm-none-eabi/6.3.1/../../../../arm-none-eabi/lib/thumb/v7-m\libm.a(lib_a-s_atan.o)
 .rodata._global_impure_ptr
                0x00088540        0x4 c:/program files (x86)/atmel/studio/7.0/toolchain/arm/arm-gnu-toolchain/bin/../lib/gcc/arm-none-eabi/6.3.1/../../../../arm-none-eabi/lib/thumb/v7-m\libc.a(lib_a-impure.o)
                0x00088540                _global_impure_ptr
 .rodata._vfiprintf_r.str1.4
                0x00088544       0x2f c:/program files (x86)/atmel/studio/7.0/toolchain/arm/arm-gnu-toolchain/bin/../lib/gcc/arm-none-eabi/6.3.1/../../../../arm-none-eabi/lib/thumb/v7-m\libc.a(lib_a-vfiprintf.o)
 *fill*         0x00088573        0x1 
 .rodata.blanks.7217
                0x00088574       0x10 c:/program files (x86)/atmel/studio/7.0/toolchain/arm/arm-gnu-toolchain/bin/../lib/gcc/arm-none-eabi/6.3.1/../../../../arm-none-eabi/lib/thumb/v7-m\libc.a(lib_a-vfiprintf.o)
 .rodata.zeroes.7218
                0x00088584       0x10 c:/program files (x86)/atmel/studio/7.0/toolchain/arm/arm-gnu-toolchain/bin/../lib/gcc/arm-none-eabi/6.3.1/../../../../arm-none-eabi/lib/thumb/v7-m\libc.a(lib_a-vfiprintf.o)
 .rodata._setlocale_r.str1.4
                0x00088594        0xa c:/program files (x86)/atmel/studio/7.0/toolchain/arm/arm-gnu-toolchain/bin/../lib/gcc/arm-none-eabi/6.3.1/../../../../arm-none-eabi/lib/thumb/v7-m\libc.a(lib_a-locale.o)
                                  0xd (size before relaxing)
 *fill*         0x0008859e        0x2 
 .rodata.str1.4
                0x000885a0        0x4 c:/program files (x86)/atmel/studio/7.0/toolchain/arm/arm-gnu-toolchain/bin/../lib/gcc/arm-none-eabi/6.3.1/../../../../arm-none-eabi/lib/thumb/v7-m\libc.a(lib_a-locale.o)
                                  0x2 (size before relaxing)
 .rodata._ctype_
                0x000885a4      0x101 c:/program files (x86)/atmel/studio/7.0/toolchain/arm/arm-gnu-toolchain/bin/../lib/gcc/arm-none-eabi/6.3.1/../../../../arm-none-eabi/lib/thumb/v7-m\libc.a(lib_a-ctype_.o)
                0x000885a4                _ctype_
 *(.ARM.extab* .gnu.linkonce.armextab.*)
                0x000886a8                . = ALIGN (0x4)
 *fill*         0x000886a5        0x3 
 *(.init)
 .init          0x000886a8        0x4 c:/program files (x86)/atmel/studio/7.0/toolchain/arm/arm-gnu-toolchain/bin/../lib/gcc/arm-none-eabi/6.3.1/thumb/v7-m/crti.o
                0x000886a8                _init
 .init          0x000886ac        0x8 c:/program files (x86)/atmel/studio/7.0/toolchain/arm/arm-gnu-toolchain/bin/../lib/gcc/arm-none-eabi/6.3.1/thumb/v7-m/crtn.o
                0x000886b4                . = ALIGN (0x4)
                0x000886b4                __preinit_array_start = .
 *(.preinit_array)
                0x000886b4                __preinit_array_end = .
                0x000886b4                . = ALIGN (0x4)
                0x000886b4                __init_array_start = .
 *(SORT(.init_array.*))
 .init_array.00000
                0x000886b4        0x4 c:/program files (x86)/atmel/studio/7.0/toolchain/arm/arm-gnu-toolchain/bin/../lib/gcc/arm-none-eabi/6.3.1/../../../../arm-none-eabi/lib/thumb/v7-m\libc.a(lib_a-__call_atexit.o)
 *(.init_array)
 .init_array    0x000886b8        0x4 c:/program files (x86)/atmel/studio/7.0/toolchain/arm/arm-gnu-toolchain/bin/../lib/gcc/arm-none-eabi/6.3.1/thumb/v7-m/crtbegin.o
                0x000886bc                __init_array_end = .
                0x000886bc                . = ALIGN (0x4)
 *crtbegin.o(.ctors)
 *(EXCLUDE_FILE(*crtend.o) .ctors)
 *(SORT(.ctors.*))
 *crtend.o(.ctors)
                0x000886bc                . = ALIGN (0x4)
 *(.fini)
 .fini          0x000886bc        0x4 c:/program files (x86)/atmel/studio/7.0/toolchain/arm/arm-gnu-toolchain/bin/../lib/gcc/arm-none-eabi/6.3.1/thumb/v7-m/crti.o
                0x000886bc                _fini
 .fini          0x000886c0        0x8 c:/program files (x86)/atmel/studio/7.0/toolchain/arm/arm-gnu-toolchain/bin/../lib/gcc/arm-none-eabi/6.3.1/thumb/v7-m/crtn.o
                0x000886c8                . = ALIGN (0x4)
                0x000886c8                __fini_array_start = .
 *(.fini_array)
 .fini_array    0x000886c8        0x4 c:/program files (x86)/atmel/studio/7.0/toolchain/arm/arm-gnu-toolchain/bin/../lib/gcc/arm-none-eabi/6.3.1/thumb/v7-m/crtbegin.o
 *(SORT(.fini_array.*))
                0x000886cc                __fini_array_end = .
 *crtbegin.o(.dtors)
 *(EXCLUDE_FILE(*crtend.o) .dtors)
 *(SORT(.dtors.*))
 *crtend.o(.dtors)
                0x000886cc                . = ALIGN (0x4)
                0x000886cc                _efixed = .
                [!provide]                PROVIDE (__exidx_start, .)

.vfp11_veneer   0x000886cc        0x0
 .vfp11_veneer  0x000886cc        0x0 linker stubs

.v4_bx          0x000886cc        0x0
 .v4_bx         0x000886cc        0x0 linker stubs

.iplt           0x000886cc        0x0
 .iplt          0x000886cc        0x0 c:/program files (x86)/atmel/studio/7.0/toolchain/arm/arm-gnu-toolchain/bin/../lib/gcc/arm-none-eabi/6.3.1/thumb/v7-m/crtbegin.o

.ARM.exidx      0x000886cc        0x8
 *(.ARM.exidx* .gnu.linkonce.armexidx.*)
 .ARM.exidx     0x000886cc        0x8 c:/program files (x86)/atmel/studio/7.0/toolchain/arm/arm-gnu-toolchain/bin/../lib/gcc/arm-none-eabi/6.3.1/thumb/v7-m\libgcc.a(_udivmoddi4.o)
                [!provide]                PROVIDE (__exidx_end, .)

.eh_frame       0x000886d4        0x0
 .eh_frame      0x000886d4        0x0 c:/program files (x86)/atmel/studio/7.0/toolchain/arm/arm-gnu-toolchain/bin/../lib/gcc/arm-none-eabi/6.3.1/thumb/v7-m/crtbegin.o

.rel.dyn        0x000886d4        0x0
 .rel.iplt      0x000886d4        0x0 c:/program files (x86)/atmel/studio/7.0/toolchain/arm/arm-gnu-toolchain/bin/../lib/gcc/arm-none-eabi/6.3.1/thumb/v7-m/crtbegin.o

.jcr            0x000886d4        0x0
 .jcr           0x000886d4        0x0 c:/program files (x86)/atmel/studio/7.0/toolchain/arm/arm-gnu-toolchain/bin/../lib/gcc/arm-none-eabi/6.3.1/thumb/v7-m/crtbegin.o

.igot.plt       0x000886d4        0x0
 .igot.plt      0x000886d4        0x0 c:/program files (x86)/atmel/studio/7.0/toolchain/arm/arm-gnu-toolchain/bin/../lib/gcc/arm-none-eabi/6.3.1/thumb/v7-m/crtbegin.o
                0x000886d4                . = ALIGN (0x4)
                0x000886d4                _etext = .

.relocate       0x20070000      0xb20 load address 0x000886d4
                0x20070000                . = ALIGN (0x4)
                0x20070000                _srelocate = .
 *(.ramfunc .ramfunc.*)
 .ramfunc       0x20070000       0xe4 src/ASF/sam/utils/cmsis/sam3x/source/templates/system_sam3x.o
                0x20070000                SystemInit
                0x20070080                system_init_flash
 *(.data .data.*)
 .data.Kd       0x200700e4        0x4 src/tasks/regulator.o
                0x200700e4                Kd
 .data.Ki       0x200700e8        0x4 src/tasks/regulator.o
                0x200700e8                Ki
 .data.Kp       0x200700ec        0x4 src/tasks/regulator.o
                0x200700ec                Kp
 .data.Ts       0x200700f0        0x4 src/tasks/regulator.o
                0x200700f0                Ts
 .data.WheelCircum
                0x200700f4        0x4 src/tasks/regulator.o
                0x200700f4                WheelCircum
 .data.dPP      0x200700f8        0x4 src/tasks/regulator.o
                0x200700f8                dPP
 .data.doubleToIntFactor
                0x200700fc        0x4 src/tasks/regulator.o
                0x200700fc                doubleToIntFactor
 .data.linearSpeedMargin
                0x20070100        0x4 src/tasks/regulator.o
                0x20070100                linearSpeedMargin
 .data.resolution
                0x20070104        0x4 src/tasks/regulator.o
                0x20070104                resolution
 .data.wheelToWheel
                0x20070108        0x4 src/tasks/regulator.o
                0x20070108                wheelToWheel
 .data.msPerTick
                0x2007010c        0x4 src/encoderISR.o
                0x2007010c                msPerTick
 .data.packet_pab
                0x20070110       0x14 src/I2C/I2CFunctions.o
                0x20070110                packet_pab
 .data.packet_pos
                0x20070124       0x14 src/I2C/I2CFunctions.o
                0x20070124                packet_pos
 .data.packet_rec_pab
                0x20070138       0x14 src/I2C/I2CFunctions.o
                0x20070138                packet_rec_pab
 .data.packet_rec_pos
                0x2007014c       0x14 src/I2C/I2CFunctions.o
                0x2007014c                packet_rec_pos
 .data.uxCriticalNesting
                0x20070160        0x4 src/ASF/thirdparty/freertos/freertos-7.3.0/source/portable/gcc/sam/port.o
 .data.xFreeBytesRemaining
                0x20070164        0x4 src/ASF/thirdparty/freertos/freertos-7.3.0/source/portable/memmang/heap_4.o
 .data.xNextTaskUnblockTime
                0x20070168        0x4 src/ASF/thirdparty/freertos/freertos-7.3.0/source/tasks.o
 .data.SystemCoreClock
                0x2007016c        0x4 src/ASF/sam/utils/cmsis/sam3x/source/templates/system_sam3x.o
                0x2007016c                SystemCoreClock
 .data._impure_ptr
                0x20070170        0x4 c:/program files (x86)/atmel/studio/7.0/toolchain/arm/arm-gnu-toolchain/bin/../lib/gcc/arm-none-eabi/6.3.1/../../../../arm-none-eabi/lib/thumb/v7-m\libc.a(lib_a-impure.o)
                0x20070170                _impure_ptr
 *fill*         0x20070174        0x4 
 .data.impure_data
                0x20070178      0x428 c:/program files (x86)/atmel/studio/7.0/toolchain/arm/arm-gnu-toolchain/bin/../lib/gcc/arm-none-eabi/6.3.1/../../../../arm-none-eabi/lib/thumb/v7-m\libc.a(lib_a-impure.o)
 .data.__atexit_recursive_mutex
                0x200705a0        0x4 c:/program files (x86)/atmel/studio/7.0/toolchain/arm/arm-gnu-toolchain/bin/../lib/gcc/arm-none-eabi/6.3.1/../../../../arm-none-eabi/lib/thumb/v7-m\libc.a(lib_a-__call_atexit.o)
                0x200705a0                __atexit_recursive_mutex
 .data.__global_locale
                0x200705a4      0x16c c:/program files (x86)/atmel/studio/7.0/toolchain/arm/arm-gnu-toolchain/bin/../lib/gcc/arm-none-eabi/6.3.1/../../../../arm-none-eabi/lib/thumb/v7-m\libc.a(lib_a-locale.o)
                0x200705a4                __global_locale
 .data.__malloc_av_
                0x20070710      0x408 c:/program files (x86)/atmel/studio/7.0/toolchain/arm/arm-gnu-toolchain/bin/../lib/gcc/arm-none-eabi/6.3.1/../../../../arm-none-eabi/lib/thumb/v7-m\libc.a(lib_a-mallocr.o)
                0x20070710                __malloc_av_
 .data.__malloc_sbrk_base
                0x20070b18        0x4 c:/program files (x86)/atmel/studio/7.0/toolchain/arm/arm-gnu-toolchain/bin/../lib/gcc/arm-none-eabi/6.3.1/../../../../arm-none-eabi/lib/thumb/v7-m\libc.a(lib_a-mallocr.o)
                0x20070b18                __malloc_sbrk_base
 .data.__malloc_trim_threshold
                0x20070b1c        0x4 c:/program files (x86)/atmel/studio/7.0/toolchain/arm/arm-gnu-toolchain/bin/../lib/gcc/arm-none-eabi/6.3.1/../../../../arm-none-eabi/lib/thumb/v7-m\libc.a(lib_a-mallocr.o)
                0x20070b1c                __malloc_trim_threshold
                0x20070b20                . = ALIGN (0x4)
                0x20070b20                _erelocate = .

.bss            0x20070b20     0xa358 load address 0x000891f8
                0x20070b20                . = ALIGN (0x4)
                0x20070b20                _sbss = .
                0x20070b20                _szero = .
 *(.bss .bss.*)
 .bss           0x20070b20       0x1c c:/program files (x86)/atmel/studio/7.0/toolchain/arm/arm-gnu-toolchain/bin/../lib/gcc/arm-none-eabi/6.3.1/thumb/v7-m/crtbegin.o
 .bss.desiredLeftSpeed
                0x20070b3c        0x4 src/navigation.o
                0x20070b3c                desiredLeftSpeed
 .bss.desiredRightSpeed
                0x20070b40        0x4 src/navigation.o
                0x20070b40                desiredRightSpeed
 .bss.disposalX
                0x20070b44        0x4 src/tasks/position.o
                0x20070b44                disposalX
 .bss.disposalY
                0x20070b48        0x4 src/tasks/position.o
                0x20070b48                disposalY
 .bss.extensionID
                0x20070b4c        0x4 src/tasks/position.o
                0x20070b4c                extensionID
 .bss.pickupX   0x20070b50        0x4 src/tasks/position.o
                0x20070b50                pickupX
 .bss.pickupY   0x20070b54        0x4 src/tasks/position.o
                0x20070b54                pickupY
 .bss.posX      0x20070b58        0x4 src/tasks/position.o
                0x20070b58                posX
 .bss.posY      0x20070b5c        0x4 src/tasks/position.o
                0x20070b5c                posY
 .bss.D_err_Left
                0x20070b60        0x4 src/tasks/regulator.o
                0x20070b60                D_err_Left
 .bss.D_err_Right
                0x20070b64        0x4 src/tasks/regulator.o
                0x20070b64                D_err_Right
 .bss.I_err_Left
                0x20070b68        0x8 src/tasks/regulator.o
                0x20070b68                I_err_Left
 .bss.I_err_Right
                0x20070b70        0x8 src/tasks/regulator.o
                0x20070b70                I_err_Right
 .bss.N_Left    0x20070b78        0x4 src/tasks/regulator.o
                0x20070b78                N_Left
 .bss.N_Right   0x20070b7c        0x4 src/tasks/regulator.o
                0x20070b7c                N_Right
 .bss.N_ss_Left
                0x20070b80        0x4 src/tasks/regulator.o
                0x20070b80                N_ss_Left
 .bss.N_ss_Right
                0x20070b84        0x4 src/tasks/regulator.o
                0x20070b84                N_ss_Right
 .bss.OldP_err_Left
                0x20070b88        0x4 src/tasks/regulator.o
                0x20070b88                OldP_err_Left
 .bss.OldP_err_Right
                0x20070b8c        0x4 src/tasks/regulator.o
                0x20070b8c                OldP_err_Right
 .bss.P_err_Left
                0x20070b90        0x4 src/tasks/regulator.o
                0x20070b90                P_err_Left
 .bss.P_err_Right
                0x20070b94        0x4 src/tasks/regulator.o
                0x20070b94                P_err_Right
 .bss.displacementLeft
                0x20070b98        0x4 src/tasks/regulator.o
                0x20070b98                displacementLeft
 .bss.displacementRight
                0x20070b9c        0x4 src/tasks/regulator.o
                0x20070b9c                displacementRight
 .bss.distanceLeft
                0x20070ba0        0x4 src/tasks/regulator.o
                0x20070ba0                distanceLeft
 .bss.distanceRight
                0x20070ba4        0x4 src/tasks/regulator.o
                0x20070ba4                distanceRight
 .bss.leftTrue  0x20070ba8        0x4 src/tasks/regulator.o
                0x20070ba8                leftTrue
 .bss.linearLeftActual
                0x20070bac        0x4 src/tasks/regulator.o
                0x20070bac                linearLeftActual
 .bss.linearLeftDesired
                0x20070bb0        0x4 src/tasks/regulator.o
                0x20070bb0                linearLeftDesired
 .bss.linearRightActual
                0x20070bb4        0x4 src/tasks/regulator.o
                0x20070bb4                linearRightActual
 .bss.linearRightDesired
                0x20070bb8        0x4 src/tasks/regulator.o
                0x20070bb8                linearRightDesired
 .bss.mcPulseLeft
                0x20070bbc        0x4 src/tasks/regulator.o
                0x20070bbc                mcPulseLeft
 .bss.mcPulseLeftOld
                0x20070bc0        0x4 src/tasks/regulator.o
                0x20070bc0                mcPulseLeftOld
 .bss.mcPulseRight
                0x20070bc4        0x4 src/tasks/regulator.o
                0x20070bc4                mcPulseRight
 .bss.mcPulseRightOld
                0x20070bc8        0x4 src/tasks/regulator.o
                0x20070bc8                mcPulseRightOld
 .bss.rightTrue
                0x20070bcc        0x4 src/tasks/regulator.o
                0x20070bcc                rightTrue
 .bss.lACurrentTick
                0x20070bd0        0x4 src/encoderISR.o
                0x20070bd0                lACurrentTick
 .bss.lAPrevTick
                0x20070bd4        0x4 src/encoderISR.o
                0x20070bd4                lAPrevTick
 .bss.lAPulseTime
                0x20070bd8        0x4 src/encoderISR.o
                0x20070bd8                lAPulseTime
 .bss.lAPulses  0x20070bdc        0x4 src/encoderISR.o
                0x20070bdc                lAPulses
 .bss.lBCurrentTick
                0x20070be0        0x4 src/encoderISR.o
                0x20070be0                lBCurrentTick
 .bss.lBPrevTick
                0x20070be4        0x4 src/encoderISR.o
                0x20070be4                lBPrevTick
 .bss.lBPulseTime
                0x20070be8        0x4 src/encoderISR.o
                0x20070be8                lBPulseTime
 .bss.lBPulses  0x20070bec        0x4 src/encoderISR.o
                0x20070bec                lBPulses
 .bss.rACurrentTick
                0x20070bf0        0x4 src/encoderISR.o
                0x20070bf0                rACurrentTick
 .bss.rAPrevTick
                0x20070bf4        0x4 src/encoderISR.o
                0x20070bf4                rAPrevTick
 .bss.rAPulseTime
                0x20070bf8        0x4 src/encoderISR.o
                0x20070bf8                rAPulseTime
 .bss.rAPulses  0x20070bfc        0x4 src/encoderISR.o
                0x20070bfc                rAPulses
 .bss.rBCurrentTick
                0x20070c00        0x4 src/encoderISR.o
                0x20070c00                rBCurrentTick
 .bss.rBPrevTick
                0x20070c04        0x4 src/encoderISR.o
                0x20070c04                rBPrevTick
 .bss.rBPulseTime
                0x20070c08        0x4 src/encoderISR.o
                0x20070c08                rBPulseTime
 .bss.rBPulses  0x20070c0c        0x4 src/encoderISR.o
                0x20070c0c                rBPulses
 .bss.rec_data_pab
                0x20070c10        0x1 src/I2C/I2CFunctions.o
                0x20070c10                rec_data_pab
 .bss.rec_data_pos
                0x20070c11        0xa src/I2C/I2CFunctions.o
                0x20070c11                rec_data_pos
 .bss.send_data_pab
                0x20070c1b        0x1 src/I2C/I2CFunctions.o
                0x20070c1b                send_data_pab
 .bss.send_data_pos
                0x20070c1c        0x1 src/I2C/I2CFunctions.o
                0x20070c1c                send_data_pos
 *fill*         0x20070c1d        0x3 
 .bss.mcPLeftLatest
                0x20070c20        0x4 src/motorController.o
                0x20070c20                mcPLeftLatest
 .bss.mcPRightLatest
                0x20070c24        0x4 src/motorController.o
                0x20070c24                mcPRightLatest
 .bss.motorSpeed
                0x20070c28        0x4 src/motorController.o
                0x20070c28                motorSpeed
 .bss.pxEnd     0x20070c2c        0x4 src/ASF/thirdparty/freertos/freertos-7.3.0/source/portable/memmang/heap_4.o
 .bss.xHeap     0x20070c30     0xa000 src/ASF/thirdparty/freertos/freertos-7.3.0/source/portable/memmang/heap_4.o
 .bss.xStart    0x2007ac30        0x8 src/ASF/thirdparty/freertos/freertos-7.3.0/source/portable/memmang/heap_4.o
 .bss.pxCurrentTCB
                0x2007ac38        0x4 src/ASF/thirdparty/freertos/freertos-7.3.0/source/tasks.o
                0x2007ac38                pxCurrentTCB
 .bss.pxDelayedTaskList
                0x2007ac3c        0x4 src/ASF/thirdparty/freertos/freertos-7.3.0/source/tasks.o
 .bss.pxOverflowDelayedTaskList
                0x2007ac40        0x4 src/ASF/thirdparty/freertos/freertos-7.3.0/source/tasks.o
 .bss.pxReadyTasksLists
                0x2007ac44       0x64 src/ASF/thirdparty/freertos/freertos-7.3.0/source/tasks.o
 .bss.uxCurrentNumberOfTasks
                0x2007aca8        0x4 src/ASF/thirdparty/freertos/freertos-7.3.0/source/tasks.o
 .bss.uxMissedTicks
                0x2007acac        0x4 src/ASF/thirdparty/freertos/freertos-7.3.0/source/tasks.o
 .bss.uxSchedulerSuspended
                0x2007acb0        0x4 src/ASF/thirdparty/freertos/freertos-7.3.0/source/tasks.o
 .bss.uxTaskNumber
                0x2007acb4        0x4 src/ASF/thirdparty/freertos/freertos-7.3.0/source/tasks.o
 .bss.uxTasksDeleted
                0x2007acb8        0x4 src/ASF/thirdparty/freertos/freertos-7.3.0/source/tasks.o
 .bss.uxTopReadyPriority
                0x2007acbc        0x4 src/ASF/thirdparty/freertos/freertos-7.3.0/source/tasks.o
 .bss.uxTopUsedPriority
                0x2007acc0        0x4 src/ASF/thirdparty/freertos/freertos-7.3.0/source/tasks.o
 .bss.xDelayedTaskList1
                0x2007acc4       0x14 src/ASF/thirdparty/freertos/freertos-7.3.0/source/tasks.o
 .bss.xDelayedTaskList2
                0x2007acd8       0x14 src/ASF/thirdparty/freertos/freertos-7.3.0/source/tasks.o
 .bss.xMissedYield
                0x2007acec        0x4 src/ASF/thirdparty/freertos/freertos-7.3.0/source/tasks.o
 .bss.xNumOfOverflows
                0x2007acf0        0x4 src/ASF/thirdparty/freertos/freertos-7.3.0/source/tasks.o
 .bss.xPendingReadyList
                0x2007acf4       0x14 src/ASF/thirdparty/freertos/freertos-7.3.0/source/tasks.o
 .bss.xSchedulerRunning
                0x2007ad08        0x4 src/ASF/thirdparty/freertos/freertos-7.3.0/source/tasks.o
 .bss.xSuspendedTaskList
                0x2007ad0c       0x14 src/ASF/thirdparty/freertos/freertos-7.3.0/source/tasks.o
 .bss.xTasksWaitingTermination
                0x2007ad20       0x14 src/ASF/thirdparty/freertos/freertos-7.3.0/source/tasks.o
 .bss.xTickCount
                0x2007ad34        0x4 src/ASF/thirdparty/freertos/freertos-7.3.0/source/tasks.o
 .bss.pxCurrentTimerList
                0x2007ad38        0x4 src/ASF/thirdparty/freertos/freertos-7.3.0/source/timers.o
 .bss.pxOverflowTimerList
                0x2007ad3c        0x4 src/ASF/thirdparty/freertos/freertos-7.3.0/source/timers.o
 .bss.xActiveTimerList1
                0x2007ad40       0x14 src/ASF/thirdparty/freertos/freertos-7.3.0/source/timers.o
 .bss.xActiveTimerList2
                0x2007ad54       0x14 src/ASF/thirdparty/freertos/freertos-7.3.0/source/timers.o
 .bss.xLastTime.4541
                0x2007ad68        0x4 src/ASF/thirdparty/freertos/freertos-7.3.0/source/timers.o
 .bss.xTimerQueue
                0x2007ad6c        0x4 src/ASF/thirdparty/freertos/freertos-7.3.0/source/timers.o
 .bss.gs_interrupt_sources
                0x2007ad70       0x70 src/ASF/sam/drivers/pio/pio_handler.o
 .bss.gs_ul_nb_sources
                0x2007ade0        0x4 src/ASF/sam/drivers/pio/pio_handler.o
 .bss.heap.5297
                0x2007ade4        0x4 src/ASF/sam/utils/syscalls/gcc/syscalls.o
 .bss.__malloc_current_mallinfo
                0x2007ade8       0x28 c:/program files (x86)/atmel/studio/7.0/toolchain/arm/arm-gnu-toolchain/bin/../lib/gcc/arm-none-eabi/6.3.1/../../../../arm-none-eabi/lib/thumb/v7-m\libc.a(lib_a-mallocr.o)
                0x2007ade8                __malloc_current_mallinfo
 .bss.__malloc_max_sbrked_mem
                0x2007ae10        0x4 c:/program files (x86)/atmel/studio/7.0/toolchain/arm/arm-gnu-toolchain/bin/../lib/gcc/arm-none-eabi/6.3.1/../../../../arm-none-eabi/lib/thumb/v7-m\libc.a(lib_a-mallocr.o)
                0x2007ae10                __malloc_max_sbrked_mem
 .bss.__malloc_max_total_mem
                0x2007ae14        0x4 c:/program files (x86)/atmel/studio/7.0/toolchain/arm/arm-gnu-toolchain/bin/../lib/gcc/arm-none-eabi/6.3.1/../../../../arm-none-eabi/lib/thumb/v7-m\libc.a(lib_a-mallocr.o)
                0x2007ae14                __malloc_max_total_mem
 .bss.__malloc_top_pad
                0x2007ae18        0x4 c:/program files (x86)/atmel/studio/7.0/toolchain/arm/arm-gnu-toolchain/bin/../lib/gcc/arm-none-eabi/6.3.1/../../../../arm-none-eabi/lib/thumb/v7-m\libc.a(lib_a-mallocr.o)
                0x2007ae18                __malloc_top_pad
 *(COMMON)
 COMMON         0x2007ae1c       0x28 src/motorController.o
                0x2007ae1c                pwm_channel_instance
 COMMON         0x2007ae44        0x4 src/ASF/common/utils/stdio/read.o
                0x2007ae44                ptr_get
 COMMON         0x2007ae48        0x8 src/ASF/common/utils/stdio/write.o
                0x2007ae48                ptr_put
                0x2007ae4c                stdio_base
 COMMON         0x2007ae50       0x21 c:/program files (x86)/atmel/studio/7.0/toolchain/arm/arm-gnu-toolchain/bin/../lib/gcc/arm-none-eabi/6.3.1/../../../../arm-none-eabi/lib/thumb/v7-m\libc.a(lib_a-lock.o)
                0x2007ae50                __lock___atexit_recursive_mutex
                0x2007ae54                __lock___arc4random_mutex
                0x2007ae58                __lock___env_recursive_mutex
                0x2007ae5c                __lock___sinit_recursive_mutex
                0x2007ae60                __lock___malloc_recursive_mutex
                0x2007ae64                __lock___at_quick_exit_mutex
                0x2007ae68                __lock___dd_hash_mutex
                0x2007ae6c                __lock___tz_mutex
                0x2007ae70                __lock___sfp_recursive_mutex
 *fill*         0x2007ae71        0x3 
 COMMON         0x2007ae74        0x4 c:/program files (x86)/atmel/studio/7.0/toolchain/arm/arm-gnu-toolchain/bin/../lib/gcc/arm-none-eabi/6.3.1/../../../../arm-none-eabi/lib/thumb/v7-m\libc.a(lib_a-reent.o)
                0x2007ae74                errno
                0x2007ae78                . = ALIGN (0x4)
                0x2007ae78                _ebss = .
                0x2007ae78                _ezero = .

.stack          0x2007ae78     0x2000 load address 0x00093550
                0x2007ae78                . = ALIGN (0x8)
                0x2007ae78                _sstack = .
                0x2007ce78                . = (. + __stack_size__)
 *fill*         0x2007ae78     0x2000 
                0x2007ce78                . = ALIGN (0x8)
                0x2007ce78                _estack = .
                0x2007ce78                . = ALIGN (0x4)
                0x2007ce78                _end = .
OUTPUT(FreeRTOS.elf elf32-littlearm)

.ARM.attributes
                0x00000000       0x29
 .ARM.attributes
                0x00000000       0x1d c:/program files (x86)/atmel/studio/7.0/toolchain/arm/arm-gnu-toolchain/bin/../lib/gcc/arm-none-eabi/6.3.1/thumb/v7-m/crti.o
 .ARM.attributes
                0x0000001d       0x2d c:/program files (x86)/atmel/studio/7.0/toolchain/arm/arm-gnu-toolchain/bin/../lib/gcc/arm-none-eabi/6.3.1/thumb/v7-m/crtbegin.o
 .ARM.attributes
                0x0000004a       0x33 src/debuggingLEDS.o
 .ARM.attributes
                0x0000007d       0x33 src/navigation.o
 .ARM.attributes
                0x000000b0       0x33 src/tasks/controlCenter.o
 .ARM.attributes
                0x000000e3       0x33 src/tasks/position.o
 .ARM.attributes
                0x00000116       0x33 src/tasks/regulator.o
 .ARM.attributes
                0x00000149       0x33 src/ASF/sam/drivers/pwm/pwm.o
 .ARM.attributes
                0x0000017c       0x33 src/ASF/sam/drivers/twi/twi.o
 .ARM.attributes
                0x000001af       0x33 src/encoderISR.o
 .ARM.attributes
                0x000001e2       0x33 src/I2C/I2CFunctions.o
 .ARM.attributes
                0x00000215       0x33 src/motorController.o
 .ARM.attributes
                0x00000248       0x33 src/ASF/common/utils/stdio/read.o
 .ARM.attributes
                0x0000027b       0x33 src/ASF/common/utils/stdio/write.o
 .ARM.attributes
                0x000002ae       0x33 src/ASF/sam/drivers/uart/uart.o
 .ARM.attributes
                0x000002e1       0x33 src/ASF/sam/drivers/usart/usart.o
 .ARM.attributes
                0x00000314       0x33 src/initializations/main_init.o
 .ARM.attributes
                0x00000347       0x33 src/ASF/thirdparty/freertos/freertos-7.3.0/source/list.o
 .ARM.attributes
                0x0000037a       0x33 src/ASF/thirdparty/freertos/freertos-7.3.0/source/portable/gcc/sam/port.o
 .ARM.attributes
                0x000003ad       0x33 src/ASF/thirdparty/freertos/freertos-7.3.0/source/portable/memmang/heap_4.o
 .ARM.attributes
                0x000003e0       0x33 src/ASF/thirdparty/freertos/freertos-7.3.0/source/queue.o
 .ARM.attributes
                0x00000413       0x33 src/ASF/thirdparty/freertos/freertos-7.3.0/source/tasks.o
 .ARM.attributes
                0x00000446       0x33 src/ASF/thirdparty/freertos/freertos-7.3.0/source/timers.o
 .ARM.attributes
                0x00000479       0x33 src/ASF/common/services/clock/sam3x/sysclk.o
 .ARM.attributes
                0x000004ac       0x33 src/ASF/sam/boards/arduino_due_x/init.o
 .ARM.attributes
                0x000004df       0x33 src/ASF/sam/drivers/pio/pio.o
 .ARM.attributes
                0x00000512       0x33 src/ASF/sam/drivers/pio/pio_handler.o
 .ARM.attributes
                0x00000545       0x33 src/ASF/sam/drivers/pmc/pmc.o
 .ARM.attributes
                0x00000578       0x33 src/ASF/sam/utils/cmsis/sam3x/source/templates/exceptions.o
 .ARM.attributes
                0x000005ab       0x33 src/ASF/sam/utils/cmsis/sam3x/source/templates/gcc/startup_sam3x.o
 .ARM.attributes
                0x000005de       0x33 src/ASF/sam/utils/cmsis/sam3x/source/templates/system_sam3x.o
 .ARM.attributes
                0x00000611       0x33 src/ASF/sam/utils/syscalls/gcc/syscalls.o
 .ARM.attributes
                0x00000644       0x33 src/main.o
 .ARM.attributes
                0x00000677       0x2d c:/program files (x86)/atmel/studio/7.0/toolchain/arm/arm-gnu-toolchain/bin/../lib/gcc/arm-none-eabi/6.3.1/../../../../arm-none-eabi/lib/thumb/v7-m\libm.a(lib_a-s_round.o)
 .ARM.attributes
                0x000006a4       0x2d c:/program files (x86)/atmel/studio/7.0/toolchain/arm/arm-gnu-toolchain/bin/../lib/gcc/arm-none-eabi/6.3.1/../../../../arm-none-eabi/lib/thumb/v7-m\libm.a(lib_a-w_atan2.o)
 .ARM.attributes
                0x000006d1       0x2d c:/program files (x86)/atmel/studio/7.0/toolchain/arm/arm-gnu-toolchain/bin/../lib/gcc/arm-none-eabi/6.3.1/../../../../arm-none-eabi/lib/thumb/v7-m\libm.a(lib_a-e_atan2.o)
 .ARM.attributes
                0x000006fe       0x2d c:/program files (x86)/atmel/studio/7.0/toolchain/arm/arm-gnu-toolchain/bin/../lib/gcc/arm-none-eabi/6.3.1/../../../../arm-none-eabi/lib/thumb/v7-m\libm.a(lib_a-s_atan.o)
 .ARM.attributes
                0x0000072b       0x2d c:/program files (x86)/atmel/studio/7.0/toolchain/arm/arm-gnu-toolchain/bin/../lib/gcc/arm-none-eabi/6.3.1/../../../../arm-none-eabi/lib/thumb/v7-m\libm.a(lib_a-s_fabs.o)
 .ARM.attributes
                0x00000758       0x1d c:/program files (x86)/atmel/studio/7.0/toolchain/arm/arm-gnu-toolchain/bin/../lib/gcc/arm-none-eabi/6.3.1/thumb/v7-m\libgcc.a(_arm_addsubdf3.o)
 .ARM.attributes
                0x00000775       0x1d c:/program files (x86)/atmel/studio/7.0/toolchain/arm/arm-gnu-toolchain/bin/../lib/gcc/arm-none-eabi/6.3.1/thumb/v7-m\libgcc.a(_arm_muldivdf3.o)
 .ARM.attributes
                0x00000792       0x1d c:/program files (x86)/atmel/studio/7.0/toolchain/arm/arm-gnu-toolchain/bin/../lib/gcc/arm-none-eabi/6.3.1/thumb/v7-m\libgcc.a(_arm_cmpdf2.o)
 .ARM.attributes
                0x000007af       0x1d c:/program files (x86)/atmel/studio/7.0/toolchain/arm/arm-gnu-toolchain/bin/../lib/gcc/arm-none-eabi/6.3.1/thumb/v7-m\libgcc.a(_arm_fixdfsi.o)
 .ARM.attributes
                0x000007cc       0x1d c:/program files (x86)/atmel/studio/7.0/toolchain/arm/arm-gnu-toolchain/bin/../lib/gcc/arm-none-eabi/6.3.1/thumb/v7-m\libgcc.a(_arm_truncdfsf2.o)
 .ARM.attributes
                0x000007e9       0x1d c:/program files (x86)/atmel/studio/7.0/toolchain/arm/arm-gnu-toolchain/bin/../lib/gcc/arm-none-eabi/6.3.1/thumb/v7-m\libgcc.a(_arm_addsubsf3.o)
 .ARM.attributes
                0x00000806       0x1d c:/program files (x86)/atmel/studio/7.0/toolchain/arm/arm-gnu-toolchain/bin/../lib/gcc/arm-none-eabi/6.3.1/thumb/v7-m\libgcc.a(_arm_muldivsf3.o)
 .ARM.attributes
                0x00000823       0x1d c:/program files (x86)/atmel/studio/7.0/toolchain/arm/arm-gnu-toolchain/bin/../lib/gcc/arm-none-eabi/6.3.1/thumb/v7-m\libgcc.a(_arm_cmpsf2.o)
 .ARM.attributes
                0x00000840       0x1d c:/program files (x86)/atmel/studio/7.0/toolchain/arm/arm-gnu-toolchain/bin/../lib/gcc/arm-none-eabi/6.3.1/thumb/v7-m\libgcc.a(_arm_fixsfsi.o)
 .ARM.attributes
                0x0000085d       0x2d c:/program files (x86)/atmel/studio/7.0/toolchain/arm/arm-gnu-toolchain/bin/../lib/gcc/arm-none-eabi/6.3.1/../../../../arm-none-eabi/lib/thumb/v7-m\libc.a(lib_a-impure.o)
 .ARM.attributes
                0x0000088a       0x2d c:/program files (x86)/atmel/studio/7.0/toolchain/arm/arm-gnu-toolchain/bin/../lib/gcc/arm-none-eabi/6.3.1/../../../../arm-none-eabi/lib/thumb/v7-m\libc.a(lib_a-init.o)
 .ARM.attributes
                0x000008b7       0x2d c:/program files (x86)/atmel/studio/7.0/toolchain/arm/arm-gnu-toolchain/bin/../lib/gcc/arm-none-eabi/6.3.1/../../../../arm-none-eabi/lib/thumb/v7-m\libc.a(lib_a-iprintf.o)
 .ARM.attributes
                0x000008e4       0x1b c:/program files (x86)/atmel/studio/7.0/toolchain/arm/arm-gnu-toolchain/bin/../lib/gcc/arm-none-eabi/6.3.1/../../../../arm-none-eabi/lib/thumb/v7-m\libc.a(lib_a-memcpy.o)
 .ARM.attributes
                0x000008ff       0x2d c:/program files (x86)/atmel/studio/7.0/toolchain/arm/arm-gnu-toolchain/bin/../lib/gcc/arm-none-eabi/6.3.1/../../../../arm-none-eabi/lib/thumb/v7-m\libc.a(lib_a-memset.o)
 .ARM.attributes
                0x0000092c       0x2d c:/program files (x86)/atmel/studio/7.0/toolchain/arm/arm-gnu-toolchain/bin/../lib/gcc/arm-none-eabi/6.3.1/../../../../arm-none-eabi/lib/thumb/v7-m\libc.a(lib_a-setbuf.o)
 .ARM.attributes
                0x00000959       0x2d c:/program files (x86)/atmel/studio/7.0/toolchain/arm/arm-gnu-toolchain/bin/../lib/gcc/arm-none-eabi/6.3.1/../../../../arm-none-eabi/lib/thumb/v7-m\libc.a(lib_a-setvbuf.o)
 .ARM.attributes
                0x00000986       0x2d c:/program files (x86)/atmel/studio/7.0/toolchain/arm/arm-gnu-toolchain/bin/../lib/gcc/arm-none-eabi/6.3.1/../../../../arm-none-eabi/lib/thumb/v7-m\libc.a(lib_a-strlen-stub.o)
 .ARM.attributes
                0x000009b3       0x2d c:/program files (x86)/atmel/studio/7.0/toolchain/arm/arm-gnu-toolchain/bin/../lib/gcc/arm-none-eabi/6.3.1/../../../../arm-none-eabi/lib/thumb/v7-m\libc.a(lib_a-strncpy.o)
 .ARM.attributes
                0x000009e0       0x2d c:/program files (x86)/atmel/studio/7.0/toolchain/arm/arm-gnu-toolchain/bin/../lib/gcc/arm-none-eabi/6.3.1/../../../../arm-none-eabi/lib/thumb/v7-m\libc.a(lib_a-vfiprintf.o)
 .ARM.attributes
                0x00000a0d       0x2d c:/program files (x86)/atmel/studio/7.0/toolchain/arm/arm-gnu-toolchain/bin/../lib/gcc/arm-none-eabi/6.3.1/../../../../arm-none-eabi/lib/thumb/v7-m\libc.a(lib_a-wsetup.o)
 .ARM.attributes
                0x00000a3a       0x2d c:/program files (x86)/atmel/studio/7.0/toolchain/arm/arm-gnu-toolchain/bin/../lib/gcc/arm-none-eabi/6.3.1/../../../../arm-none-eabi/lib/thumb/v7-m\libc.a(lib_a-__call_atexit.o)
 .ARM.attributes
                0x00000a67       0x2d c:/program files (x86)/atmel/studio/7.0/toolchain/arm/arm-gnu-toolchain/bin/../lib/gcc/arm-none-eabi/6.3.1/../../../../arm-none-eabi/lib/thumb/v7-m\libc.a(lib_a-atexit.o)
 .ARM.attributes
                0x00000a94       0x2d c:/program files (x86)/atmel/studio/7.0/toolchain/arm/arm-gnu-toolchain/bin/../lib/gcc/arm-none-eabi/6.3.1/../../../../arm-none-eabi/lib/thumb/v7-m\libc.a(lib_a-fflush.o)
 .ARM.attributes
                0x00000ac1       0x2d c:/program files (x86)/atmel/studio/7.0/toolchain/arm/arm-gnu-toolchain/bin/../lib/gcc/arm-none-eabi/6.3.1/../../../../arm-none-eabi/lib/thumb/v7-m\libc.a(lib_a-findfp.o)
 .ARM.attributes
                0x00000aee       0x2d c:/program files (x86)/atmel/studio/7.0/toolchain/arm/arm-gnu-toolchain/bin/../lib/gcc/arm-none-eabi/6.3.1/../../../../arm-none-eabi/lib/thumb/v7-m\libc.a(lib_a-fini.o)
 .ARM.attributes
                0x00000b1b       0x2d c:/program files (x86)/atmel/studio/7.0/toolchain/arm/arm-gnu-toolchain/bin/../lib/gcc/arm-none-eabi/6.3.1/../../../../arm-none-eabi/lib/thumb/v7-m\libc.a(lib_a-fputwc.o)
 .ARM.attributes
                0x00000b48       0x2d c:/program files (x86)/atmel/studio/7.0/toolchain/arm/arm-gnu-toolchain/bin/../lib/gcc/arm-none-eabi/6.3.1/../../../../arm-none-eabi/lib/thumb/v7-m\libc.a(lib_a-freer.o)
 .ARM.attributes
                0x00000b75       0x2d c:/program files (x86)/atmel/studio/7.0/toolchain/arm/arm-gnu-toolchain/bin/../lib/gcc/arm-none-eabi/6.3.1/../../../../arm-none-eabi/lib/thumb/v7-m\libc.a(lib_a-fvwrite.o)
 .ARM.attributes
                0x00000ba2       0x2d c:/program files (x86)/atmel/studio/7.0/toolchain/arm/arm-gnu-toolchain/bin/../lib/gcc/arm-none-eabi/6.3.1/../../../../arm-none-eabi/lib/thumb/v7-m\libc.a(lib_a-fwalk.o)
 .ARM.attributes
                0x00000bcf       0x2d c:/program files (x86)/atmel/studio/7.0/toolchain/arm/arm-gnu-toolchain/bin/../lib/gcc/arm-none-eabi/6.3.1/../../../../arm-none-eabi/lib/thumb/v7-m\libc.a(lib_a-locale.o)
 .ARM.attributes
                0x00000bfc       0x2d c:/program files (x86)/atmel/studio/7.0/toolchain/arm/arm-gnu-toolchain/bin/../lib/gcc/arm-none-eabi/6.3.1/../../../../arm-none-eabi/lib/thumb/v7-m\libc.a(lib_a-lock.o)
 .ARM.attributes
                0x00000c29       0x2d c:/program files (x86)/atmel/studio/7.0/toolchain/arm/arm-gnu-toolchain/bin/../lib/gcc/arm-none-eabi/6.3.1/../../../../arm-none-eabi/lib/thumb/v7-m\libc.a(lib_a-makebuf.o)
 .ARM.attributes
                0x00000c56       0x2d c:/program files (x86)/atmel/studio/7.0/toolchain/arm/arm-gnu-toolchain/bin/../lib/gcc/arm-none-eabi/6.3.1/../../../../arm-none-eabi/lib/thumb/v7-m\libc.a(lib_a-malloc.o)
 .ARM.attributes
                0x00000c83       0x2d c:/program files (x86)/atmel/studio/7.0/toolchain/arm/arm-gnu-toolchain/bin/../lib/gcc/arm-none-eabi/6.3.1/../../../../arm-none-eabi/lib/thumb/v7-m\libc.a(lib_a-mallocr.o)
 .ARM.attributes
                0x00000cb0       0x2d c:/program files (x86)/atmel/studio/7.0/toolchain/arm/arm-gnu-toolchain/bin/../lib/gcc/arm-none-eabi/6.3.1/../../../../arm-none-eabi/lib/thumb/v7-m\libc.a(lib_a-mbtowc_r.o)
 .ARM.attributes
                0x00000cdd       0x2d c:/program files (x86)/atmel/studio/7.0/toolchain/arm/arm-gnu-toolchain/bin/../lib/gcc/arm-none-eabi/6.3.1/../../../../arm-none-eabi/lib/thumb/v7-m\libc.a(lib_a-memchr-stub.o)
 .ARM.attributes
                0x00000d0a       0x2d c:/program files (x86)/atmel/studio/7.0/toolchain/arm/arm-gnu-toolchain/bin/../lib/gcc/arm-none-eabi/6.3.1/../../../../arm-none-eabi/lib/thumb/v7-m\libc.a(lib_a-memmove.o)
 .ARM.attributes
                0x00000d37       0x2d c:/program files (x86)/atmel/studio/7.0/toolchain/arm/arm-gnu-toolchain/bin/../lib/gcc/arm-none-eabi/6.3.1/../../../../arm-none-eabi/lib/thumb/v7-m\libc.a(lib_a-mlock.o)
 .ARM.attributes