Archive member included to satisfy reference by file (symbol)

c:/program files (x86)/atmel/studio/7.0/toolchain/arm/arm-gnu-toolchain/bin/../lib/gcc/arm-none-eabi/6.3.1/../../../../arm-none-eabi/lib/thumb/v7-m\libc.a(lib_a-exit.o)
                              c:/program files (x86)/atmel/studio/7.0/toolchain/arm/arm-gnu-toolchain/bin/../lib/gcc/arm-none-eabi/6.3.1/../../../../arm-none-eabi/lib/thumb/v7-m/crt0.o (exit)
c:/program files (x86)/atmel/studio/7.0/toolchain/arm/arm-gnu-toolchain/bin/../lib/gcc/arm-none-eabi/6.3.1/../../../../arm-none-eabi/lib/thumb/v7-m\libc.a(lib_a-impure.o)
                              c:/program files (x86)/atmel/studio/7.0/toolchain/arm/arm-gnu-toolchain/bin/../lib/gcc/arm-none-eabi/6.3.1/../../../../arm-none-eabi/lib/thumb/v7-m\libc.a(lib_a-exit.o) (_global_impure_ptr)
c:/program files (x86)/atmel/studio/7.0/toolchain/arm/arm-gnu-toolchain/bin/../lib/gcc/arm-none-eabi/6.3.1/../../../../arm-none-eabi/lib/thumb/v7-m\libc.a(lib_a-init.o)
                              c:/program files (x86)/atmel/studio/7.0/toolchain/arm/arm-gnu-toolchain/bin/../lib/gcc/arm-none-eabi/6.3.1/../../../../arm-none-eabi/lib/thumb/v7-m/crt0.o (__libc_init_array)
c:/program files (x86)/atmel/studio/7.0/toolchain/arm/arm-gnu-toolchain/bin/../lib/gcc/arm-none-eabi/6.3.1/../../../../arm-none-eabi/lib/thumb/v7-m\libc.a(lib_a-iprintf.o)
                              src/task_i2c.o (iprintf)
c:/program files (x86)/atmel/studio/7.0/toolchain/arm/arm-gnu-toolchain/bin/../lib/gcc/arm-none-eabi/6.3.1/../../../../arm-none-eabi/lib/thumb/v7-m\libc.a(lib_a-memcpy.o)
                              src/ASF/thirdparty/freertos/freertos-7.3.0/source/queue.o (memcpy)
c:/program files (x86)/atmel/studio/7.0/toolchain/arm/arm-gnu-toolchain/bin/../lib/gcc/arm-none-eabi/6.3.1/../../../../arm-none-eabi/lib/thumb/v7-m\libc.a(lib_a-memset.o)
                              c:/program files (x86)/atmel/studio/7.0/toolchain/arm/arm-gnu-toolchain/bin/../lib/gcc/arm-none-eabi/6.3.1/../../../../arm-none-eabi/lib/thumb/v7-m/crt0.o (memset)
c:/program files (x86)/atmel/studio/7.0/toolchain/arm/arm-gnu-toolchain/bin/../lib/gcc/arm-none-eabi/6.3.1/../../../../arm-none-eabi/lib/thumb/v7-m\libc.a(lib_a-setbuf.o)
                              src/test.o (setbuf)
c:/program files (x86)/atmel/studio/7.0/toolchain/arm/arm-gnu-toolchain/bin/../lib/gcc/arm-none-eabi/6.3.1/../../../../arm-none-eabi/lib/thumb/v7-m\libc.a(lib_a-setvbuf.o)
                              c:/program files (x86)/atmel/studio/7.0/toolchain/arm/arm-gnu-toolchain/bin/../lib/gcc/arm-none-eabi/6.3.1/../../../../arm-none-eabi/lib/thumb/v7-m\libc.a(lib_a-setbuf.o) (setvbuf)
c:/program files (x86)/atmel/studio/7.0/toolchain/arm/arm-gnu-toolchain/bin/../lib/gcc/arm-none-eabi/6.3.1/../../../../arm-none-eabi/lib/thumb/v7-m\libc.a(lib_a-sprintf.o)
                              src/ASF/thirdparty/freertos/freertos-7.3.0/source/tasks.o (sprintf)
c:/program files (x86)/atmel/studio/7.0/toolchain/arm/arm-gnu-toolchain/bin/../lib/gcc/arm-none-eabi/6.3.1/../../../../arm-none-eabi/lib/thumb/v7-m\libc.a(lib_a-strcat.o)
                              src/ASF/thirdparty/freertos/freertos-7.3.0/source/tasks.o (strcat)
c:/program files (x86)/atmel/studio/7.0/toolchain/arm/arm-gnu-toolchain/bin/../lib/gcc/arm-none-eabi/6.3.1/../../../../arm-none-eabi/lib/thumb/v7-m\libc.a(lib_a-strcpy.o)
                              c:/program files (x86)/atmel/studio/7.0/toolchain/arm/arm-gnu-toolchain/bin/../lib/gcc/arm-none-eabi/6.3.1/../../../../arm-none-eabi/lib/thumb/v7-m\libc.a(lib_a-strcat.o) (strcpy)
c:/program files (x86)/atmel/studio/7.0/toolchain/arm/arm-gnu-toolchain/bin/../lib/gcc/arm-none-eabi/6.3.1/../../../../arm-none-eabi/lib/thumb/v7-m\libc.a(lib_a-strlen-stub.o)
                              src/ASF/thirdparty/freertos/freertos-7.3.0/source/FreeRTOS_CLI.o (strlen)
c:/program files (x86)/atmel/studio/7.0/toolchain/arm/arm-gnu-toolchain/bin/../lib/gcc/arm-none-eabi/6.3.1/../../../../arm-none-eabi/lib/thumb/v7-m\libc.a(lib_a-strncmp.o)
                              src/ASF/thirdparty/freertos/freertos-7.3.0/source/FreeRTOS_CLI.o (strncmp)
c:/program files (x86)/atmel/studio/7.0/toolchain/arm/arm-gnu-toolchain/bin/../lib/gcc/arm-none-eabi/6.3.1/../../../../arm-none-eabi/lib/thumb/v7-m\libc.a(lib_a-strncpy.o)
                              src/ASF/thirdparty/freertos/freertos-7.3.0/source/FreeRTOS_CLI.o (strncpy)
c:/program files (x86)/atmel/studio/7.0/toolchain/arm/arm-gnu-toolchain/bin/../lib/gcc/arm-none-eabi/6.3.1/../../../../arm-none-eabi/lib/thumb/v7-m\libc.a(lib_a-svfprintf.o)
                              c:/program files (x86)/atmel/studio/7.0/toolchain/arm/arm-gnu-toolchain/bin/../lib/gcc/arm-none-eabi/6.3.1/../../../../arm-none-eabi/lib/thumb/v7-m\libc.a(lib_a-sprintf.o) (_svfprintf_r)
[...]
Memory Configuration

Name             Origin             Length             Attributes
rom              0x00080000         0x00080000         xr
sram0            0x20000000         0x00010000         xrw
sram1            0x20080000         0x00008000         xrw
ram              0x20070000         0x00018000         xrw
*default*        0x00000000         0xffffffff

Linker script and memory map

LOAD c:/program files (x86)/atmel/studio/7.0/toolchain/arm/arm-gnu-toolchain/bin/../lib/gcc/arm-none-eabi/6.3.1/thumb/v7-m/crti.o
LOAD c:/program files (x86)/atmel/studio/7.0/toolchain/arm/arm-gnu-toolchain/bin/../lib/gcc/arm-none-eabi/6.3.1/thumb/v7-m/crtbegin.o
LOAD c:/program files (x86)/atmel/studio/7.0/toolchain/arm/arm-gnu-toolchain/bin/../lib/gcc/arm-none-eabi/6.3.1/../../../../arm-none-eabi/lib/thumb/v7-m/crt0.o
LOAD src/ASF/thirdparty/freertos/freertos-7.3.0/source/FreeRTOS_CLI.o
LOAD src/ASF/thirdparty/freertos/freertos-7.3.0/source/list.o
LOAD src/ASF/thirdparty/freertos/freertos-7.3.0/source/portable/gcc/sam/port.o
LOAD src/ASF/thirdparty/freertos/freertos-7.3.0/source/portable/memmang/heap_4.o
LOAD src/ASF/thirdparty/freertos/freertos-7.3.0/source/queue.o
LOAD src/ASF/thirdparty/freertos/freertos-7.3.0/source/tasks.o
LOAD src/ASF/thirdparty/freertos/freertos-7.3.0/source/timers.o
LOAD src/task_i2c.o
LOAD src/test.o
LOAD src/ASF/common/services/delay/sam/cycle_counter.o
LOAD src/ASF/common/utils/stdio/read.o
LOAD src/ASF/sam/drivers/twi/twi.o
LOAD src/ASF/sam/drivers/usart/usart.o
LOAD src/ASF/thirdparty/wireless/addons/sio2host/uart/sio2host.o
LOAD src/I2CFunctions.o
LOAD src/ASF/common/utils/stdio/write.o
LOAD src/ASF/common/services/serial/usart_serial.o
LOAD src/ASF/sam/drivers/uart/uart.o
LOAD src/ASF/common/services/clock/sam3x/sysclk.o
LOAD src/ASF/common/utils/interrupt/interrupt_sam_nvic.o
LOAD src/ASF/sam/boards/arduino_due_x/init.o
LOAD src/ASF/sam/drivers/pio/pio.o
LOAD src/ASF/sam/drivers/pio/pio_handler.o
LOAD src/ASF/sam/drivers/pmc/pmc.o
LOAD src/ASF/sam/drivers/pmc/sleep.o
LOAD src/ASF/sam/utils/cmsis/sam3x/source/templates/exceptions.o
LOAD src/ASF/sam/utils/cmsis/sam3x/source/templates/gcc/startup_sam3x.o
LOAD src/ASF/sam/utils/cmsis/sam3x/source/templates/system_sam3x.o
LOAD src/ASF/sam/utils/syscalls/gcc/syscalls.o
LOAD src/main.o
START GROUP
LOAD ../src/ASF/thirdparty/CMSIS/Lib/GCC\libarm_cortexM3l_math.a
LOAD c:/program files (x86)/atmel/studio/7.0/toolchain/arm/arm-gnu-toolchain/bin/../lib/gcc/arm-none-eabi/6.3.1/../../../../arm-none-eabi/lib/thumb/v7-m\libm.a
END GROUP
START GROUP
LOAD c:/program files (x86)/atmel/studio/7.0/toolchain/arm/arm-gnu-toolchain/bin/../lib/gcc/arm-none-eabi/6.3.1/thumb/v7-m\libgcc.a
LOAD c:/program files (x86)/atmel/studio/7.0/toolchain/arm/arm-gnu-toolchain/bin/../lib/gcc/arm-none-eabi/6.3.1/../../../../arm-none-eabi/lib/thumb/v7-m\libc.a
END GROUP
LOAD c:/program files (x86)/atmel/studio/7.0/toolchain/arm/arm-gnu-toolchain/bin/../lib/gcc/arm-none-eabi/6.3.1/thumb/v7-m/crtend.o
LOAD c:/program files (x86)/atmel/studio/7.0/toolchain/arm/arm-gnu-toolchain/bin/../lib/gcc/arm-none-eabi/6.3.1/thumb/v7-m/crtn.o
                0x00002000                __stack_size__ = DEFINED (__stack_size__)?__stack_size__:0x2000
                0x20087ffc                __ram_end__ = ((ORIGIN (ram) + LENGTH (ram)) - 0x4)

.text           0x00080000     0x5898
                0x00080000                . = ALIGN (0x4)
                0x00080000                _sfixed = .
 *(.vectors .vectors.*)
 .vectors       0x00080000       0xf4 src/ASF/sam/utils/cmsis/sam3x/source/templates/gcc/startup_sam3x.o
                0x00080000                exception_table
 *(.text .text.* .gnu.linkonce.t.*)
 .text          0x000800f4       0x6c c:/program files (x86)/atmel/studio/7.0/toolchain/arm/arm-gnu-toolchain/bin/../lib/gcc/arm-none-eabi/6.3.1/thumb/v7-m/crtbegin.o
 .text.vListInitialise
                0x00080160       0x16 src/ASF/thirdparty/freertos/freertos-7.3.0/source/list.o
                0x00080160                vListInitialise
 .text.vListInitialiseItem
                0x00080176        0x6 src/ASF/thirdparty/freertos/freertos-7.3.0/source/list.o
                0x00080176                vListInitialiseItem
 .text.vListInsertEnd
                0x0008017c       0x1c src/ASF/thirdparty/freertos/freertos-7.3.0/source/list.o
                0x0008017c                vListInsertEnd
 .text.vListInsert
                0x00080198       0x3a src/ASF/thirdparty/freertos/freertos-7.3.0/source/list.o
                0x00080198                vListInsert
 .text.uxListRemove
                0x000801d2       0x26 src/ASF/thirdparty/freertos/freertos-7.3.0/source/list.o
                0x000801d2                uxListRemove
 .text.prvPortStartFirstTask
                0x000801f8       0x14 src/ASF/thirdparty/freertos/freertos-7.3.0/source/portable/gcc/sam/port.o
 .text.pxPortInitialiseStack
                0x0008020c       0x1a src/ASF/thirdparty/freertos/freertos-7.3.0/source/portable/gcc/sam/port.o
                0x0008020c                pxPortInitialiseStack
 *fill*         0x00080226        0x2 
 .text.SVC_Handler
                0x00080228       0x20 src/ASF/thirdparty/freertos/freertos-7.3.0/source/portable/gcc/sam/port.o
                0x00080228                SVC_Handler
 .text.vPortYieldFromISR
                0x00080248       0x10 src/ASF/thirdparty/freertos/freertos-7.3.0/source/portable/gcc/sam/port.o
                0x00080248                vPortYieldFromISR
 .text.ulPortSetInterruptMask
                0x00080258       0x10 src/ASF/thirdparty/freertos/freertos-7.3.0/source/portable/gcc/sam/port.o
                0x00080258                ulPortSetInterruptMask
 .text.vPortEnterCritical
                0x00080268       0x18 src/ASF/thirdparty/freertos/freertos-7.3.0/source/portable/gcc/sam/port.o
                0x00080268                vPortEnterCritical
 .text.vPortClearInterruptMask
                0x00080280        0x6 src/ASF/thirdparty/freertos/freertos-7.3.0/source/portable/gcc/sam/port.o
                0x00080280                vPortClearInterruptMask
 *fill*         0x00080286        0x2 
 .text.vPortExitCritical
                0x00080288       0x20 src/ASF/thirdparty/freertos/freertos-7.3.0/source/portable/gcc/sam/port.o
                0x00080288                vPortExitCritical
 .text.PendSV_Handler
                0x000802a8       0x3c src/ASF/thirdparty/freertos/freertos-7.3.0/source/portable/gcc/sam/port.o
                0x000802a8                PendSV_Handler
 .text.SysTick_Handler
                0x000802e4       0x2c src/ASF/thirdparty/freertos/freertos-7.3.0/source/portable/gcc/sam/port.o
                0x000802e4                SysTick_Handler
 .text.vPortSetupTimerInterrupt
                0x00080310       0x18 src/ASF/thirdparty/freertos/freertos-7.3.0/source/portable/gcc/sam/port.o
                0x00080310                vPortSetupTimerInterrupt
 .text.xPortStartScheduler
                0x00080328       0x38 src/ASF/thirdparty/freertos/freertos-7.3.0/source/portable/gcc/sam/port.o
                0x00080328                xPortStartScheduler
 .text.prvInsertBlockIntoFreeList
                0x00080360       0x58 src/ASF/thirdparty/freertos/freertos-7.3.0/source/portable/memmang/heap_4.o
 .text.pvPortMalloc
                0x000803b8       0xcc src/ASF/thirdparty/freertos/freertos-7.3.0/source/portable/memmang/heap_4.o
                0x000803b8                pvPortMalloc
 .text.vPortFree
                0x00080484       0x38 src/ASF/thirdparty/freertos/freertos-7.3.0/source/portable/memmang/heap_4.o
                0x00080484                vPortFree
 .text.prvCopyDataToQueue
                0x000804bc       0x68 src/ASF/thirdparty/freertos/freertos-7.3.0/source/queue.o
 .text.prvCopyDataFromQueue
                0x00080524       0x28 src/ASF/thirdparty/freertos/freertos-7.3.0/source/queue.o
 .text.prvUnlockQueue
                0x0008054c       0x94 src/ASF/thirdparty/freertos/freertos-7.3.0/source/queue.o
 .text.xQueueGenericReset
                0x000805e0       0x80 src/ASF/thirdparty/freertos/freertos-7.3.0/source/queue.o
                0x000805e0                xQueueGenericReset
 .text.xQueueGenericCreate
                0x00080660       0x54 src/ASF/thirdparty/freertos/freertos-7.3.0/source/queue.o
                0x00080660                xQueueGenericCreate
 .text.xQueueGenericSend
                0x000806b4      0x128 src/ASF/thirdparty/freertos/freertos-7.3.0/source/queue.o
                0x000806b4                xQueueGenericSend
 .text.xQueueGenericSendFromISR
                0x000807dc       0x90 src/ASF/thirdparty/freertos/freertos-7.3.0/source/queue.o
                0x000807dc                xQueueGenericSendFromISR
 .text.xQueueGenericReceive
                0x0008086c      0x168 src/ASF/thirdparty/freertos/freertos-7.3.0/source/queue.o
                0x0008086c                xQueueGenericReceive
 .text.vQueueWaitForMessageRestricted
                0x000809d4       0x50 src/ASF/thirdparty/freertos/freertos-7.3.0/source/queue.o
                0x000809d4                vQueueWaitForMessageRestricted
 .text.prvAddCurrentTaskToDelayedList
                0x00080a24       0x58 src/ASF/thirdparty/freertos/freertos-7.3.0/source/tasks.o
 .text.xTaskGenericCreate
                0x00080a7c      0x204 src/ASF/thirdparty/freertos/freertos-7.3.0/source/tasks.o
                0x00080a7c                xTaskGenericCreate
 .text.vTaskStartScheduler
                0x00080c80       0x68 src/ASF/thirdparty/freertos/freertos-7.3.0/source/tasks.o
                0x00080c80                vTaskStartScheduler
 .text.vTaskSuspendAll
                0x00080ce8       0x10 src/ASF/thirdparty/freertos/freertos-7.3.0/source/tasks.o
                0x00080ce8                vTaskSuspendAll
 .text.xTaskGetTickCount
                0x00080cf8       0x20 src/ASF/thirdparty/freertos/freertos-7.3.0/source/tasks.o
                0x00080cf8                xTaskGetTickCount
 .text.vTaskIncrementTick
                0x00080d18      0x128 src/ASF/thirdparty/freertos/freertos-7.3.0/source/tasks.o
                0x00080d18                vTaskIncrementTick
 .text.xTaskResumeAll
                0x00080e40      0x100 src/ASF/thirdparty/freertos/freertos-7.3.0/source/tasks.o
                0x00080e40                xTaskResumeAll
 .text.vTaskDelayUntil
                0x00080f40       0x8c src/ASF/thirdparty/freertos/freertos-7.3.0/source/tasks.o
                0x00080f40                vTaskDelayUntil
 .text.prvIdleTask
                0x00080fcc       0x88 src/ASF/thirdparty/freertos/freertos-7.3.0/source/tasks.o
 .text.vTaskSwitchContext
                0x00081054       0xa0 src/ASF/thirdparty/freertos/freertos-7.3.0/source/tasks.o
                0x00081054                vTaskSwitchContext
 .text.vTaskPlaceOnEventList
                0x000810f4       0x60 src/ASF/thirdparty/freertos/freertos-7.3.0/source/tasks.o
                0x000810f4                vTaskPlaceOnEventList
 .text.vTaskPlaceOnEventListRestricted
                0x00081154       0x44 src/ASF/thirdparty/freertos/freertos-7.3.0/source/tasks.o
                0x00081154                vTaskPlaceOnEventListRestricted
 .text.xTaskRemoveFromEventList
                0x00081198       0x84 src/ASF/thirdparty/freertos/freertos-7.3.0/source/tasks.o
                0x00081198                xTaskRemoveFromEventList
 .text.vTaskSetTimeOutState
                0x0008121c       0x28 src/ASF/thirdparty/freertos/freertos-7.3.0/source/tasks.o
                0x0008121c                vTaskSetTimeOutState
 .text.xTaskCheckForTimeOut
                0x00081244       0x84 src/ASF/thirdparty/freertos/freertos-7.3.0/source/tasks.o
                0x00081244                xTaskCheckForTimeOut
 .text.vTaskMissedYield
                0x000812c8        0xc src/ASF/thirdparty/freertos/freertos-7.3.0/source/tasks.o
                0x000812c8                vTaskMissedYield
 .text.xTaskGetCurrentTaskHandle
                0x000812d4        0xc src/ASF/thirdparty/freertos/freertos-7.3.0/source/tasks.o
                0x000812d4                xTaskGetCurrentTaskHandle
 .text.xTaskGetSchedulerState
                0x000812e0       0x20 src/ASF/thirdparty/freertos/freertos-7.3.0/source/tasks.o
                0x000812e0                xTaskGetSchedulerState
 .text.vTaskPriorityInherit
                0x00081300       0x80 src/ASF/thirdparty/freertos/freertos-7.3.0/source/tasks.o
                0x00081300                vTaskPriorityInherit
 .text.vTaskPriorityDisinherit
                0x00081380       0x50 src/ASF/thirdparty/freertos/freertos-7.3.0/source/tasks.o
                0x00081380                vTaskPriorityDisinherit
 .text.prvInsertTimerInActiveList
                0x000813d0       0x4c src/ASF/thirdparty/freertos/freertos-7.3.0/source/timers.o
 .text.prvCheckForValidListAndQueue
                0x0008141c       0x5c src/ASF/thirdparty/freertos/freertos-7.3.0/source/timers.o
 .text.xTimerCreateTimerTask
                0x00081478       0x4c src/ASF/thirdparty/freertos/freertos-7.3.0/source/timers.o
                0x00081478                xTimerCreateTimerTask
 .text.xTimerGenericCommand
                0x000814c4       0x54 src/ASF/thirdparty/freertos/freertos-7.3.0/source/timers.o
                0x000814c4                xTimerGenericCommand
 .text.prvSampleTimeNow
                0x00081518       0xb0 src/ASF/thirdparty/freertos/freertos-7.3.0/source/timers.o
 .text.prvTimerTask
                0x000815c8      0x174 src/ASF/thirdparty/freertos/freertos-7.3.0/source/timers.o
 .text.task1    0x0008173c      0x160 src/task_i2c.o
                0x0008173c                task1
 .text.usart_serial_getchar
                0x0008189c       0xac src/test.o
 .text.usart_serial_putchar
                0x00081948       0x9c src/test.o
 .text.console_init
                0x000819e4       0x94 src/test.o
                0x000819e4                console_init
 .text._read    0x00081a78       0x3c src/ASF/common/utils/stdio/read.o
                0x00081a78                _read
 .text.twi_set_speed
                0x00081ab4       0xb8 src/ASF/sam/drivers/twi/twi.o
                0x00081ab4                twi_set_speed
 .text.twi_master_init
                0x00081b6c       0x40 src/ASF/sam/drivers/twi/twi.o
                0x00081b6c                twi_master_init
 .text.twi_mk_addr
                0x00081bac       0x22 src/ASF/sam/drivers/twi/twi.o
                0x00081bac                twi_mk_addr
 *fill*         0x00081bce        0x2 
 .text.twi_master_read
                0x00081bd0       0xc0 src/ASF/sam/drivers/twi/twi.o
                0x00081bd0                twi_master_read
 .text.twi_master_write
                0x00081c90       0x88 src/ASF/sam/drivers/twi/twi.o
                0x00081c90                twi_master_write
 .text.usart_write
                0x00081d18       0x14 src/ASF/sam/drivers/usart/usart.o
                0x00081d18                usart_write
 .text.usart_read
                0x00081d2c       0x18 src/ASF/sam/drivers/usart/usart.o
                0x00081d2c                usart_read
 .text.USART0_Handler
                0x00081d44       0x60 src/ASF/thirdparty/wireless/addons/sio2host/uart/sio2host.o
                0x00081d44                USART0_Handler
 .text.init_twi
                0x00081da4       0x40 src/I2CFunctions.o
                0x00081da4                init_twi
 .text.send_package
                0x00081de4       0x7c src/I2CFunctions.o
                0x00081de4                send_package
 .text.read_package
                0x00081e60       0x28 src/I2CFunctions.o
                0x00081e60                read_package
 .text._write   0x00081e88       0x50 src/ASF/common/utils/stdio/write.o
                0x00081e88                _write
 .text.usart_serial_read_packet
                0x00081ed8       0xc8 src/ASF/common/services/serial/usart_serial.o
                0x00081ed8                usart_serial_read_packet
 .text.uart_init
                0x00081fa0       0x36 src/ASF/sam/drivers/uart/uart.o
                0x00081fa0                uart_init
 .text.uart_write
                0x00081fd6       0x10 src/ASF/sam/drivers/uart/uart.o
                0x00081fd6                uart_write
 .text.uart_read
                0x00081fe6       0x12 src/ASF/sam/drivers/uart/uart.o
                0x00081fe6                uart_read
 .text.sysclk_init
                0x00081ff8       0x64 src/ASF/common/services/clock/sam3x/sysclk.o
                0x00081ff8                sysclk_init
 .text.board_init
                0x0008205c       0xa0 src/ASF/sam/boards/arduino_due_x/init.o
                0x0008205c                board_init
 .text.pio_set_peripheral
                0x000820fc       0x3e src/ASF/sam/drivers/pio/pio.o
                0x000820fc                pio_set_peripheral
 .text.pio_set_input
                0x0008213a       0x32 src/ASF/sam/drivers/pio/pio.o
                0x0008213a                pio_set_input
 .text.pio_set_output
                0x0008216c       0x26 src/ASF/sam/drivers/pio/pio.o
                0x0008216c                pio_set_output
 .text.pio_get_interrupt_status
                0x00082192        0x4 src/ASF/sam/drivers/pio/pio.o
                0x00082192                pio_get_interrupt_status
 .text.pio_get_interrupt_mask
                0x00082196        0x4 src/ASF/sam/drivers/pio/pio.o
                0x00082196                pio_get_interrupt_mask
 *fill*         0x0008219a        0x2 
 .text.pio_configure_pin
                0x0008219c       0xd0 src/ASF/sam/drivers/pio/pio.o
                0x0008219c                pio_configure_pin
 .text.pio_configure_pin_group
                0x0008226c       0x9c src/ASF/sam/drivers/pio/pio.o
                0x0008226c                pio_configure_pin_group
 .text.pio_handler_process
                0x00082308       0x50 src/ASF/sam/drivers/pio/pio_handler.o
                0x00082308                pio_handler_process
 .text.PIOA_Handler
                0x00082358       0x14 src/ASF/sam/drivers/pio/pio_handler.o
                0x00082358                PIOA_Handler
 .text.PIOB_Handler
                0x0008236c       0x14 src/ASF/sam/drivers/pio/pio_handler.o
                0x0008236c                PIOB_Handler
 .text.PIOC_Handler
                0x00082380       0x14 src/ASF/sam/drivers/pio/pio_handler.o
                0x00082380                PIOC_Handler
 .text.PIOD_Handler
                0x00082394       0x14 src/ASF/sam/drivers/pio/pio_handler.o
                0x00082394                PIOD_Handler
 .text.pmc_switch_mck_to_pllack
                0x000823a8       0x64 src/ASF/sam/drivers/pmc/pmc.o
                0x000823a8                pmc_switch_mck_to_pllack
 .text.pmc_switch_mainck_to_xtal
                0x0008240c       0x54 src/ASF/sam/drivers/pmc/pmc.o
                0x0008240c                pmc_switch_mainck_to_xtal
 .text.pmc_osc_is_ready_mainck
                0x00082460       0x10 src/ASF/sam/drivers/pmc/pmc.o
                0x00082460                pmc_osc_is_ready_mainck
 .text.pmc_disable_pllack
                0x00082470       0x10 src/ASF/sam/drivers/pmc/pmc.o
                0x00082470                pmc_disable_pllack
 .text.pmc_is_locked_pllack
                0x00082480       0x10 src/ASF/sam/drivers/pmc/pmc.o
                0x00082480                pmc_is_locked_pllack
 .text.pmc_enable_periph_clk
                0x00082490       0x54 src/ASF/sam/drivers/pmc/pmc.o
                0x00082490                pmc_enable_periph_clk
 .text.Dummy_Handler
                0x000824e4        0x2 src/ASF/sam/utils/cmsis/sam3x/source/templates/exceptions.o
                0x000824e4                DACC_Handler
                0x000824e4                DebugMon_Handler
                0x000824e4                DMAC_Handler
                0x000824e4                TRNG_Handler
                0x000824e4                HardFault_Handler
                0x000824e4                TC2_Handler
                0x000824e4                USART3_Handler
                0x000824e4                TWI1_Handler
                0x000824e4                NMI_Handler
                0x000824e4                TC7_Handler
                0x000824e4                ADC_Handler
                0x000824e4                SMC_Handler
                0x000824e4                RTT_Handler
                0x000824e4                EFC1_Handler
                0x000824e4                RTC_Handler
                0x000824e4                UsageFault_Handler
                0x000824e4                TC6_Handler
                0x000824e4                WDT_Handler
                0x000824e4                CAN0_Handler
                0x000824e4                TC4_Handler
                0x000824e4                TC1_Handler
                0x000824e4                HSMCI_Handler
                0x000824e4                TC3_Handler
                0x000824e4                Dummy_Handler
                0x000824e4                TWI0_Handler
                0x000824e4                USART1_Handler
                0x000824e4                SSC_Handler
                0x000824e4                EFC0_Handler
                0x000824e4                PMC_Handler
                0x000824e4                PWM_Handler
                0x000824e4                CAN1_Handler
                0x000824e4                MemManage_Handler
                0x000824e4                SUPC_Handler
                0x000824e4                TC8_Handler
                0x000824e4                USART2_Handler
                0x000824e4                EMAC_Handler
                0x000824e4                UART_Handler
                0x000824e4                BusFault_Handler
                0x000824e4                RSTC_Handler
                0x000824e4                TC0_Handler
                0x000824e4                TC5_Handler
                0x000824e4                UOTGHS_Handler
                0x000824e4                SPI0_Handler
 *fill*         0x000824e6        0x2 
 .text.Reset_Handler
                0x000824e8       0x98 src/ASF/sam/utils/cmsis/sam3x/source/templates/gcc/startup_sam3x.o
                0x000824e8                Reset_Handler
 .text.SystemCoreClockUpdate
                0x00082580      0x118 src/ASF/sam/utils/cmsis/sam3x/source/templates/system_sam3x.o
                0x00082580                SystemCoreClockUpdate
 .text._sbrk    0x00082698       0x38 src/ASF/sam/utils/syscalls/gcc/syscalls.o
                0x00082698                _sbrk
 .text._close   0x000826d0        0x6 src/ASF/sam/utils/syscalls/gcc/syscalls.o
                0x000826d0                _close
 .text._fstat   0x000826d6        0xa src/ASF/sam/utils/syscalls/gcc/syscalls.o
                0x000826d6                _fstat
 .text._isatty  0x000826e0        0x4 src/ASF/sam/utils/syscalls/gcc/syscalls.o
                0x000826e0                _isatty
 .text._lseek   0x000826e4        0x4 src/ASF/sam/utils/syscalls/gcc/syscalls.o
                0x000826e4                _lseek
 .text.main     0x000826e8       0x5c src/main.o
                0x000826e8                main
 .text.__libc_init_array
                0x00082744       0x50 c:/program files (x86)/atmel/studio/7.0/toolchain/arm/arm-gnu-toolchain/bin/../lib/gcc/arm-none-eabi/6.3.1/../../../../arm-none-eabi/lib/thumb/v7-m\libc.a(lib_a-init.o)
                0x00082744                __libc_init_array
 .text.iprintf  0x00082794       0x28 c:/program files (x86)/atmel/studio/7.0/toolchain/arm/arm-gnu-toolchain/bin/../lib/gcc/arm-none-eabi/6.3.1/../../../../arm-none-eabi/lib/thumb/v7-m\libc.a(lib_a-iprintf.o)
                0x00082794                iprintf
 .text          0x000827bc       0xec c:/program files (x86)/atmel/studio/7.0/toolchain/arm/arm-gnu-toolchain/bin/../lib/gcc/arm-none-eabi/6.3.1/../../../../arm-none-eabi/lib/thumb/v7-m\libc.a(lib_a-memcpy.o)
                0x000827bc                memcpy
 .text.memset   0x000828a8       0x9c c:/program files (x86)/atmel/studio/7.0/toolchain/arm/arm-gnu-toolchain/bin/../lib/gcc/arm-none-eabi/6.3.1/../../../../arm-none-eabi/lib/thumb/v7-m\libc.a(lib_a-memset.o)
                0x000828a8                memset
 .text.setbuf   0x00082944       0x10 c:/program files (x86)/atmel/studio/7.0/toolchain/arm/arm-gnu-toolchain/bin/../lib/gcc/arm-none-eabi/6.3.1/../../../../arm-none-eabi/lib/thumb/v7-m\libc.a(lib_a-setbuf.o)
                0x00082944                setbuf
 .text.setvbuf  0x00082954      0x190 c:/program files (x86)/atmel/studio/7.0/toolchain/arm/arm-gnu-toolchain/bin/../lib/gcc/arm-none-eabi/6.3.1/../../../../arm-none-eabi/lib/thumb/v7-m\libc.a(lib_a-setvbuf.o)
                0x00082954                setvbuf
 .text.strlen   0x00082ae4       0x5c c:/program files (x86)/atmel/studio/7.0/toolchain/arm/arm-gnu-toolchain/bin/../lib/gcc/arm-none-eabi/6.3.1/../../../../arm-none-eabi/lib/thumb/v7-m\libc.a(lib_a-strlen-stub.o)
                0x00082ae4                strlen
 .text.strncpy  0x00082b40       0x64 c:/program files (x86)/atmel/studio/7.0/toolchain/arm/arm-gnu-toolchain/bin/../lib/gcc/arm-none-eabi/6.3.1/../../../../arm-none-eabi/lib/thumb/v7-m\libc.a(lib_a-strncpy.o)
                0x00082b40                strncpy
 .text.__sprint_r.part.0
                0x00082ba4       0x80 c:/program files (x86)/atmel/studio/7.0/toolchain/arm/arm-gnu-toolchain/bin/../lib/gcc/arm-none-eabi/6.3.1/../../../../arm-none-eabi/lib/thumb/v7-m\libc.a(lib_a-vfiprintf.o)
 .text._vfiprintf_r
                0x00082c24      0xc88 c:/program files (x86)/atmel/studio/7.0/toolchain/arm/arm-gnu-toolchain/bin/../lib/gcc/arm-none-eabi/6.3.1/../../../../arm-none-eabi/lib/thumb/v7-m\libc.a(lib_a-vfiprintf.o)
                0x00082c24                _vfiprintf_r
 .text.__sbprintf
                0x000838ac       0x88 c:/program files (x86)/atmel/studio/7.0/toolchain/arm/arm-gnu-toolchain/bin/../lib/gcc/arm-none-eabi/6.3.1/../../../../arm-none-eabi/lib/thumb/v7-m\libc.a(lib_a-vfiprintf.o)
 .text.__swsetup_r
                0x00083934       0xc8 c:/program files (x86)/atmel/studio/7.0/toolchain/arm/arm-gnu-toolchain/bin/../lib/gcc/arm-none-eabi/6.3.1/../../../../arm-none-eabi/lib/thumb/v7-m\libc.a(lib_a-wsetup.o)
                0x00083934                __swsetup_r
 .text.startup.register_fini
                0x000839fc       0x14 c:/program files (x86)/atmel/studio/7.0/toolchain/arm/arm-gnu-toolchain/bin/../lib/gcc/arm-none-eabi/6.3.1/../../../../arm-none-eabi/lib/thumb/v7-m\libc.a(lib_a-__call_atexit.o)
 .text.atexit   0x00083a10        0xc c:/program files (x86)/atmel/studio/7.0/toolchain/arm/arm-gnu-toolchain/bin/../lib/gcc/arm-none-eabi/6.3.1/../../../../arm-none-eabi/lib/thumb/v7-m\libc.a(lib_a-atexit.o)
                0x00083a10                atexit
 .text.__sflush_r
                0x00083a1c      0x138 c:/program files (x86)/atmel/studio/7.0/toolchain/arm/arm-gnu-toolchain/bin/../lib/gcc/arm-none-eabi/6.3.1/../../../../arm-none-eabi/lib/thumb/v7-m\libc.a(lib_a-fflush.o)
                0x00083a1c                __sflush_r
 .text._fflush_r
                0x00083b54       0x54 c:/program files (x86)/atmel/studio/7.0/toolchain/arm/arm-gnu-toolchain/bin/../lib/gcc/arm-none-eabi/6.3.1/../../../../arm-none-eabi/lib/thumb/v7-m\libc.a(lib_a-fflush.o)
                0x00083b54                _fflush_r
 .text._cleanup_r
                0x00083ba8        0xc c:/program files (x86)/atmel/studio/7.0/toolchain/arm/arm-gnu-toolchain/bin/../lib/gcc/arm-none-eabi/6.3.1/../../../../arm-none-eabi/lib/thumb/v7-m\libc.a(lib_a-findfp.o)
                0x00083ba8                _cleanup_r
 .text.std.isra.0
                0x00083bb4       0x50 c:/program files (x86)/atmel/studio/7.0/toolchain/arm/arm-gnu-toolchain/bin/../lib/gcc/arm-none-eabi/6.3.1/../../../../arm-none-eabi/lib/thumb/v7-m\libc.a(lib_a-findfp.o)
 .text.__sinit  0x00083c04       0x60 c:/program files (x86)/atmel/studio/7.0/toolchain/arm/arm-gnu-toolchain/bin/../lib/gcc/arm-none-eabi/6.3.1/../../../../arm-none-eabi/lib/thumb/v7-m\libc.a(lib_a-findfp.o)
                0x00083c04                __sinit
 .text.__sfp_lock_acquire
                0x00083c64        0xc c:/program files (x86)/atmel/studio/7.0/toolchain/arm/arm-gnu-toolchain/bin/../lib/gcc/arm-none-eabi/6.3.1/../../../../arm-none-eabi/lib/thumb/v7-m\libc.a(lib_a-findfp.o)
                0x00083c64                __sfp_lock_acquire
 .text.__sfp_lock_release
                0x00083c70        0xc c:/program files (x86)/atmel/studio/7.0/toolchain/arm/arm-gnu-toolchain/bin/../lib/gcc/arm-none-eabi/6.3.1/../../../../arm-none-eabi/lib/thumb/v7-m\libc.a(lib_a-findfp.o)
                0x00083c70                __sfp_lock_release
 .text.__libc_fini_array
                0x00083c7c       0x34 c:/program files (x86)/atmel/studio/7.0/toolchain/arm/arm-gnu-toolchain/bin/../lib/gcc/arm-none-eabi/6.3.1/../../../../arm-none-eabi/lib/thumb/v7-m\libc.a(lib_a-fini.o)
                0x00083c7c                __libc_fini_array
 .text.__fputwc
                0x00083cb0       0x98 c:/program files (x86)/atmel/studio/7.0/toolchain/arm/arm-gnu-toolchain/bin/../lib/gcc/arm-none-eabi/6.3.1/../../../../arm-none-eabi/lib/thumb/v7-m\libc.a(lib_a-fputwc.o)
                0x00083cb0                __fputwc
 .text._fputwc_r
                0x00083d48       0x68 c:/program files (x86)/atmel/studio/7.0/toolchain/arm/arm-gnu-toolchain/bin/../lib/gcc/arm-none-eabi/6.3.1/../../../../arm-none-eabi/lib/thumb/v7-m\libc.a(lib_a-fputwc.o)
                0x00083d48                _fputwc_r
 .text._malloc_trim_r
                0x00083db0       0xa0 c:/program files (x86)/atmel/studio/7.0/toolchain/arm/arm-gnu-toolchain/bin/../lib/gcc/arm-none-eabi/6.3.1/../../../../arm-none-eabi/lib/thumb/v7-m\libc.a(lib_a-freer.o)
                0x00083db0                _malloc_trim_r
 .text._free_r  0x00083e50      0x1cc c:/program files (x86)/atmel/studio/7.0/toolchain/arm/arm-gnu-toolchain/bin/../lib/gcc/arm-none-eabi/6.3.1/../../../../arm-none-eabi/lib/thumb/v7-m\libc.a(lib_a-freer.o)
                0x00083e50                _free_r
 .text.__sfvwrite_r
                0x0008401c      0x2f4 c:/program files (x86)/atmel/studio/7.0/toolchain/arm/arm-gnu-toolchain/bin/../lib/gcc/arm-none-eabi/6.3.1/../../../../arm-none-eabi/lib/thumb/v7-m\libc.a(lib_a-fvwrite.o)
                0x0008401c                __sfvwrite_r
 .text._fwalk_reent
                0x00084310       0x50 c:/program files (x86)/atmel/studio/7.0/toolchain/arm/arm-gnu-toolchain/bin/../lib/gcc/arm-none-eabi/6.3.1/../../../../arm-none-eabi/lib/thumb/v7-m\libc.a(lib_a-fwalk.o)
                0x00084310                _fwalk_reent
 .text.__locale_mb_cur_max
                0x00084360       0x1c c:/program files (x86)/atmel/studio/7.0/toolchain/arm/arm-gnu-toolchain/bin/../lib/gcc/arm-none-eabi/6.3.1/../../../../arm-none-eabi/lib/thumb/v7-m\libc.a(lib_a-locale.o)
                0x00084360                __locale_mb_cur_max
 .text.__retarget_lock_init_recursive
                0x0008437c        0x4 c:/program files (x86)/atmel/studio/7.0/toolchain/arm/arm-gnu-toolchain/bin/../lib/gcc/arm-none-eabi/6.3.1/../../../../arm-none-eabi/lib/thumb/v7-m\libc.a(lib_a-lock.o)
                0x0008437c                __retarget_lock_init_recursive
 .text.__retarget_lock_close_recursive
                0x00084380        0x4 c:/program files (x86)/atmel/studio/7.0/toolchain/arm/arm-gnu-toolchain/bin/../lib/gcc/arm-none-eabi/6.3.1/../../../../arm-none-eabi/lib/thumb/v7-m\libc.a(lib_a-lock.o)
                0x00084380                __retarget_lock_close_recursive
 .text.__retarget_lock_acquire_recursive
                0x00084384        0x4 c:/program files (x86)/atmel/studio/7.0/toolchain/arm/arm-gnu-toolchain/bin/../lib/gcc/arm-none-eabi/6.3.1/../../../../arm-none-eabi/lib/thumb/v7-m\libc.a(lib_a-lock.o)
                0x00084384                __retarget_lock_acquire_recursive
 .text.__retarget_lock_release_recursive
                0x00084388        0x4 c:/program files (x86)/atmel/studio/7.0/toolchain/arm/arm-gnu-toolchain/bin/../lib/gcc/arm-none-eabi/6.3.1/../../../../arm-none-eabi/lib/thumb/v7-m\libc.a(lib_a-lock.o)
                0x00084388                __retarget_lock_release_recursive
 .text.__swhatbuf_r
                0x0008438c       0x5c c:/program files (x86)/atmel/studio/7.0/toolchain/arm/arm-gnu-toolchain/bin/../lib/gcc/arm-none-eabi/6.3.1/../../../../arm-none-eabi/lib/thumb/v7-m\libc.a(lib_a-makebuf.o)
                0x0008438c                __swhatbuf_r
 .text.__smakebuf_r
                0x000843e8       0x94 c:/program files (x86)/atmel/studio/7.0/toolchain/arm/arm-gnu-toolchain/bin/../lib/gcc/arm-none-eabi/6.3.1/../../../../arm-none-eabi/lib/thumb/v7-m\libc.a(lib_a-makebuf.o)
                0x000843e8                __smakebuf_r
 .text.malloc   0x0008447c       0x10 c:/program files (x86)/atmel/studio/7.0/toolchain/arm/arm-gnu-toolchain/bin/../lib/gcc/arm-none-eabi/6.3.1/../../../../arm-none-eabi/lib/thumb/v7-m\libc.a(lib_a-malloc.o)
                0x0008447c                malloc
 .text._malloc_r
                0x0008448c      0x544 c:/program files (x86)/atmel/studio/7.0/toolchain/arm/arm-gnu-toolchain/bin/../lib/gcc/arm-none-eabi/6.3.1/../../../../arm-none-eabi/lib/thumb/v7-m\libc.a(lib_a-mallocr.o)
                0x0008448c                _malloc_r
 .text.__ascii_mbtowc
                0x000849d0       0x2c c:/program files (x86)/atmel/studio/7.0/toolchain/arm/arm-gnu-toolchain/bin/../lib/gcc/arm-none-eabi/6.3.1/../../../../arm-none-eabi/lib/thumb/v7-m\libc.a(lib_a-mbtowc_r.o)
                0x000849d0                __ascii_mbtowc
 .text.memchr   0x000849fc       0x8c c:/program files (x86)/atmel/studio/7.0/toolchain/arm/arm-gnu-toolchain/bin/../lib/gcc/arm-none-eabi/6.3.1/../../../../arm-none-eabi/lib/thumb/v7-m\libc.a(lib_a-memchr-stub.o)
                0x000849fc                memchr
 .text.memmove  0x00084a88       0xc8 c:/program files (x86)/atmel/studio/7.0/toolchain/arm/arm-gnu-toolchain/bin/../lib/gcc/arm-none-eabi/6.3.1/../../../../arm-none-eabi/lib/thumb/v7-m\libc.a(lib_a-memmove.o)
                0x00084a88                memmove
 .text.__malloc_lock
                0x00084b50        0xc c:/program files (x86)/atmel/studio/7.0/toolchain/arm/arm-gnu-toolchain/bin/../lib/gcc/arm-none-eabi/6.3.1/../../../../arm-none-eabi/lib/thumb/v7-m\libc.a(lib_a-mlock.o)
                0x00084b50                __malloc_lock
 .text.__malloc_unlock
                0x00084b5c        0xc c:/program files (x86)/atmel/studio/7.0/toolchain/arm/arm-gnu-toolchain/bin/../lib/gcc/arm-none-eabi/6.3.1/../../../../arm-none-eabi/lib/thumb/v7-m\libc.a(lib_a-mlock.o)
                0x00084b5c                __malloc_unlock
 .text._realloc_r
                0x00084b68      0x36c c:/program files (x86)/atmel/studio/7.0/toolchain/arm/arm-gnu-toolchain/bin/../lib/gcc/arm-none-eabi/6.3.1/../../../../arm-none-eabi/lib/thumb/v7-m\libc.a(lib_a-reallocr.o)
                0x00084b68                _realloc_r
 .text._sbrk_r  0x00084ed4       0x24 c:/program files (x86)/atmel/studio/7.0/toolchain/arm/arm-gnu-toolchain/bin/../lib/gcc/arm-none-eabi/6.3.1/../../../../arm-none-eabi/lib/thumb/v7-m\libc.a(lib_a-sbrkr.o)
                0x00084ed4                _sbrk_r
 .text.__sread  0x00084ef8       0x24 c:/program files (x86)/atmel/studio/7.0/toolchain/arm/arm-gnu-toolchain/bin/../lib/gcc/arm-none-eabi/6.3.1/../../../../arm-none-eabi/lib/thumb/v7-m\libc.a(lib_a-stdio.o)
                0x00084ef8                __sread
 .text.__swrite
                0x00084f1c       0x3c c:/program files (x86)/atmel/studio/7.0/toolchain/arm/arm-gnu-toolchain/bin/../lib/gcc/arm-none-eabi/6.3.1/../../../../arm-none-eabi/lib/thumb/v7-m\libc.a(lib_a-stdio.o)
                0x00084f1c                __swrite
 .text.__sseek  0x00084f58       0x20 c:/program files (x86)/atmel/studio/7.0/toolchain/arm/arm-gnu-toolchain/bin/../lib/gcc/arm-none-eabi/6.3.1/../../../../arm-none-eabi/lib/thumb/v7-m\libc.a(lib_a-stdio.o)
                0x00084f58                __sseek
 .text.__sclose
                0x00084f78        0x8 c:/program files (x86)/atmel/studio/7.0/toolchain/arm/arm-gnu-toolchain/bin/../lib/gcc/arm-none-eabi/6.3.1/../../../../arm-none-eabi/lib/thumb/v7-m\libc.a(lib_a-stdio.o)
                0x00084f78                __sclose
 .text.__swbuf_r
                0x00084f80       0xb0 c:/program files (x86)/atmel/studio/7.0/toolchain/arm/arm-gnu-toolchain/bin/../lib/gcc/arm-none-eabi/6.3.1/../../../../arm-none-eabi/lib/thumb/v7-m\libc.a(lib_a-wbuf.o)
                0x00084f80                __swbuf_r
 .text._wcrtomb_r
                0x00085030       0x54 c:/program files (x86)/atmel/studio/7.0/toolchain/arm/arm-gnu-toolchain/bin/../lib/gcc/arm-none-eabi/6.3.1/../../../../arm-none-eabi/lib/thumb/v7-m\libc.a(lib_a-wcrtomb.o)
                0x00085030                _wcrtomb_r
 .text.__ascii_wctomb
                0x00085084       0x18 c:/program files (x86)/atmel/studio/7.0/toolchain/arm/arm-gnu-toolchain/bin/../lib/gcc/arm-none-eabi/6.3.1/../../../../arm-none-eabi/lib/thumb/v7-m\libc.a(lib_a-wctomb_r.o)
                0x00085084                __ascii_wctomb
 .text._write_r
                0x0008509c       0x2c c:/program files (x86)/atmel/studio/7.0/toolchain/arm/arm-gnu-toolchain/bin/../lib/gcc/arm-none-eabi/6.3.1/../../../../arm-none-eabi/lib/thumb/v7-m\libc.a(lib_a-writer.o)
                0x0008509c                _write_r
 .text.__register_exitproc
                0x000850c8       0xc4 c:/program files (x86)/atmel/studio/7.0/toolchain/arm/arm-gnu-toolchain/bin/../lib/gcc/arm-none-eabi/6.3.1/../../../../arm-none-eabi/lib/thumb/v7-m\libc.a(lib_a-__atexit.o)
                0x000850c8                __register_exitproc
 .text._close_r
                0x0008518c       0x24 c:/program files (x86)/atmel/studio/7.0/toolchain/arm/arm-gnu-toolchain/bin/../lib/gcc/arm-none-eabi/6.3.1/../../../../arm-none-eabi/lib/thumb/v7-m\libc.a(lib_a-closer.o)
                0x0008518c                _close_r
 .text._fclose_r
                0x000851b0       0xc4 c:/program files (x86)/atmel/studio/7.0/toolchain/arm/arm-gnu-toolchain/bin/../lib/gcc/arm-none-eabi/6.3.1/../../../../arm-none-eabi/lib/thumb/v7-m\libc.a(lib_a-fclose.o)
                0x000851b0                _fclose_r
 .text._fstat_r
                0x00085274       0x28 c:/program files (x86)/atmel/studio/7.0/toolchain/arm/arm-gnu-toolchain/bin/../lib/gcc/arm-none-eabi/6.3.1/../../../../arm-none-eabi/lib/thumb/v7-m\libc.a(lib_a-fstatr.o)
                0x00085274                _fstat_r
 .text._isatty_r
                0x0008529c       0x24 c:/program files (x86)/atmel/studio/7.0/toolchain/arm/arm-gnu-toolchain/bin/../lib/gcc/arm-none-eabi/6.3.1/../../../../arm-none-eabi/lib/thumb/v7-m\libc.a(lib_a-isattyr.o)
                0x0008529c                _isatty_r
 .text._lseek_r
                0x000852c0       0x2c c:/program files (x86)/atmel/studio/7.0/toolchain/arm/arm-gnu-toolchain/bin/../lib/gcc/arm-none-eabi/6.3.1/../../../../arm-none-eabi/lib/thumb/v7-m\libc.a(lib_a-lseekr.o)
                0x000852c0                _lseek_r
 .text._read_r  0x000852ec       0x2c c:/program files (x86)/atmel/studio/7.0/toolchain/arm/arm-gnu-toolchain/bin/../lib/gcc/arm-none-eabi/6.3.1/../../../../arm-none-eabi/lib/thumb/v7-m\libc.a(lib_a-readr.o)
                0x000852ec                _read_r
 .text          0x00085318       0x30 c:/program files (x86)/atmel/studio/7.0/toolchain/arm/arm-gnu-toolchain/bin/../lib/gcc/arm-none-eabi/6.3.1/thumb/v7-m\libgcc.a(_aeabi_uldivmod.o)
                0x00085318                __aeabi_uldivmod
 .text          0x00085348      0x2dc c:/program files (x86)/atmel/studio/7.0/toolchain/arm/arm-gnu-toolchain/bin/../lib/gcc/arm-none-eabi/6.3.1/thumb/v7-m\libgcc.a(_udivmoddi4.o)
                0x00085348                __udivmoddi4
 .text          0x00085624        0x4 c:/program files (x86)/atmel/studio/7.0/toolchain/arm/arm-gnu-toolchain/bin/../lib/gcc/arm-none-eabi/6.3.1/thumb/v7-m\libgcc.a(_dvmd_tls.o)
                0x00085624                __aeabi_idiv0
                0x00085624                __aeabi_ldiv0
 *(.glue_7t)
 .glue_7t       0x00085628        0x0 linker stubs
 *(.glue_7)
 .glue_7        0x00085628        0x0 linker stubs
 *(.rodata .rodata* .gnu.linkonce.r.*)
 .rodata.vTaskStartScheduler.str1.4
                0x00085628        0x5 src/ASF/thirdparty/freertos/freertos-7.3.0/source/tasks.o
 *fill*         0x0008562d        0x3 
 .rodata.xTimerCreateTimerTask.str1.4
                0x00085630        0x8 src/ASF/thirdparty/freertos/freertos-7.3.0/source/timers.o
 .rodata.task1.str1.4
                0x00085638       0xa9 src/task_i2c.o
                                 0xbd (size before relaxing)
 *fill*         0x000856e1        0x3 
 .rodata.console_init.str1.4
                0x000856e4       0x1f src/test.o
 *fill*         0x00085703        0x1 
 .rodata.main.str1.4
                0x00085704        0x6 src/main.o
 *fill*         0x0008570a        0x2 
 .rodata._global_impure_ptr
                0x0008570c        0x4 c:/program files (x86)/atmel/studio/7.0/toolchain/arm/arm-gnu-toolchain/bin/../lib/gcc/arm-none-eabi/6.3.1/../../../../arm-none-eabi/lib/thumb/v7-m\libc.a(lib_a-impure.o)
                0x0008570c                _global_impure_ptr
 .rodata._vfiprintf_r.str1.4
                0x00085710       0x2f c:/program files (x86)/atmel/studio/7.0/toolchain/arm/arm-gnu-toolchain/bin/../lib/gcc/arm-none-eabi/6.3.1/../../../../arm-none-eabi/lib/thumb/v7-m\libc.a(lib_a-vfiprintf.o)
 *fill*         0x0008573f        0x1 
 .rodata.blanks.7217
                0x00085740       0x10 c:/program files (x86)/atmel/studio/7.0/toolchain/arm/arm-gnu-toolchain/bin/../lib/gcc/arm-none-eabi/6.3.1/../../../../arm-none-eabi/lib/thumb/v7-m\libc.a(lib_a-vfiprintf.o)
 .rodata.zeroes.7218
                0x00085750       0x10 c:/program files (x86)/atmel/studio/7.0/toolchain/arm/arm-gnu-toolchain/bin/../lib/gcc/arm-none-eabi/6.3.1/../../../../arm-none-eabi/lib/thumb/v7-m\libc.a(lib_a-vfiprintf.o)
 .rodata._setlocale_r.str1.4
                0x00085760        0xa c:/program files (x86)/atmel/studio/7.0/toolchain/arm/arm-gnu-toolchain/bin/../lib/gcc/arm-none-eabi/6.3.1/../../../../arm-none-eabi/lib/thumb/v7-m\libc.a(lib_a-locale.o)
                                  0xd (size before relaxing)
 *fill*         0x0008576a        0x2 
 .rodata.str1.4
                0x0008576c        0x4 c:/program files (x86)/atmel/studio/7.0/toolchain/arm/arm-gnu-toolchain/bin/../lib/gcc/arm-none-eabi/6.3.1/../../../../arm-none-eabi/lib/thumb/v7-m\libc.a(lib_a-locale.o)
                                  0x2 (size before relaxing)
 .rodata._ctype_
                0x00085770      0x101 c:/program files (x86)/atmel/studio/7.0/toolchain/arm/arm-gnu-toolchain/bin/../lib/gcc/arm-none-eabi/6.3.1/../../../../arm-none-eabi/lib/thumb/v7-m\libc.a(lib_a-ctype_.o)
                0x00085770                _ctype_
 *(.ARM.extab* .gnu.linkonce.armextab.*)
                0x00085874                . = ALIGN (0x4)
 *fill*         0x00085871        0x3 
 *(.init)
 .init          0x00085874        0x4 c:/program files (x86)/atmel/studio/7.0/toolchain/arm/arm-gnu-toolchain/bin/../lib/gcc/arm-none-eabi/6.3.1/thumb/v7-m/crti.o
                0x00085874                _init
 .init          0x00085878        0x8 c:/program files (x86)/atmel/studio/7.0/toolchain/arm/arm-gnu-toolchain/bin/../lib/gcc/arm-none-eabi/6.3.1/thumb/v7-m/crtn.o
                0x00085880                . = ALIGN (0x4)
                0x00085880                __preinit_array_start = .
 *(.preinit_array)
                0x00085880                __preinit_array_end = .
                0x00085880                . = ALIGN (0x4)
                0x00085880                __init_array_start = .
 *(SORT(.init_array.*))
 .init_array.00000
                0x00085880        0x4 c:/program files (x86)/atmel/studio/7.0/toolchain/arm/arm-gnu-toolchain/bin/../lib/gcc/arm-none-eabi/6.3.1/../../../../arm-none-eabi/lib/thumb/v7-m\libc.a(lib_a-__call_atexit.o)
 *(.init_array)
 .init_array    0x00085884        0x4 c:/program files (x86)/atmel/studio/7.0/toolchain/arm/arm-gnu-toolchain/bin/../lib/gcc/arm-none-eabi/6.3.1/thumb/v7-m/crtbegin.o
                0x00085888                __init_array_end = .
                0x00085888                . = ALIGN (0x4)
 *crtbegin.o(.ctors)
 *(EXCLUDE_FILE(*crtend.o) .ctors)
 *(SORT(.ctors.*))
 *crtend.o(.ctors)
                0x00085888                . = ALIGN (0x4)
 *(.fini)
 .fini          0x00085888        0x4 c:/program files (x86)/atmel/studio/7.0/toolchain/arm/arm-gnu-toolchain/bin/../lib/gcc/arm-none-eabi/6.3.1/thumb/v7-m/crti.o
                0x00085888                _fini
 .fini          0x0008588c        0x8 c:/program files (x86)/atmel/studio/7.0/toolchain/arm/arm-gnu-toolchain/bin/../lib/gcc/arm-none-eabi/6.3.1/thumb/v7-m/crtn.o
                0x00085894                . = ALIGN (0x4)
                0x00085894                __fini_array_start = .
 *(.fini_array)
 .fini_array    0x00085894        0x4 c:/program files (x86)/atmel/studio/7.0/toolchain/arm/arm-gnu-toolchain/bin/../lib/gcc/arm-none-eabi/6.3.1/thumb/v7-m/crtbegin.o
 *(SORT(.fini_array.*))
                0x00085898                __fini_array_end = .
 *crtbegin.o(.dtors)
 *(EXCLUDE_FILE(*crtend.o) .dtors)
 *(SORT(.dtors.*))
 *crtend.o(.dtors)
                0x00085898                . = ALIGN (0x4)
                0x00085898                _efixed = .
                [!provide]                PROVIDE (__exidx_start, .)

.vfp11_veneer   0x00085898        0x0
 .vfp11_veneer  0x00085898        0x0 linker stubs

.v4_bx          0x00085898        0x0
 .v4_bx         0x00085898        0x0 linker stubs

.iplt           0x00085898        0x0
 .iplt          0x00085898        0x0 c:/program files (x86)/atmel/studio/7.0/toolchain/arm/arm-gnu-toolchain/bin/../lib/gcc/arm-none-eabi/6.3.1/thumb/v7-m/crtbegin.o

.ARM.exidx      0x00085898        0x8
 *(.ARM.exidx* .gnu.linkonce.armexidx.*)
 .ARM.exidx     0x00085898        0x8 c:/program files (x86)/atmel/studio/7.0/toolchain/arm/arm-gnu-toolchain/bin/../lib/gcc/arm-none-eabi/6.3.1/thumb/v7-m\libgcc.a(_udivmoddi4.o)
                [!provide]                PROVIDE (__exidx_end, .)

.eh_frame       0x000858a0        0x0
 .eh_frame      0x000858a0        0x0 c:/program files (x86)/atmel/studio/7.0/toolchain/arm/arm-gnu-toolchain/bin/../lib/gcc/arm-none-eabi/6.3.1/thumb/v7-m/crtbegin.o

.rel.dyn        0x000858a0        0x0
 .rel.iplt      0x000858a0        0x0 c:/program files (x86)/atmel/studio/7.0/toolchain/arm/arm-gnu-toolchain/bin/../lib/gcc/arm-none-eabi/6.3.1/thumb/v7-m/crtbegin.o

.jcr            0x000858a0        0x0
 .jcr           0x000858a0        0x0 c:/program files (x86)/atmel/studio/7.0/toolchain/arm/arm-gnu-toolchain/bin/../lib/gcc/arm-none-eabi/6.3.1/thumb/v7-m/crtbegin.o

.igot.plt       0x000858a0        0x0
 .igot.plt      0x000858a0        0x0 c:/program files (x86)/atmel/studio/7.0/toolchain/arm/arm-gnu-toolchain/bin/../lib/gcc/arm-none-eabi/6.3.1/thumb/v7-m/crtbegin.o
                0x000858a0                . = ALIGN (0x4)
                0x000858a0                _etext = .

.relocate       0x20070000      0xb40 load address 0x000858a0
                0x20070000                . = ALIGN (0x4)
                0x20070000                _srelocate = .
 *(.ramfunc .ramfunc.*)
 .ramfunc       0x20070000      0x12c src/ASF/sam/utils/cmsis/sam3x/source/templates/system_sam3x.o
                0x20070000                SystemInit
                0x200700a4                system_init_flash
 *(.data .data.*)
 .data.uxCriticalNesting
                0x2007012c        0x4 src/ASF/thirdparty/freertos/freertos-7.3.0/source/portable/gcc/sam/port.o
 .data.xFreeBytesRemaining
                0x20070130        0x4 src/ASF/thirdparty/freertos/freertos-7.3.0/source/portable/memmang/heap_4.o
 .data.xNextTaskUnblockTime
                0x20070134        0x4 src/ASF/thirdparty/freertos/freertos-7.3.0/source/tasks.o
 .data.packet_pab
                0x20070138       0x14 src/I2CFunctions.o
                0x20070138                packet_pab
 .data.packet_pos
                0x2007014c       0x14 src/I2CFunctions.o
                0x2007014c                packet_pos
 .data.packet_rec_pab
                0x20070160       0x14 src/I2CFunctions.o
                0x20070160                packet_rec_pab
 .data.packet_rec_pos
                0x20070174       0x14 src/I2CFunctions.o
                0x20070174                packet_rec_pos
 .data.g_interrupt_enabled
                0x20070188        0x1 src/ASF/common/utils/interrupt/interrupt_sam_nvic.o
                0x20070188                g_interrupt_enabled
 *fill*         0x20070189        0x3 
 .data.SystemCoreClock
                0x2007018c        0x4 src/ASF/sam/utils/cmsis/sam3x/source/templates/system_sam3x.o
                0x2007018c                SystemCoreClock
 .data._impure_ptr
                0x20070190        0x4 c:/program files (x86)/atmel/studio/7.0/toolchain/arm/arm-gnu-toolchain/bin/../lib/gcc/arm-none-eabi/6.3.1/../../../../arm-none-eabi/lib/thumb/v7-m\libc.a(lib_a-impure.o)
                0x20070190                _impure_ptr
 *fill*         0x20070194        0x4 
 .data.impure_data
                0x20070198      0x428 c:/program files (x86)/atmel/studio/7.0/toolchain/arm/arm-gnu-toolchain/bin/../lib/gcc/arm-none-eabi/6.3.1/../../../../arm-none-eabi/lib/thumb/v7-m\libc.a(lib_a-impure.o)
 .data.__atexit_recursive_mutex
                0x200705c0        0x4 c:/program files (x86)/atmel/studio/7.0/toolchain/arm/arm-gnu-toolchain/bin/../lib/gcc/arm-none-eabi/6.3.1/../../../../arm-none-eabi/lib/thumb/v7-m\libc.a(lib_a-__call_atexit.o)
                0x200705c0                __atexit_recursive_mutex
 .data.__global_locale
                0x200705c4      0x16c c:/program files (x86)/atmel/studio/7.0/toolchain/arm/arm-gnu-toolchain/bin/../lib/gcc/arm-none-eabi/6.3.1/../../../../arm-none-eabi/lib/thumb/v7-m\libc.a(lib_a-locale.o)
                0x200705c4                __global_locale
 .data.__malloc_av_
                0x20070730      0x408 c:/program files (x86)/atmel/studio/7.0/toolchain/arm/arm-gnu-toolchain/bin/../lib/gcc/arm-none-eabi/6.3.1/../../../../arm-none-eabi/lib/thumb/v7-m\libc.a(lib_a-mallocr.o)
                0x20070730                __malloc_av_
 .data.__malloc_sbrk_base
                0x20070b38        0x4 c:/program files (x86)/atmel/studio/7.0/toolchain/arm/arm-gnu-toolchain/bin/../lib/gcc/arm-none-eabi/6.3.1/../../../../arm-none-eabi/lib/thumb/v7-m\libc.a(lib_a-mallocr.o)
                0x20070b38                __malloc_sbrk_base
 .data.__malloc_trim_threshold
                0x20070b3c        0x4 c:/program files (x86)/atmel/studio/7.0/toolchain/arm/arm-gnu-toolchain/bin/../lib/gcc/arm-none-eabi/6.3.1/../../../../arm-none-eabi/lib/thumb/v7-m\libc.a(lib_a-mallocr.o)
                0x20070b3c                __malloc_trim_threshold
                0x20070b40                . = ALIGN (0x4)
                0x20070b40                _erelocate = .

.bss            0x20070b40     0xa2f4 load address 0x000863e0
                0x20070b40                . = ALIGN (0x4)
                0x20070b40                _sbss = .
                0x20070b40                _szero = .
 *(.bss .bss.*)
 .bss           0x20070b40       0x1c c:/program files (x86)/atmel/studio/7.0/toolchain/arm/arm-gnu-toolchain/bin/../lib/gcc/arm-none-eabi/6.3.1/thumb/v7-m/crtbegin.o
 .bss.pxEnd     0x20070b5c        0x4 src/ASF/thirdparty/freertos/freertos-7.3.0/source/portable/memmang/heap_4.o
 .bss.xHeap     0x20070b60     0xa000 src/ASF/thirdparty/freertos/freertos-7.3.0/source/portable/memmang/heap_4.o
 .bss.xStart    0x2007ab60        0x8 src/ASF/thirdparty/freertos/freertos-7.3.0/source/portable/memmang/heap_4.o
 .bss.pxCurrentTCB
                0x2007ab68        0x4 src/ASF/thirdparty/freertos/freertos-7.3.0/source/tasks.o
                0x2007ab68                pxCurrentTCB
 .bss.pxDelayedTaskList
                0x2007ab6c        0x4 src/ASF/thirdparty/freertos/freertos-7.3.0/source/tasks.o
 .bss.pxOverflowDelayedTaskList
                0x2007ab70        0x4 src/ASF/thirdparty/freertos/freertos-7.3.0/source/tasks.o
 .bss.pxReadyTasksLists
                0x2007ab74       0x64 src/ASF/thirdparty/freertos/freertos-7.3.0/source/tasks.o
 .bss.uxCurrentNumberOfTasks
                0x2007abd8        0x4 src/ASF/thirdparty/freertos/freertos-7.3.0/source/tasks.o
 .bss.uxMissedTicks
                0x2007abdc        0x4 src/ASF/thirdparty/freertos/freertos-7.3.0/source/tasks.o
 .bss.uxSchedulerSuspended
                0x2007abe0        0x4 src/ASF/thirdparty/freertos/freertos-7.3.0/source/tasks.o
 .bss.uxTaskNumber
                0x2007abe4        0x4 src/ASF/thirdparty/freertos/freertos-7.3.0/source/tasks.o
 .bss.uxTasksDeleted
                0x2007abe8        0x4 src/ASF/thirdparty/freertos/freertos-7.3.0/source/tasks.o
 .bss.uxTopReadyPriority
                0x2007abec        0x4 src/ASF/thirdparty/freertos/freertos-7.3.0/source/tasks.o
 .bss.uxTopUsedPriority
                0x2007abf0        0x4 src/ASF/thirdparty/freertos/freertos-7.3.0/source/tasks.o
 .bss.xDelayedTaskList1
                0x2007abf4       0x14 src/ASF/thirdparty/freertos/freertos-7.3.0/source/tasks.o
 .bss.xDelayedTaskList2
                0x2007ac08       0x14 src/ASF/thirdparty/freertos/freertos-7.3.0/source/tasks.o
 .bss.xMissedYield
                0x2007ac1c        0x4 src/ASF/thirdparty/freertos/freertos-7.3.0/source/tasks.o
 .bss.xNumOfOverflows
                0x2007ac20        0x4 src/ASF/thirdparty/freertos/freertos-7.3.0/source/tasks.o
 .bss.xPendingReadyList
                0x2007ac24       0x14 src/ASF/thirdparty/freertos/freertos-7.3.0/source/tasks.o
 .bss.xSchedulerRunning
                0x2007ac38        0x4 src/ASF/thirdparty/freertos/freertos-7.3.0/source/tasks.o
 .bss.xSuspendedTaskList
                0x2007ac3c       0x14 src/ASF/thirdparty/freertos/freertos-7.3.0/source/tasks.o
 .bss.xTasksWaitingTermination
                0x2007ac50       0x14 src/ASF/thirdparty/freertos/freertos-7.3.0/source/tasks.o
 .bss.xTickCount
                0x2007ac64        0x4 src/ASF/thirdparty/freertos/freertos-7.3.0/source/tasks.o
 .bss.pxCurrentTimerList
                0x2007ac68        0x4 src/ASF/thirdparty/freertos/freertos-7.3.0/source/timers.o
 .bss.pxOverflowTimerList
                0x2007ac6c        0x4 src/ASF/thirdparty/freertos/freertos-7.3.0/source/timers.o
 .bss.xActiveTimerList1
                0x2007ac70       0x14 src/ASF/thirdparty/freertos/freertos-7.3.0/source/timers.o
 .bss.xActiveTimerList2
                0x2007ac84       0x14 src/ASF/thirdparty/freertos/freertos-7.3.0/source/timers.o
 .bss.xLastTime.4541
                0x2007ac98        0x4 src/ASF/thirdparty/freertos/freertos-7.3.0/source/timers.o
 .bss.xTimerQueue
                0x2007ac9c        0x4 src/ASF/thirdparty/freertos/freertos-7.3.0/source/timers.o
 .bss.serial_rx_buf
                0x2007aca0       0x9c src/ASF/thirdparty/wireless/addons/sio2host/uart/sio2host.o
 .bss.serial_rx_buf_tail
                0x2007ad3c        0x1 src/ASF/thirdparty/wireless/addons/sio2host/uart/sio2host.o
 *fill*         0x2007ad3d        0x3 
 .bss.rec_data_pab
                0x2007ad40        0x1 src/I2CFunctions.o
                0x2007ad40                rec_data_pab
 *fill*         0x2007ad41        0x3 
 .bss.rec_data_pos
                0x2007ad44        0xa src/I2CFunctions.o
                0x2007ad44                rec_data_pos
 *fill*         0x2007ad4e        0x2 
 .bss.send_data_pab
                0x2007ad50        0x1 src/I2CFunctions.o
                0x2007ad50                send_data_pab
 *fill*         0x2007ad51        0x3 
 .bss.send_data_pos
                0x2007ad54        0x1 src/I2CFunctions.o
                0x2007ad54                send_data_pos
 *fill*         0x2007ad55        0x3 
 .bss.gs_interrupt_sources
                0x2007ad58       0x70 src/ASF/sam/drivers/pio/pio_handler.o
 .bss.heap.5297
                0x2007adc8        0x4 src/ASF/sam/utils/syscalls/gcc/syscalls.o
 .bss.__malloc_current_mallinfo
                0x2007adcc       0x28 c:/program files (x86)/atmel/studio/7.0/toolchain/arm/arm-gnu-toolchain/bin/../lib/gcc/arm-none-eabi/6.3.1/../../../../arm-none-eabi/lib/thumb/v7-m\libc.a(lib_a-mallocr.o)
                0x2007adcc                __malloc_current_mallinfo
 .bss.__malloc_max_sbrked_mem
                0x2007adf4        0x4 c:/program files (x86)/atmel/studio/7.0/toolchain/arm/arm-gnu-toolchain/bin/../lib/gcc/arm-none-eabi/6.3.1/../../../../arm-none-eabi/lib/thumb/v7-m\libc.a(lib_a-mallocr.o)
                0x2007adf4                __malloc_max_sbrked_mem
 .bss.__malloc_max_total_mem
                0x2007adf8        0x4 c:/program files (x86)/atmel/studio/7.0/toolchain/arm/arm-gnu-toolchain/bin/../lib/gcc/arm-none-eabi/6.3.1/../../../../arm-none-eabi/lib/thumb/v7-m\libc.a(lib_a-mallocr.o)
                0x2007adf8                __malloc_max_total_mem
 .bss.__malloc_top_pad
                0x2007adfc        0x4 c:/program files (x86)/atmel/studio/7.0/toolchain/arm/arm-gnu-toolchain/bin/../lib/gcc/arm-none-eabi/6.3.1/../../../../arm-none-eabi/lib/thumb/v7-m\libc.a(lib_a-mallocr.o)
                0x2007adfc                __malloc_top_pad
 *(COMMON)
 COMMON         0x2007ae00        0x4 src/ASF/common/utils/stdio/read.o
                0x2007ae00                ptr_get
 COMMON         0x2007ae04        0x8 src/ASF/common/utils/stdio/write.o
                0x2007ae04                ptr_put
                0x2007ae08                stdio_base
 COMMON         0x2007ae0c       0x21 c:/program files (x86)/atmel/studio/7.0/toolchain/arm/arm-gnu-toolchain/bin/../lib/gcc/arm-none-eabi/6.3.1/../../../../arm-none-eabi/lib/thumb/v7-m\libc.a(lib_a-lock.o)
                0x2007ae0c                __lock___atexit_recursive_mutex
                0x2007ae10                __lock___arc4random_mutex
                0x2007ae14                __lock___env_recursive_mutex
                0x2007ae18                __lock___sinit_recursive_mutex
                0x2007ae1c                __lock___malloc_recursive_mutex
                0x2007ae20                __lock___at_quick_exit_mutex
                0x2007ae24                __lock___dd_hash_mutex
                0x2007ae28                __lock___tz_mutex
                0x2007ae2c                __lock___sfp_recursive_mutex
 *fill*         0x2007ae2d        0x3 
 COMMON         0x2007ae30        0x4 c:/program files (x86)/atmel/studio/7.0/toolchain/arm/arm-gnu-toolchain/bin/../lib/gcc/arm-none-eabi/6.3.1/../../../../arm-none-eabi/lib/thumb/v7-m\libc.a(lib_a-reent.o)
                0x2007ae30                errno
                0x2007ae34                . = ALIGN (0x4)
                0x2007ae34                _ebss = .
                0x2007ae34                _ezero = .

.stack          0x2007ae34     0x2004 load address 0x000906d4
                0x2007ae38                . = ALIGN (0x8)
 *fill*         0x2007ae34        0x4 
                0x2007ae38                _sstack = .
                0x2007ce38                . = (. + __stack_size__)
 *fill*         0x2007ae38     0x2000 
                0x2007ce38                . = ALIGN (0x8)
                0x2007ce38                _estack = .
                0x2007ce38                . = ALIGN (0x4)
                0x2007ce38                _end = .
OUTPUT(I2C.elf elf32-littlearm)

.ARM.attributes
                0x00000000       0x29
 .ARM.attributes
                0x00000000       0x1d c:/program files (x86)/atmel/studio/7.0/toolchain/arm/arm-gnu-toolchain/bin/../lib/gcc/arm-none-eabi/6.3.1/thumb/v7-m/crti.o
 .ARM.attributes
                0x0000001d       0x2d c:/program files (x86)/atmel/studio/7.0/toolchain/arm/arm-gnu-toolchain/bin/../lib/gcc/arm-none-eabi/6.3.1/thumb/v7-m/crtbegin.o
 .ARM.attributes
                0x0000004a       0x33 src/ASF/thirdparty/freertos/freertos-7.3.0/source/list.o
 .ARM.attributes
                0x0000007d       0x33 src/ASF/thirdparty/freertos/freertos-7.3.0/source/portable/gcc/sam/port.o
 .ARM.attributes
                0x000000b0       0x33 src/ASF/thirdparty/freertos/freertos-7.3.0/source/portable/memmang/heap_4.o
 .ARM.attributes
                0x000000e3       0x33 src/ASF/thirdparty/freertos/freertos-7.3.0/source/queue.o
 .ARM.attributes
                0x00000116       0x33 src/ASF/thirdparty/freertos/freertos-7.3.0/source/tasks.o
 .ARM.attributes
                0x00000149       0x33 src/ASF/thirdparty/freertos/freertos-7.3.0/source/timers.o
 .ARM.attributes
                0x0000017c       0x33 src/task_i2c.o
 .ARM.attributes
                0x000001af       0x33 src/test.o
 .ARM.attributes
                0x000001e2       0x33 src/ASF/common/utils/stdio/read.o
 .ARM.attributes
                0x00000215       0x33 src/ASF/sam/drivers/twi/twi.o
 .ARM.attributes
                0x00000248       0x33 src/ASF/sam/drivers/usart/usart.o
 .ARM.attributes
                0x0000027b       0x33 src/ASF/thirdparty/wireless/addons/sio2host/uart/sio2host.o
 .ARM.attributes
                0x000002ae       0x33 src/I2CFunctions.o
 .ARM.attributes
                0x000002e1       0x33 src/ASF/common/utils/stdio/write.o
 .ARM.attributes
                0x00000314       0x33 src/ASF/common/services/serial/usart_serial.o
 .ARM.attributes
                0x00000347       0x33 src/ASF/sam/drivers/uart/uart.o
 .ARM.attributes
                0x0000037a       0x33 src/ASF/common/services/clock/sam3x/sysclk.o
 .ARM.attributes
                0x000003ad       0x33 src/ASF/common/utils/interrupt/interrupt_sam_nvic.o
 .ARM.attributes
                0x000003e0       0x33 src/ASF/sam/boards/arduino_due_x/init.o
 .ARM.attributes
                0x00000413       0x33 src/ASF/sam/drivers/pio/pio.o
 .ARM.attributes
                0x00000446       0x33 src/ASF/sam/drivers/pio/pio_handler.o
 .ARM.attributes
                0x00000479       0x33 src/ASF/sam/drivers/pmc/pmc.o
 .ARM.attributes
                0x000004ac       0x33 src/ASF/sam/utils/cmsis/sam3x/source/templates/exceptions.o
 .ARM.attributes
                0x000004df       0x33 src/ASF/sam/utils/cmsis/sam3x/source/templates/gcc/startup_sam3x.o
 .ARM.attributes
                0x00000512       0x33 src/ASF/sam/utils/cmsis/sam3x/source/templates/system_sam3x.o
 .ARM.attributes
                0x00000545       0x33 src/ASF/sam/utils/syscalls/gcc/syscalls.o
 .ARM.attributes
                0x00000578       0x33 src/main.o
 .ARM.attributes
                0x000005ab       0x2d c:/program files (x86)/atmel/studio/7.0/toolchain/arm/arm-gnu-toolchain/bin/../lib/gcc/arm-none-eabi/6.3.1/../../../../arm-none-eabi/lib/thumb/v7-m\libc.a(lib_a-impure.o)
 .ARM.attributes
                0x000005d8       0x2d c:/program files (x86)/atmel/studio/7.0/toolchain/arm/arm-gnu-toolchain/bin/../lib/gcc/arm-none-eabi/6.3.1/../../../../arm-none-eabi/lib/thumb/v7-m\libc.a(lib_a-init.o)
 .ARM.attributes
                0x00000605       0x2d c:/program files (x86)/atmel/studio/7.0/toolchain/arm/arm-gnu-toolchain/bin/../lib/gcc/arm-none-eabi/6.3.1/../../../../arm-none-eabi/lib/thumb/v7-m\libc.a(lib_a-iprintf.o)
 .ARM.attributes
                0x00000632       0x1b c:/program files (x86)/atmel/studio/7.0/toolchain/arm/arm-gnu-toolchain/bin/../lib/gcc/arm-none-eabi/6.3.1/../../../../arm-none-eabi/lib/thumb/v7-m\libc.a(lib_a-memcpy.o)
 .ARM.attributes
                0x0000064d       0x2d c:/program files (x86)/atmel/studio/7.0/toolchain/arm/arm-gnu-toolchain/bin/../lib/gcc/arm-none-eabi/6.3.1/../../../../arm-none-eabi/lib/thumb/v7-m\libc.a(lib_a-memset.o)
 .ARM.attributes
                0x0000067a       0x2d c:/program files (x86)/atmel/studio/7.0/toolchain/arm/arm-gnu-toolchain/bin/../lib/gcc/arm-none-eabi/6.3.1/../../../../arm-none-eabi/lib/thumb/v7-m\libc.a(lib_a-setbuf.o)
 .ARM.attributes
                0x000006a7       0x2d c:/program files (x86)/atmel/studio/7.0/toolchain/arm/arm-gnu-toolchain/bin/../lib/gcc/arm-none-eabi/6.3.1/../../../../arm-none-eabi/lib/thumb/v7-m\libc.a(lib_a-setvbuf.o)
 .ARM.attributes
                0x000006d4       0x2d c:/program files (x86)/atmel/studio/7.0/toolchain/arm/arm-gnu-toolchain/bin/../lib/gcc/arm-none-eabi/6.3.1/../../../../arm-none-eabi/lib/thumb/v7-m\libc.a(lib_a-strlen-stub.o)
 .ARM.attributes
                0x00000701       0x2d c:/program files (x86)/atmel/studio/7.0/toolchain/arm/arm-gnu-toolchain/bin/../lib/gcc/arm-none-eabi/6.3.1/../../../../arm-none-eabi/lib/thumb/v7-m\libc.a(lib_a-strncpy.o)
 .ARM.attributes
                0x0000072e       0x2d c:/program files (x86)/atmel/studio/7.0/toolchain/arm/arm-gnu-toolchain/bin/../lib/gcc/arm-none-eabi/6.3.1/../../../../arm-none-eabi/lib/thumb/v7-m\libc.a(lib_a-vfiprintf.o)
 .ARM.attributes
                0x0000075b       0x2d c:/program files (x86)/atmel/studio/7.0/toolchain/arm/arm-gnu-toolchain/bin/../lib/gcc/arm-none-eabi/6.3.1/../../../../arm-none-eabi/lib/thumb/v7-m\libc.a(lib_a-wsetup.o)
 .ARM.attributes
                0x00000788       0x2d c:/program files (x86)/atmel/studio/7.0/toolchain/arm/arm-gnu-toolchain/bin/../lib/gcc/arm-none-eabi/6.3.1/../../../../arm-none-eabi/lib/thumb/v7-m\libc.a(lib_a-__call_atexit.o)
 .ARM.attributes
                0x000007b5       0x2d c:/program files (x86)/atmel/studio/7.0/toolchain/arm/arm-gnu-toolchain/bin/../lib/gcc/arm-none-eabi/6.3.1/../../../../arm-none-eabi/lib/thumb/v7-m\libc.a(lib_a-atexit.o)
 .ARM.attributes
                0x000007e2       0x2d c:/program files (x86)/atmel/studio/7.0/toolchain/arm/arm-gnu-toolchain/bin/../lib/gcc/arm-none-eabi/6.3.1/../../../../arm-none-eabi/lib/thumb/v7-m\libc.a(lib_a-fflush.o)
 .ARM.attributes
                0x0000080f       0x2d c:/program files (x86)/atmel/studio/7.0/toolchain/arm/arm-gnu-toolchain/bin/../lib/gcc/arm-none-eabi/6.3.1/../../../../arm-none-eabi/lib/thumb/v7-m\libc.a(lib_a-findfp.o)
 .ARM.attributes
                0x0000083c       0x2d c:/program files (x86)/atmel/studio/7.0/toolchain/arm/arm-gnu-toolchain/bin/../lib/gcc/arm-none-eabi/6.3.1/../../../../arm-none-eabi/lib/thumb/v7-m\libc.a(lib_a-fini.o)
 .ARM.attributes
                0x00000869       0x2d c:/program files (x86)/atmel/studio/7.0/toolchain/arm/arm-gnu-toolchain/bin/../lib/gcc/arm-none-eabi/6.3.1/../../../../arm-none-eabi/lib/thumb/v7-m\libc.a(lib_a-fputwc.o)
 .ARM.attributes
                0x00000896       0x2d c:/program files (x86)/atmel/studio/7.0/toolchain/arm/arm-gnu-toolchain/bin/../lib/gcc/arm-none-eabi/6.3.1/../../../../arm-none-eabi/lib/thumb/v7-m\libc.a(lib_a-freer.o)
 .ARM.attributes
                0x000008c3       0x2d c:/program files (x86)/atmel/studio/7.0/toolchain/arm/arm-gnu-toolchain/bin/../lib/gcc/arm-none-eabi/6.3.1/../../../../arm-none-eabi/lib/thumb/v7-m\libc.a(lib_a-fvwrite.o)
 .ARM.attributes
                0x000008f0       0x2d c:/program files (x86)/atmel/studio/7.0/toolchain/arm/arm-gnu-toolchain/bin/../lib/gcc/arm-none-eabi/6.3.1/../../../../arm-none-eabi/lib/thumb/v7-m\libc.a(lib_a-fwalk.o)
 .ARM.attributes
                0x0000091d       0x2d c:/program files (x86)/atmel/studio/7.0/toolchain/arm/arm-gnu-toolchain/bin/../lib/gcc/arm-none-eabi/6.3.1/../../../../arm-none-eabi/lib/thumb/v7-m\libc.a(lib_a-locale.o)
 .ARM.attributes
                0x0000094a       0x2d c:/program files (x86)/atmel/studio/7.0/toolchain/arm/arm-gnu-toolchain/bin/../lib/gcc/arm-none-eabi/6.3.1/../../../../arm-none-eabi/lib/thumb/v7-m\libc.a(lib_a-lock.o)
 .ARM.attributes
                0x00000977       0x2d c:/program files (x86)/atmel/studio/7.0/toolchain/arm/arm-gnu-toolchain/bin/../lib/gcc/arm-none-eabi/6.3.1/../../../../arm-none-eabi/lib/thumb/v7-m\libc.a(lib_a-makebuf.o)
 .ARM.attributes
                0x000009a4       0x2d c:/program files (x86)/atmel/studio/7.0/toolchain/arm/arm-gnu-toolchain/bin/../lib/gcc/arm-none-eabi/6.3.1/../../../../arm-none-eabi/lib/thumb/v7-m\libc.a(lib_a-malloc.o)
 .ARM.attributes
                0x000009d1       0x2d c:/program files (x86)/atmel/studio/7.0/toolchain/arm/arm-gnu-toolchain/bin/../lib/gcc/arm-none-eabi/6.3.1/../../../../arm-none-eabi/lib/thumb/v7-m\libc.a(lib_a-mallocr.o)
 .ARM.attributes
                0x000009fe       0x2d c:/program files (x86)/atmel/studio/7.0/toolchain/arm/arm-gnu-toolchain/bin/../lib/gcc/arm-none-eabi/6.3.1/../../../../arm-none-eabi/lib/thumb/v7-m\libc.a(lib_a-mbtowc_r.o)
 .ARM.attributes
                0x00000a2b       0x2d c:/program files (x86)/atmel/studio/7.0/toolchain/arm/arm-gnu-toolchain/bin/../lib/gcc/arm-none-eabi/6.3.1/../../../../arm-none-eabi/lib/thumb/v7-m\libc.a(lib_a-memchr-stub.o)
 .ARM.attributes
                0x00000a58       0x2d c:/program files (x86)/atmel/studio/7.0/toolchain/arm/arm-gnu-toolchain/bin/../lib/gcc/arm-none-eabi/6.3.1/../../../../arm-none-eabi/lib/thumb/v7-m\libc.a(lib_a-memmove.o)
 .ARM.attributes
                0x00000a85       0x2d c:/program files (x86)/atmel/studio/7.0/toolchain/arm/arm-gnu-toolchain/bin/../lib/gcc/arm-none-eabi/6.3.1/../../../../arm-none-eabi/lib/thumb/v7-m\libc.a(lib_a-mlock.o)
 .ARM.attributes
                0x00000ab2       0x2d c:/program files (x86)/atmel/studio/7.0/toolchain/arm/arm-gnu-toolchain/bin/../lib/gcc/arm-none-eabi/6.3.1/../../../../arm-none-eabi/lib/thumb/v7-m\libc.a(lib_a-reallocr.o)
 .ARM.attributes
                0x00000adf       0x2d c:/program files (x86)/atmel/studio/7.0/toolchain/arm/arm-gnu-toolchain/bin/../lib/gcc/arm-none-eabi/6.3.1/../../../../arm-none-eabi/lib/thumb/v7-m\libc.a(lib_a-sbrkr.o)
 .ARM.attributes
                0x00000b0c       0x2d c:/program files (x86)/atmel/studio/7.0/toolchain/arm/arm-gnu-toolchain/bin/../lib/gcc/arm-none-eabi/6.3.1/../../../../arm-none-eabi/lib/thumb/v7-m\libc.a(lib_a-stdio.o)
 .ARM.attributes
                0x00000b39       0x2d c:/program files (x86)/atmel/studio/7.0/toolchain/arm/arm-gnu-toolchain/bin/../lib/gcc/arm-none-eabi/6.3.1/../../../../arm-none-eabi/lib/thumb/v7-m\libc.a(lib_a-wbuf.o)
 .ARM.attributes
                0x00000b66       0x2d c:/program files (x86)/atmel/studio/7.0/toolchain/arm/arm-gnu-toolchain/bin/../lib/gcc/arm-none-eabi/6.3.1/../../../../arm-none-eabi/lib/thumb/v7-m\libc.a(lib_a-wcrtomb.o)
 .ARM.attributes
                0x00000b93       0x2d c:/program files (x86)/atmel/studio/7.0/toolchain/arm/arm-gnu-toolchain/bin/../lib/gcc/arm-none-eabi/6.3.1/../../../../arm-none-eabi/lib/thumb/v7-m\libc.a(lib_a-wctomb_r.o)
 .ARM.attributes
                0x00000bc0       0x2d c:/program files (x86)/atmel/studio/7.0/toolchain/arm/arm-gnu-toolchain/bin/../lib/gcc/arm-none-eabi/6.3.1/../../../../arm-none-eabi/lib/thumb/v7-m\libc.a(lib_a-writer.o)
 .ARM.attributes
                0x00000bed       0x2d c:/program files (x86)/atmel/studio/7.0/toolchain/arm/arm-gnu-toolchain/bin/../lib/gcc/arm-none-eabi/6.3.1/../../../../arm-none-eabi/lib/thumb/v7-m\libc.a(lib_a-__atexit.o)
 .ARM.attributes
                0x00000c1a       0x2d c:/program files (x86)/atmel/studio/7.0/toolchain/arm/arm-gnu-toolchain/bin/../lib/gcc/arm-none-eabi/6.3.1/../../../../arm-none-eabi/lib/thumb/v7-m\libc.a(lib_a-closer.o)
 .ARM.attributes
                0x00000c47       0x2d c:/program files (x86)/atmel/studio/7.0/toolchain/arm/arm-gnu-toolchain/bin/../lib/gcc/arm-none-eabi/6.3.1/../../../../arm-none-eabi/lib/thumb/v7-m\libc.a(lib_a-ctype_.o)
 .ARM.attributes
                0x00000c74       0x2d c:/program files (x86)/atmel/studio/7.0/toolchain/arm/arm-gnu-toolchain/bin/../lib/gcc/arm-none-eabi/6.3.1/../../../../arm-none-eabi/lib/thumb/v7-m\libc.a(lib_a-fclose.o)
 .ARM.attributes
                0x00000ca1       0x2d c:/program files (x86)/atmel/studio/7.0/toolchain/arm/arm-gnu-toolchain/bin/../lib/gcc/arm-none-eabi/6.3.1/../../../../arm-none-eabi/lib/thumb/v7-m\libc.a(lib_a-fstatr.o)
 .ARM.attributes
                0x00000cce       0x2d c:/program files (x86)/atmel/studio/7.0/toolchain/arm/arm-gnu-toolchain/bin/../lib/gcc/arm-none-eabi/6.3.1/../../../../arm-none-eabi/lib/thumb/v7-m\libc.a(lib_a-isattyr.o)
 .ARM.attributes
                0x00000cfb       0x2d c:/program files (x86)/atmel/studio/7.0/toolchain/arm/arm-gnu-toolchain/bin/../lib/gcc/arm-none-eabi/6.3.1/../../../../arm-none-eabi/lib/thumb/v7-m\libc.a(lib_a-lseekr.o)
 .ARM.attributes
                0x00000d28       0x2d c:/program files (x86)/atmel/studio/7.0/toolchain/arm/arm-gnu-toolchain/bin/../lib/gcc/arm-none-eabi/6.3.1/../../../../arm-none-eabi/lib/thumb/v7-m\libc.a(lib_a-readr.o)
 .ARM.attributes
                0x00000d55       0x2d c:/program files (x86)/atmel/studio/7.0/toolchain/arm/arm-gnu-toolchain/bin/../lib/gcc/arm-none-eabi/6.3.1/../../../../arm-none-eabi/lib/thumb/v7-m\libc.a(lib_a-reent.o)
 .ARM.attributes
                0x00000d82       0x1d c:/program files (x86)/atmel/studio/7.0/toolchain/arm/arm-gnu-toolchain/bin/../lib/gcc/arm-none-eabi/6.3.1/thumb/v7-m\libgcc.a(_aeabi_uldivmod.o)
 .ARM.attributes
                0x00000d9f       0x2d c:/program files (x86)/atmel/studio/7.0/toolchain/arm/arm-gnu-toolchain/bin/../lib/gcc/arm-none-eabi/6.3.1/thumb/v7-m\libgcc.a(_udivmoddi4.o)
 .ARM.attributes
                0x00000dcc       0x1d c:/program files (x86)/atmel/studio/7.0/toolchain/arm/arm-gnu-toolchain/bin/../lib/gcc/arm-none-eabi/6.3.1/thumb/v7-m\libgcc.a(_dvmd_tls.o)
 .ARM.attributes
                0x00000de9       0x1d c:/program files (x86)/atmel/studio/7.0/toolchain/arm/arm-gnu-toolchain/bin/../lib/gcc/arm-none-eabi/6.3.1/thumb/v7-m/crtn.o

.comment        0x00000000       0x59
 .comment       0x00000000       0x59 src/ASF/thirdparty/freertos/freertos-7.3.0/source/list.o
                                 0x5a (size before relaxing)
 .comment       0x00000059       0x5a src/ASF/thirdparty/freertos/freertos-7.3.0/source/portable/gcc/sam/port.o
 .comment       0x00000059       0x5a src/ASF/thirdparty/freertos/freertos-7.3.0/source/portable/memmang/heap_4.o
 .comment       0x00000059       0x5a src/ASF/thirdparty/freertos/freertos-7.3.0/source/queue.o
 .comment       0x00000059       0x5a src/ASF/thirdparty/freertos/freertos-7.3.0/source/tasks.o
 .comment       0x00000059       0x5a src/ASF/thirdparty/freertos/freertos-7.3.0/source/timers.o
 .comment       0x00000059       0x5a src/task_i2c.o
 .comment       0x00000059       0x5a src/test.o
 .comment       0x00000059       0x5a src/ASF/common/utils/stdio/read.o
 .comment       0x00000059       0x5a src/ASF/sam/drivers/twi/twi.o
 .comment       0x00000059       0x5a src/ASF/sam/drivers/usart/usart.o
 .comment       0x00000059       0x5a src/ASF/thirdparty/wireless/addons/sio2host/uart/sio2host.o
 .comment       0x00000059       0x5a src/I2CFunctions.o
 .comment       0x00000059       0x5a src/ASF/common/utils/stdio/write.o
 .comment       0x00000059       0x5a src/ASF/common/services/serial/usart_serial.o
 .comment       0x00000059       0x5a src/ASF/sam/drivers/uart/uart.o
 .comment       0x00000059       0x5a src/ASF/common/services/clock/sam3x/sysclk.o
 .comment       0x00000059       0x5a src/ASF/common/utils/interrupt/interrupt_sam_nvic.o
 .comment       0x00000059       0x5a src/ASF/sam/boards/arduino_due_x/init.o
 .comment       0x00000059       0x5a src/ASF/sam/drivers/pio/pio.o
 .comment       0x00000059       0x5a src/ASF/sam/drivers/pio/pio_handler.o
 .comment       0x00000059       0x5a src/ASF/sam/drivers/pmc/pmc.o
 .comment       0x00000059       0x5a src/ASF/sam/utils/cmsis/sam3x/source/templates/exceptions.o
 .comment       0x00000059       0x5a src/ASF/sam/utils/cmsis/sam3x/source/templates/gcc/startup_sam3x.o
 .comment       0x00000059       0x5a src/ASF/sam/utils/cmsis/sam3x/source/templates/system_sam3x.o
 .comment       0x00000059       0x5a src/ASF/sam/utils/syscalls/gcc/syscalls.o
 .comment       0x00000059       0x5a src/main.o

.debug_info     0x00000000    0x1eee2
 .debug_info    0x00000000      0xbbd src/ASF/thirdparty/freertos/freertos-7.3.0/source/list.o
 .debug_info    0x00000bbd      0xcbd src/ASF/thirdparty/freertos/freertos-7.3.0/source/portable/gcc/sam/port.o
 .debug_info    0x0000187a      0xcb1 src/ASF/thirdparty/freertos/freertos-7.3.0/source/portable/memmang/heap_4.o
 .debug_info    0x0000252b     0x1b63 src/ASF/thirdparty/freertos/freertos-7.3.0/source/queue.o
 .debug_info    0x0000408e     0x243f src/ASF/thirdparty/freertos/freertos-7.3.0/source/tasks.o
 .debug_info    0x000064cd      0xcb5 src/ASF/thirdparty/freertos/freertos-7.3.0/source/timers.o
 .debug_info    0x00007182      0xccb src/task_i2c.o
 .debug_info    0x00007e4d     0x1a05 src/test.o
 .debug_info    0x00009852      0xac9 src/ASF/common/utils/stdio/read.o
 .debug_info    0x0000a31b     0x1452 src/ASF/sam/drivers/twi/twi.o
 .debug_info    0x0000b76d     0x24e6 src/ASF/sam/drivers/usart/usart.o
 .debug_info    0x0000dc53     0x19a3 src/ASF/thirdparty/wireless/addons/sio2host/uart/sio2host.o
 .debug_info    0x0000f5f6     0x111a src/I2CFunctions.o
 .debug_info    0x00010710      0xac6 src/ASF/common/utils/stdio/write.o
 .debug_info    0x000111d6     0x113c src/ASF/common/services/serial/usart_serial.o
 .debug_info    0x00012312     0x119e src/ASF/sam/drivers/uart/uart.o
 .debug_info    0x000134b0     0x11ad src/ASF/common/services/clock/sam3x/sysclk.o
 .debug_info    0x0001465d      0xb01 src/ASF/common/utils/interrupt/interrupt_sam_nvic.o
 .debug_info    0x0001515e     0x10f4 src/ASF/sam/boards/arduino_due_x/init.o
 .debug_info    0x00016252     0x1c61 src/ASF/sam/drivers/pio/pio.o
 .debug_info    0x00017eb3     0x17be src/ASF/sam/drivers/pio/pio_handler.o
 .debug_info    0x00019671     0x19df src/ASF/sam/drivers/pmc/pmc.o
 .debug_info    0x0001b050      0xa39 src/ASF/sam/utils/cmsis/sam3x/source/templates/exceptions.o
 .debug_info    0x0001ba89      0xd1b src/ASF/sam/utils/cmsis/sam3x/source/templates/gcc/startup_sam3x.o
 .debug_info    0x0001c7a4      0xdc2 src/ASF/sam/utils/cmsis/sam3x/source/templates/system_sam3x.o
 .debug_info    0x0001d566      0xdb0 src/ASF/sam/utils/syscalls/gcc/syscalls.o
 .debug_info    0x0001e316      0xbcc src/main.o

.debug_abbrev   0x00000000     0x4b0b
 .debug_abbrev  0x00000000      0x221 src/ASF/thirdparty/freertos/freertos-7.3.0/source/list.o
 .debug_abbrev  0x00000221      0x340 src/ASF/thirdparty/freertos/freertos-7.3.0/source/portable/gcc/sam/port.o
 .debug_abbrev  0x00000561      0x32d src/ASF/thirdparty/freertos/freertos-7.3.0/source/portable/memmang/heap_4.o
 .debug_abbrev  0x0000088e      0x359 src/ASF/thirdparty/freertos/freertos-7.3.0/source/queue.o
 .debug_abbrev  0x00000be7      0x3a8 src/ASF/thirdparty/freertos/freertos-7.3.0/source/tasks.o
 .debug_abbrev  0x00000f8f      0x28a src/ASF/thirdparty/freertos/freertos-7.3.0/source/timers.o
 .debug_abbrev  0x00001219      0x22b src/task_i2c.o
 .debug_abbrev  0x00001444      0x3b0 src/test.o
 .debug_abbrev  0x000017f4      0x1fe src/ASF/common/utils/stdio/read.o
 .debug_abbrev  0x000019f2      0x371 src/ASF/sam/drivers/twi/twi.o
 .debug_abbrev  0x00001d63      0x406 src/ASF/sam/drivers/usart/usart.o
 .debug_abbrev  0x00002169      0x3ea src/ASF/thirdparty/wireless/addons/sio2host/uart/sio2host.o
 .debug_abbrev  0x00002553      0x319 src/I2CFunctions.o
 .debug_abbrev  0x0000286c      0x1e9 src/ASF/common/utils/stdio/write.o
 .debug_abbrev  0x00002a55      0x2b1 src/ASF/common/services/serial/usart_serial.o
 .debug_abbrev  0x00002d06      0x288 src/ASF/sam/drivers/uart/uart.o
 .debug_abbrev  0x00002f8e      0x330 src/ASF/common/services/clock/sam3x/sysclk.o
 .debug_abbrev  0x000032be      0x212 src/ASF/common/utils/interrupt/interrupt_sam_nvic.o
 .debug_abbrev  0x000034d0      0x262 src/ASF/sam/boards/arduino_due_x/init.o
 .debug_abbrev  0x00003732      0x3c7 src/ASF/sam/drivers/pio/pio.o
 .debug_abbrev  0x00003af9      0x329 src/ASF/sam/drivers/pio/pio_handler.o
 .debug_abbrev  0x00003e22      0x306 src/ASF/sam/drivers/pmc/pmc.o
 .debug_abbrev  0x00004128      0x1a4 src/ASF/sam/utils/cmsis/sam3x/source/templates/exceptions.o
 .debug_abbrev  0x000042cc      0x1f2 src/ASF/sam/utils/cmsis/sam3x/source/templates/gcc/startup_sam3x.o
 .debug_abbrev  0x000044be      0x1f4 src/ASF/sam/utils/cmsis/sam3x/source/templates/system_sam3x.o
 .debug_abbrev  0x000046b2      0x264 src/ASF/sam/utils/syscalls/gcc/syscalls.o
 .debug_abbrev  0x00004916      0x1f5 src/main.o

.debug_loc      0x00000000     0x847b
 .debug_loc     0x00000000       0xa8 src/ASF/thirdparty/freertos/freertos-7.3.0/source/list.o
 .debug_loc     0x000000a8      0x100 src/ASF/thirdparty/freertos/freertos-7.3.0/source/portable/gcc/sam/port.o
 .debug_loc     0x000001a8      0x3ff src/ASF/thirdparty/freertos/freertos-7.3.0/source/portable/memmang/heap_4.o
 .debug_loc     0x000005a7     0x1183 src/ASF/thirdparty/freertos/freertos-7.3.0/source/queue.o
 .debug_loc     0x0000172a     0x14ba src/ASF/thirdparty/freertos/freertos-7.3.0/source/tasks.o
 .debug_loc     0x00002be4      0x9f1 src/ASF/thirdparty/freertos/freertos-7.3.0/source/timers.o
 .debug_loc     0x000035d5       0xa6 src/task_i2c.o
 .debug_loc     0x0000367b      0x5e5 src/test.o
 .debug_loc     0x00003c60       0xb3 src/ASF/common/utils/stdio/read.o
 .debug_loc     0x00003d13      0xa21 src/ASF/sam/drivers/twi/twi.o
 .debug_loc     0x00004734     0x1062 src/ASF/sam/drivers/usart/usart.o
 .debug_loc     0x00005796      0x5b0 src/ASF/thirdparty/wireless/addons/sio2host/uart/sio2host.o
 .debug_loc     0x00005d46      0x263 src/I2CFunctions.o
 .debug_loc     0x00005fa9      0x12b src/ASF/common/utils/stdio/write.o
 .debug_loc     0x000060d4      0x2a7 src/ASF/common/services/serial/usart_serial.o
 .debug_loc     0x0000637b      0x241 src/ASF/sam/drivers/uart/uart.o
 .debug_loc     0x000065bc      0x183 src/ASF/common/services/clock/sam3x/sysclk.o
 .debug_loc     0x0000673f       0x70 src/ASF/sam/boards/arduino_due_x/init.o
 .debug_loc     0x000067af      0xacc src/ASF/sam/drivers/pio/pio.o
 .debug_loc     0x0000727b      0x569 src/ASF/sam/drivers/pio/pio_handler.o
 .debug_loc     0x000077e4      0xaeb src/ASF/sam/drivers/pmc/pmc.o
 .debug_loc     0x000082cf       0x6b src/ASF/sam/utils/cmsis/sam3x/source/templates/gcc/startup_sam3x.o
 .debug_loc     0x0000833a       0xfd src/ASF/sam/utils/syscalls/gcc/syscalls.o
 .debug_loc     0x00008437       0x44 src/main.o

.debug_aranges  0x00000000      0xea0
 .debug_aranges
                0x00000000       0x40 src/ASF/thirdparty/freertos/freertos-7.3.0/source/list.o
 .debug_aranges
                0x00000040       0x80 src/ASF/thirdparty/freertos/freertos-7.3.0/source/portable/gcc/sam/port.o
 .debug_aranges
                0x000000c0       0x40 src/ASF/thirdparty/freertos/freertos-7.3.0/source/portable/memmang/heap_4.o
 .debug_aranges
                0x00000100       0xd0 src/ASF/thirdparty/freertos/freertos-7.3.0/source/queue.o
 .debug_aranges
                0x000001d0      0x130 src/ASF/thirdparty/freertos/freertos-7.3.0/source/tasks.o
 .debug_aranges
                0x00000300       0x60 src/ASF/thirdparty/freertos/freertos-7.3.0/source/timers.o
 .debug_aranges
                0x00000360       0x20 src/task_i2c.o
 .debug_aranges
                0x00000380       0xb0 src/test.o
 .debug_aranges
                0x00000430       0x20 src/ASF/common/utils/stdio/read.o
 .debug_aranges
                0x00000450       0xc8 src/ASF/sam/drivers/twi/twi.o
 .debug_aranges
                0x00000518      0x2a8 src/ASF/sam/drivers/usart/usart.o
 .debug_aranges
                0x000007c0       0x60 src/ASF/thirdparty/wireless/addons/sio2host/uart/sio2host.o
 .debug_aranges
                0x00000820       0x38 src/I2CFunctions.o
 .debug_aranges
                0x00000858       0x20 src/ASF/common/utils/stdio/write.o
 .debug_aranges
                0x00000878       0x28 src/ASF/common/services/serial/usart_serial.o
 .debug_aranges
                0x000008a0       0xe8 src/ASF/sam/drivers/uart/uart.o
 .debug_aranges
                0x00000988       0x40 src/ASF/common/services/clock/sam3x/sysclk.o
 .debug_aranges
                0x000009c8       0x28 src/ASF/common/utils/interrupt/interrupt_sam_nvic.o
 .debug_aranges
                0x000009f0       0x20 src/ASF/sam/boards/arduino_due_x/init.o
 .debug_aranges
                0x00000a10      0x148 src/ASF/sam/drivers/pio/pio.o
 .debug_aranges
                0x00000b58       0x58 src/ASF/sam/drivers/pio/pio_handler.o
 .debug_aranges
                0x00000bb0      0x200 src/ASF/sam/drivers/pmc/pmc.o
 .debug_aranges
                0x00000db0       0x20 src/ASF/sam/utils/cmsis/sam3x/source/templates/exceptions.o
 .debug_aranges
                0x00000dd0       0x20 src/ASF/sam/utils/cmsis/sam3x/source/templates/gcc/startup_sam3x.o
 .debug_aranges
                0x00000df0       0x30 src/ASF/sam/utils/cmsis/sam3x/source/templates/system_sam3x.o
 .debug_aranges
                0x00000e20       0x60 src/ASF/sam/utils/syscalls/gcc/syscalls.o
 .debug_aranges
                0x00000e80       0x20 src/main.o

.debug_ranges   0x00000000      0xea0
 .debug_ranges  0x00000000       0x30 src/ASF/thirdparty/freertos/freertos-7.3.0/source/list.o
 .debug_ranges  0x00000030       0x70 src/ASF/thirdparty/freertos/freertos-7.3.0/source/portable/gcc/sam/port.o
 .debug_ranges  0x000000a0       0x30 src/ASF/thirdparty/freertos/freertos-7.3.0/source/portable/memmang/heap_4.o
 .debug_ranges  0x000000d0       0xd8 src/ASF/thirdparty/freertos/freertos-7.3.0/source/queue.o
 .debug_ranges  0x000001a8      0x1d0 src/ASF/thirdparty/freertos/freertos-7.3.0/source/tasks.o
 .debug_ranges  0x00000378       0xc0 src/ASF/thirdparty/freertos/freertos-7.3.0/source/timers.o
 .debug_ranges  0x00000438       0x10 src/task_i2c.o
 .debug_ranges  0x00000448       0xa0 src/test.o
 .debug_ranges  0x000004e8       0x10 src/ASF/common/utils/stdio/read.o
 .debug_ranges  0x000004f8       0xb8 src/ASF/sam/drivers/twi/twi.o
 .debug_ranges  0x000005b0      0x298 src/ASF/sam/drivers/usart/usart.o
 .debug_ranges  0x00000848       0x50 src/ASF/thirdparty/wireless/addons/sio2host/uart/sio2host.o
 .debug_ranges  0x00000898       0x40 src/I2CFunctions.o
 .debug_ranges  0x000008d8       0x10 src/ASF/common/utils/stdio/write.o
 .debug_ranges  0x000008e8       0x48 src/ASF/common/services/serial/usart_serial.o
 .debug_ranges  0x00000930       0xd8 src/ASF/sam/drivers/uart/uart.o
 .debug_ranges  0x00000a08       0x30 src/ASF/common/services/clock/sam3x/sysclk.o
 .debug_ranges  0x00000a38       0x18 src/ASF/common/utils/interrupt/interrupt_sam_nvic.o
 .debug_ranges  0x00000a50       0x10 src/ASF/sam/boards/arduino_due_x/init.o
 .debug_ranges  0x00000a60      0x150 src/ASF/sam/drivers/pio/pio.o
 .debug_ranges  0x00000bb0       0x60 src/ASF/sam/drivers/pio/pio_handler.o
 .debug_ranges  0x00000c10      0x1f0 src/ASF/sam/drivers/pmc/pmc.o
 .debug_ranges  0x00000e00       0x10 src/ASF/sam/utils/cmsis/sam3x/source/templates/exceptions.o
 .debug_ranges  0x00000e10       0x10 src/ASF/sam/utils/cmsis/sam3x/source/templates/gcc/startup_sam3x.o
 .debug_ranges  0x00000e20       0x20 src/ASF/sam/utils/cmsis/sam3x/source/templates/system_sam3x.o
 .debug_ranges  0x00000e40       0x50 src/ASF/sam/utils/syscalls/gcc/syscalls.o
 .debug_ranges  0x00000e90       0x10 src/main.o

.debug_macro    0x00000000    0x1aa9f
 .debug_macro   0x00000000      0x17f src/ASF/thirdparty/freertos/freertos-7.3.0/source/list.o
 .debug_macro   0x0000017f       0x16 src/ASF/thirdparty/freertos/freertos-7.3.0/source/list.o
 .debug_macro   0x00000195      0x10e src/ASF/thirdparty/freertos/freertos-7.3.0/source/list.o
 .debug_macro   0x000002a3       0x86 src/ASF/thirdparty/freertos/freertos-7.3.0/source/list.o
 .debug_macro   0x00000329       0x16 src/ASF/thirdparty/freertos/freertos-7.3.0/source/list.o
 .debug_macro   0x0000033f       0x29 src/ASF/thirdparty/freertos/freertos-7.3.0/source/list.o
 .debug_macro   0x00000368      0x101 src/ASF/thirdparty/freertos/freertos-7.3.0/source/list.o
 .debug_macro   0x00000469      0x69f src/ASF/thirdparty/freertos/freertos-7.3.0/source/portable/gcc/sam/port.o
 .debug_macro   0x00000b08       0x87 src/ASF/thirdparty/freertos/freertos-7.3.0/source/portable/gcc/sam/port.o
 .debug_macro   0x00000b8f       0x51 src/ASF/thirdparty/freertos/freertos-7.3.0/source/portable/gcc/sam/port.o
 .debug_macro   0x00000be0      0x64b src/ASF/thirdparty/freertos/freertos-7.3.0/source/portable/gcc/sam/port.o
 .debug_macro   0x0000122b       0x34 src/ASF/thirdparty/freertos/freertos-7.3.0/source/portable/gcc/sam/port.o
 .debug_macro   0x0000125f       0x76 src/ASF/thirdparty/freertos/freertos-7.3.0/source/portable/gcc/sam/port.o
 .debug_macro   0x000012d5       0x16 src/ASF/thirdparty/freertos/freertos-7.3.0/source/portable/gcc/sam/port.o
 .debug_macro   0x000012eb      0x6e4 src/ASF/thirdparty/freertos/freertos-7.3.0/source/portable/gcc/sam/port.o
 .debug_macro   0x000019cf       0x26 src/ASF/thirdparty/freertos/freertos-7.3.0/source/portable/gcc/sam/port.o
 .debug_macro   0x000019f5       0x3a src/ASF/thirdparty/freertos/freertos-7.3.0/source/portable/gcc/sam/port.o
 .debug_macro   0x00001a2f       0x2d src/ASF/thirdparty/freertos/freertos-7.3.0/source/portable/gcc/sam/port.o
 .debug_macro   0x00001a5c      0xbb1 src/ASF/thirdparty/freertos/freertos-7.3.0/source/portable/gcc/sam/port.o
 .debug_macro   0x0000260d      0xab6 src/ASF/thirdparty/freertos/freertos-7.3.0/source/portable/gcc/sam/port.o
 .debug_macro   0x000030c3      0x569 src/ASF/thirdparty/freertos/freertos-7.3.0/source/portable/gcc/sam/port.o
 .debug_macro   0x0000362c      0x2b5 src/ASF/thirdparty/freertos/freertos-7.3.0/source/portable/gcc/sam/port.o
 .debug_macro   0x000038e1      0x31a src/ASF/thirdparty/freertos/freertos-7.3.0/source/portable/gcc/sam/port.o
 .debug_macro   0x00003bfb      0x74f src/ASF/thirdparty/freertos/freertos-7.3.0/source/portable/gcc/sam/port.o
 .debug_macro   0x0000434a       0x82 src/ASF/thirdparty/freertos/freertos-7.3.0/source/portable/gcc/sam/port.o
 .debug_macro   0x000043cc      0x57b src/ASF/thirdparty/freertos/freertos-7.3.0/source/portable/gcc/sam/port.o
 .debug_macro   0x00004947       0x1c src/ASF/thirdparty/freertos/freertos-7.3.0/source/portable/gcc/sam/port.o
 .debug_macro   0x00004963      0x6b7 src/ASF/thirdparty/freertos/freertos-7.3.0/source/portable/gcc/sam/port.o
 .debug_macro   0x0000501a      0x52d src/ASF/thirdparty/freertos/freertos-7.3.0/source/portable/gcc/sam/port.o
 .debug_macro   0x00005547       0xbe src/ASF/thirdparty/freertos/freertos-7.3.0/source/portable/gcc/sam/port.o
 .debug_macro   0x00005605     0x2342 src/ASF/thirdparty/freertos/freertos-7.3.0/source/portable/gcc/sam/port.o
 .debug_macro   0x00007947      0x85d src/ASF/thirdparty/freertos/freertos-7.3.0/source/portable/gcc/sam/port.o
 .debug_macro   0x000081a4      0xdc9 src/ASF/thirdparty/freertos/freertos-7.3.0/source/portable/gcc/sam/port.o
 .debug_macro   0x00008f6d       0x7c src/ASF/thirdparty/freertos/freertos-7.3.0/source/portable/gcc/sam/port.o
 .debug_macro   0x00008fe9      0x263 src/ASF/thirdparty/freertos/freertos-7.3.0/source/portable/gcc/sam/port.o
 .debug_macro   0x0000924c       0x58 src/ASF/thirdparty/freertos/freertos-7.3.0/source/portable/gcc/sam/port.o
 .debug_macro   0x000092a4      0x9a7 src/ASF/thirdparty/freertos/freertos-7.3.0/source/portable/gcc/sam/port.o
 .debug_macro   0x00009c4b      0x248 src/ASF/thirdparty/freertos/freertos-7.3.0/source/portable/gcc/sam/port.o
 .debug_macro   0x00009e93      0x4df src/ASF/thirdparty/freertos/freertos-7.3.0/source/portable/gcc/sam/port.o
 .debug_macro   0x0000a372      0x6b3 src/ASF/thirdparty/freertos/freertos-7.3.0/source/portable/gcc/sam/port.o
 .debug_macro   0x0000aa25      0x59f src/ASF/thirdparty/freertos/freertos-7.3.0/source/portable/gcc/sam/port.o
 .debug_macro   0x0000afc4       0x46 src/ASF/thirdparty/freertos/freertos-7.3.0/source/portable/gcc/sam/port.o
 .debug_macro   0x0000b00a      0x34d src/ASF/thirdparty/freertos/freertos-7.3.0/source/portable/gcc/sam/port.o
 .debug_macro   0x0000b357      0x28c src/ASF/thirdparty/freertos/freertos-7.3.0/source/portable/gcc/sam/port.o
 .debug_macro   0x0000b5e3     0x14d7 src/ASF/thirdparty/freertos/freertos-7.3.0/source/portable/gcc/sam/port.o
 .debug_macro   0x0000caba      0x7ba src/ASF/thirdparty/freertos/freertos-7.3.0/source/portable/gcc/sam/port.o
 .debug_macro   0x0000d274       0x76 src/ASF/thirdparty/freertos/freertos-7.3.0/source/portable/gcc/sam/port.o
 .debug_macro   0x0000d2ea       0x82 src/ASF/thirdparty/freertos/freertos-7.3.0/source/portable/gcc/sam/port.o
 .debug_macro   0x0000d36c       0x76 src/ASF/thirdparty/freertos/freertos-7.3.0/source/portable/gcc/sam/port.o
 .debug_macro   0x0000d3e2       0x4c src/ASF/thirdparty/freertos/freertos-7.3.0/source/portable/gcc/sam/port.o
 .debug_macro   0x0000d42e      0x105 src/ASF/thirdparty/freertos/freertos-7.3.0/source/portable/gcc/sam/port.o
 .debug_macro   0x0000d533      0x105 src/ASF/thirdparty/freertos/freertos-7.3.0/source/portable/gcc/sam/port.o
 .debug_macro   0x0000d638      0x105 src/ASF/thirdparty/freertos/freertos-7.3.0/source/portable/gcc/sam/port.o
 .debug_macro   0x0000d73d       0x88 src/ASF/thirdparty/freertos/freertos-7.3.0/source/portable/gcc/sam/port.o
 .debug_macro   0x0000d7c5       0x88 src/ASF/thirdparty/freertos/freertos-7.3.0/source/portable/gcc/sam/port.o